---
source: src/tui/view/ui/render_snapshot_tests.rs
expression: text
---
sbom-tools  VIEW  │ acme-webapp │ CycloneDX 1.5 │ [SBOM]

« [4] Licenses  │ [5] Deps  │ [6] Quality  │ [7] Compliance  │ [8] Source

────────────────────────────────────────────────────────────────────────────────
Group:  License   │  [g] toggle  [Enter] ins┌ License Details ─────────────────┐
✓ 8  ⚠ 0  ? 1  │  3 ┌ Legend ──────────────────────────────┐                   ▲
                    │━━━ Color & Symbol Legend ━━━         │                   █
┌ Licenses (3) ─────│                                      │ssive              █
│  License          │Vulnerability Severity                │                   █
│▶ MIT              │  C ■ Critical (CVSS 9.0-10.0)        │                   █
│  Apache-2.0       │  H ■ High     (CVSS 7.0-8.9)         │                   █
│  Unknown          │  M ■ Medium   (CVSS 4.0-6.9)         │                   █
│                   │  L ■ Low      (CVSS 0.1-3.9)         │:                  █
│                   │                                      │e allowed          █
│                   │License Categories                    │allowed            █
│                   │  ✓ ■ Permissive  (MIT, Apache, BSD)  │allowed            █
│                   │  © ■ Copyleft    (GPL, AGPL)         │                   █
│                   │  ◐ ■ Weak Copyleft (LGPL, MPL)       │e-alike            █
│                   │  ⊘ ■ Proprietary (Commercial)        │                   █
│                   │                                      │1/7)               █
│                   │Press any key to close                │ component  [K/J]  █
│                   │                                      │                   ║
│                   └──────────────────────────────────────┘                   ║
│                                          ││L dayjs@1.11.7                    ║
│                                          ││L express@4.18.2                  ║
│                                          ││L lodash@4.17.21                  ▼
└──────────────────────────────────────────┘└──────────────────────────────────┘
 Components: 9 │ Vulns: 0 │ Licenses: 3
…  g group │  Tab switch  / search  e export  ? help  q quit [y] copy Apache-2.0
