---
source: src/tui/view/ui/render_snapshot_tests.rs
expression: text
---
sbom-tools  VIEW  │ acme-webapp │ CycloneDX 1.5 │ [SBOM]

« [3] Dependencies  │ [4] Licenses  │ [5] Vulnerabilities  │ [6] Quality  »

────────────────────────────────────────────────────────────────────────────────
[/] search  [x] expand all  [X] collapse all┌ Stats & Info ────────────────────┐
                                            │Components: 9  Edges: 2  Roots: 7 │
┌ Dependency Tree (9 nodes) ───────────────┐│Depth: 1                          │
│▶ · acme-webapp@2.0.0                     ││Relationships: 2 depends-on       │
│  · axios@1.4.0 [C]1                      ││                                  │
│  · dayjs@1.11.7                          ││Vulnerabilities:  22.2% affected  │
│  ▼ express@4.18.2 [H]1                   ││ [C] Critical    1 █              │
│  │  └─ · lodash@4.17.21                  ││ [H] High        1 █              │
│  ▼ prisma@4.15.0                         ││ [✓] Clean       7 ██████████     │
│  │  └─ · typescript@5.0.4                ││────────────────────────────      │
│  · react@18.2.0                          ││acme-webapp  [APP]  Root          │
│  · zod@3.21.4                            ││2.0.0                             │
│                                          ││Dependencies: 0  │  Depth: 0      │
│                                          ││                                  │
│                                          ││                                  │
│                                          ││                                  │
└──────────────────────────────────────────┘└──────────────────────────────────┘
 Components: 9 │ Vulns: 2 (1C/1H) │ Licenses: 2
     …  Tab switch  / search  e export  ? help  q quit [y] copy acme-webapp
