---
source: src/tui/view/ui/render_snapshot_tests.rs
expression: text
---
sbom-tools  VIEW  │ acme-webapp │ CycloneDX 1.5 │ [SBOM]

[1] Overview  │ [2] Components  │ [3] Dependencies  │ [4] Licenses  »

────────────────────────────────────────────────────────────────────────────────
┌ Components ─┐┌ Vulns ─────┐┌ Licenses ───┐┌ Document Info ───────────────────┐
│      9      ││      2     ││      2      ││Name:    acme-webapp              │
│ Components  ││    Vulns   ││  Licenses   ││Format:   CycloneDX 1.5           │
│2 ecosystems ││ 1C 1H 0M 0L││  1 unknown  ││Created: 2024-06-15 10:00:00      │
└─────────────┘└────────────┘└─────────────┘│[e] Export…                       │
┌ Statistics ──────────────────────────────┐└──────────────────────────────────┘
│── Vulnerability Severity ──              │┌ Top Vulnerable Components (2) ───┐
│  Critical ██████████░░░░░░░░░░    1 (50%)││Component            CVEs Max Sev │
│      High ██████████░░░░░░░░░░    1 (50%)││express              1    High    │
│    Medium ░░░░░░░░░░░░░░░░░░░░    0 ( 0%)││axios                1    Critical│
│       Low ░░░░░░░░░░░░░░░░░░░░    0 ( 0%)│└──────────────────────────────────┘
│── End-of-Life Status ──                  │┌ Top Depended-On Components (2) ──┐
│       EOL ████░░░░░░░░░░░░░░░░    2 (22%)││Component            Deps   Vulns │
│  Near EOL ██░░░░░░░░░░░░░░░░░░    1 (11%)││lodash               1      0     │
│  Sec Only ██░░░░░░░░░░░░░░░░░░    1 (11%)││typescript           1      0     │
│ Supported █████████████████░░░    8 (88%)││                                  │
└──────────────────────────────────────────┘└──────────────────────────────────┘
 Components: 9 │ Vulns: 2 (1C/1H) │ Licenses: 2
        P cycle profile │  Tab switch  / search  e export  ? help  q quit
