---
source: src/tui/view/ui/render_snapshot_tests.rs
expression: text
---
sbom-tools  VIEW  │ SBOM │ CycloneDX  │ [SBOM]

« [3] Dependencies  │ [4] Licenses  │ [5] Vulnerabilities  │ [6] Quality  │ [7] Compliance  │ [8] Source

────────────────────────────────────────────────────────────────────────────────────────────────────────────────────────
┌────────────────────────────┐┌────────────────────────────┐┌────────────────────────────┐┌────────────────────────────┐
│          CRITICAL          ││            HIGH            ││           MEDIUM           ││             LOW            │
│              1             ││              1             ││              0             ││              0             │
│ █████████████░░░░░░░░░░░░░ ││ █████████████░░░░░░░░░░░░░ ││ ░░░░░░░░░░░░░░░░░░░░░░░░░░ ││ ░░░░░░░░░░░░░░░░░░░░░░░░░░ │
└────────────────────────────┘└────────────────────────────┘└────────────────────────────┘└────────────────────────────┘
⚡  KEV 1 [K] · Fixable 1 · EPSS≥10% 1
Filter:  All  KEV:  Off  Sort:  Severity  Dedupe:  On  Group:  Component
[f] filter [K] kev [s] sort [d] dedupe [g] group [E/C] fold [}/{] group jump
┌ Vulnerabilities (1 of 2) ──────────────────────────────────────┐┌ Group Details ─────────────────────────────────────┐
│     Vuln ID                Fix            CWE                  ││kev-lib  (1 vulnerability)                          │
│▶    ├─▶ kev-lib (1)                                            ││                                                    │
│     └─▶ fix-lib (1)                                            ││CVEs (1):                                           │
│                                                                ││ C       CVE-2024-0001 KEV                          │
│                                                                ││                                                    │
│                                                                ││                                                    │
│                                                                ││                                                    │
│                                                                ││                                                    │
│                                                                ││                                                    │
│                                                                ││                                                    │
│                                                                ││                                                    │
│                                                                ││                                                    │
│                                                                ││                                                    │
│                                                                ││                                                    │
│                                                                ││                                                    │
│                                                                ││                                                    │
│                                                                ││                                                    │
│                                                                ││                                                    │
│                                                                ││                                                    │
│                                                                ││                                                    │
│                                                                ││                                                    │
│                                                                ││                                                    │
│                                                                ││                                                    │
└────────────────────────────────────────────────────────────────┘└────────────────────────────────────────────────────┘
 Components: 2 │ Vulns: 2 (1C/1H) │ Licenses: 0
  f filter  s sort  g group  d dedup  Enter component │  Tab switch  / search  e export  ? help  q quit [y] copy kev-lib
