---
source: src/tui/view/ui/render_snapshot_tests.rs
expression: text
---
sbom-tools  VIEW  │ acme-webapp │ CycloneDX 1.5 │ [SBOM]

« [3] Dependencies  │ [4] Licenses  │ [5] Vulnerabilities  │ [6] Quality  │ [7] Compliance  │ [8] Source

────────────────────────────────────────────────────────────────────────────────────────────────────────────────────────
[/] search  [x] expand all  [X] collapse all  [c] component …     ┌ Stats & Info ──────────────────────────────────────┐
                                                                  │Components: 9  Edges: 2  Roots: 7  Depth: 1         │
┌ Dependency Tree (9 nodes) ─────────────────────────────────────┐│Relationships: 2 depends-on                         │
│▶ · acme-webapp@2.0.0                                           ││                                                    │
│  · axios@1.4.0 [C]1                                            ││Vulnerabilities:  22.2% affected                    │
│  · dayjs@1.11.7                                                ││ [C] Critical    1 ████                             │
│  ▼ express@4.18.2 [H]1                                         ││ [H] High        1 ████                             │
│  │  └─ · lodash@4.17.21                                        ││ [✓] Clean       7 ████████████████████████████     │
│  ▼ prisma@4.15.0                                               ││──────────────────────────────────────────────      │
│  │  └─ · typescript@5.0.4                                      ││acme-webapp  [APP]  Root                            │
│  · react@18.2.0                                                ││2.0.0                                               │
│  · zod@3.21.4                                                  ││Dependencies: 0  │  Depth: 0                        │
│                                                                ││                                                    │
│                                                                ││                                                    │
│                                                                ││                                                    │
│                                                                ││                                                    │
│                                                                ││                                                    │
│                                                                ││                                                    │
│                                                                ││                                                    │
│                                                                ││                                                    │
│                                                                ││                                                    │
│                                                                ││                                                    │
│                                                                ││                                                    │
│                                                                ││                                                    │
│                                                                ││                                                    │
│                                                                ││                                                    │
│                                                                ││                                                    │
│                                                                ││                                                    │
│                                                                ││                                                    │
│                                                                ││                                                    │
│                                                                ││                                                    │
│                                                                ││                                                    │
└────────────────────────────────────────────────────────────────┘└────────────────────────────────────────────────────┘
 Components: 9 │ Vulns: 2 (1C/1H) │ Licenses: 2
…  Enter expand/inspect  ← collapse  x/X fold all │  Tab switch  / search  e export  ? help  q quit [y] copy acme-webapp
