---
source: src/tui/view/ui/render_snapshot_tests.rs
expression: text
---
sbom-tools  VIEW  │ acme-webapp │ CycloneDX 1.5 │ [SBOM]

[1] Overview  │ [2] Components  │ [3] Dependencies  │ [4] Licenses  »

────────────────────────────────────────────────────────────────────────────────
┌ Components ─┐┌ Vulns ─────┐┌ Licenses ───┐┌ Document Info ───────────────────┐
│      9      ││      2     ││      2      ││Name:    acme-webapp              │
│ Components  ││    Vulns   ││  Licenses   ││Format:   CycloneDX 1.5           │
│2 ecosystems ││ 1C 1H 0M 0L││  1 unknown  ││Created: 2024-06-15 10:00:00      │
└─────────────┘└────────────┘└─────────────┘│[e] Export…                       │
┌ Statistics ──────────────────────────────┐└──────────────────────────────────┘
│── Vulnerability Severity ──              │┌ Top Vulnerable Components (2) ───┐
│  Critical ██████████░░░░░░░░░░    1 (50%)││Component            CVEs Max Sev │
│      High ██████████░░░░░░░░░░    1 (50%)││express              1    High    │
│    Medium ░░░░░░░░░░░░░░░░░░░░    0 ( 0%)││axios                1    Critical│
│       Low ░░░░░░░░░░░░░░░░░░░░    0 ( 0%)│└──────────────────────────────────┘
│── Ecosystems ──                          │┌ Top Depended-On Components (2) ──┐
│      Other: 2 ecosystems (9 components)  ││Component            Deps   Vulns │
│── Licenses ──                            ││lodash               1      0     │
│      Other: 2 licenses (8 components)    ││typescript           1      0     │
│ ┌ Search (0 results) [↑↓] select [Enter] go [^R] regex [Esc] cancel ───────┐ │
└─│/ [regex] ((│  (invalid pattern)                                          │─┘
 C└──────────────────────────────────────────────────────────────────────────┘
        P cycle profile │  Tab switch  / search  e export  ? help  q quit
