---
source: src/tui/view/ui/render_snapshot_tests.rs
expression: text
---
sbom-tools  VIEW  │ quantum-ready-app │ CycloneDX 1.7 │ [CBOM]

« [3] Certs  │ [4] Keys  │ [5] Protocols  │ [6] Quality  │ [7] PQC Compliance  »

────────────────────────────────────────────────────────────────────────────────
┌ Certificates (1) ────────────────┐┌ Certificate Detail ──────────────────────┐
│✓ quantum-ready-app.example.com  2││Name: quantum-ready-app.example.com       │
│                                  ││                                          │
│                                  ││Subject:    CN =                          │
│                                  ││quantum-ready-app.example.com, O = Acme   │
│                                  ││Corp, C = US                              │
│                                  ││Issuer:     CN = Acme PQC CA, O = Acme    │
│                                  ││Corp, C = US                              │
│                                  ││                                          │
│                                  ││Valid From: 2026-01-01                    │
│                                  ││Valid To:   2028-01-01                    │
│                                  ││Remaining:  [N] days   │
│                                  ││                                          │
│                                  ││Format:     X.509                         │
│                                  ││Sig Algo:   crypto/algorithm/ml-dsa-87    │
│                                  ││Public Key: crypto/key/pqc-pubkey         │
└──────────────────────────────────┘└──────────────────────────────────────────┘
 Algo: 11 │ Certs: 1 │ Keys: 2 │ Quantum: 82%
     …  Tab switch  / search  e export  ? help  q quit [y] copy ML-KEM-1024
