---
source: src/tui/view/ui/render_snapshot_tests.rs
expression: text
---
sbom-tools  VIEW  │ quantum-ready-app │ CycloneDX 1.7 │ [CBOM]

[1] Overview  │ [2] Algorithms  │ [3] Certs  │ [4] Keys  │ [5] Protocols  │ [6] Quality  │ [7] PQC Compliance  »

────────────────────────────────────────────────────────────────────────────────────────────────────────────────────────
┌ Crypto Summary ──────────────────────────────────────────────────────────────────────────────────────────────────────┐
│ QVuln:2 WeakKeys:1 HybridPQC:1                                                                                       │
│ Algo:11 Cert:1 Key:2 Proto:2 | Quantum: 82% (9/11)                                                                   │
└──────────────────────────────────────────────────────────────────────────────────────────────────────────────────────┘
┌ Assets (16) ─────────────────────────────────────────────┐┌ Detail ──────────────────────────────────────────────────┐
│[ALG] Q ML-KEM-1024                                       ││Name: ML-KEM-1024                                         │
│[ALG] Q ML-KEM-768                                        ││Type: algorithm                                           │
│[ALG] Q ML-DSA-87                                         ││OID:  2.16.840.1.101.3.4.4.3                              │
│[ALG] Q ML-DSA-65                                         ││                                                          │
│[ALG] Q SLH-DSA-SHAKE-256s                                ││-- Algorithm Properties --                                │
│[ALG] Q AES-256-GCM                                       ││Primitive: kem                                            │
│[ALG] Q SHA-384                                           ││Family:    ML-KEM                                         │
│[ALG] V X25519                                            ││Params:    1024                                           │
│[ALG] Q X25519-ML-KEM-768                                 ││Security:  256 bits                                       │
│[ALG] V ECDSA-P521                                        ││Quantum:   Level 5 SAFE                                   │
│[ALG] Q XMSS                                              ││Functions: keygen, encapsulate, decapsulate               │
│[CRT]   quantum-ready-app.example.com                     ││Certified: fips140-3-l1                                   │
│[KEY]   ml-kem-1024-public-key                            ││Exec Env:  software-plain-ram                             │
│[KEY]   ml-dsa-87-signing-keypair                         ││Platform:  x86_64                                         │
│[PRT]   TLS 1.3 (PQC Hybrid)                              ││                                                          │
│[PRT]   IPsec IKEv2 (PQC)                                 ││                                                          │
│                                                          ││                                                          │
│                                                          ││                                                          │
│                                                          ││                                                          │
│                                                          ││                                                          │
│                                                          ││                                                          │
│                                                          ││                                                          │
│                                                          ││                                                          │
│                                                          ││                                                          │
│                                                          ││                                                          │
│                                                          ││                                                          │
│                                                          ││                                                          │
└──────────────────────────────────────────────────────────┘└──────────────────────────────────────────────────────────┘
 Algo: 11 │ Certs: 1 │ Keys: 2 │ Quantum: 82%
                           Tab switch  / search  e export  ? help  q quit [y] copy ML-KEM-1024
