---
source: src/tui/view/ui/render_snapshot_tests.rs
expression: text
---
sbom-tools  VIEW  │ acme-webapp │ CycloneDX 1.5 │ [SBOM]

« [4] Licenses  │ [5] Deps  │ [6] Quality  │ [7] Compliance  │ [8] Source

────────────────────────────────────────────────────────────────────────────────
┌ Compliance Standards (←/→ to switch) ────────────────────────────────────────┐
└──────────────────────────────────────────────────────────────────────────────┘
┌ NTIA Minimum Elements ───────────────────────────────┐┌ Summary ─────────────┐
└──────────────────────────────────────────────────────┘└──────────────────────┘
┌ Violations (grouped: 5 patterns, 21 total┐┌ Affected (9) K/J scroll ─────────┐
│Severi Catego Issue Pattern        Count  ││  Component  missing supplier/... █
│                                          ││  9 named                         █
│ERROR  Suppli Component  missing s 9      ││  ──────────────────────────────  █
│ERROR  Comp I Component  missing u 1      ││  zod                             █
│ERROR  Doc Me SBOM must have creat 1      ││  axios                           █
│ERROR  Deps   SBOM with multiple c 1      ││  dayjs                           █
│INFO   Format Component  may be mi 9      ││  react                           ║
│                                          ││  lodash                          ║
└──────────────────────────────────────────┘└──────────────────────────────────┘
┌──────────────────────────────────────────────────────────────────────────────┐
│←/→ standard  j/k navigate  Enter details  g view [Grouped]  f filter [All]  E│
└──────────────────────────────────────────────────────────────────────────────┘
 Components: 9 │ Vulns: 0 │ Licenses: 3
   …  f filter  ←→ standard │  Tab switch  / search  e export  ? help  q quit
