---
source: tests/golden_reports.rs
assertion_line: 151
expression: "render(&SarifReporter::new())"
---
{
  "$schema": "https://raw.githubusercontent.com/oasis-tcs/sarif-spec/master/Schemata/sarif-schema-2.1.0.json",
  "version": "[VERSION]",
  "runs": [
    {
      "tool": {
        "driver": {
          "name": "sbom-tools",
          "version": "[VERSION]",
          "informationUri": "https://github.com/binarly-io/sbom-tools",
          "rules": [
            {
              "id": "SBOM-TOOLS-001",
              "name": "ComponentAdded",
              "shortDescription": {
                "text": "A new component was added to the SBOM"
              },
              "defaultConfiguration": {
                "level": "note"
              }
            },
            {
              "id": "SBOM-TOOLS-002",
              "name": "ComponentRemoved",
              "shortDescription": {
                "text": "A component was removed from the SBOM"
              },
              "defaultConfiguration": {
                "level": "warning"
              }
            },
            {
              "id": "SBOM-TOOLS-003",
              "name": "VersionChanged",
              "shortDescription": {
                "text": "A component version was changed"
              },
              "defaultConfiguration": {
                "level": "note"
              }
            },
            {
              "id": "SBOM-TOOLS-004",
              "name": "LicenseChanged",
              "shortDescription": {
                "text": "A license was added or changed"
              },
              "defaultConfiguration": {
                "level": "warning"
              }
            },
            {
              "id": "SBOM-TOOLS-005",
              "name": "VulnerabilityIntroduced",
              "shortDescription": {
                "text": "A new vulnerability was introduced"
              },
              "defaultConfiguration": {
                "level": "error"
              }
            },
            {
              "id": "SBOM-TOOLS-006",
              "name": "VulnerabilityResolved",
              "shortDescription": {
                "text": "A vulnerability was resolved"
              },
              "defaultConfiguration": {
                "level": "note"
              }
            },
            {
              "id": "SBOM-TOOLS-007",
              "name": "SupplierChanged",
              "shortDescription": {
                "text": "A component supplier was changed"
              },
              "defaultConfiguration": {
                "level": "warning"
              }
            },
            {
              "id": "SBOM-TOOLS-008",
              "name": "MetadataChanged",
              "shortDescription": {
                "text": "A document-level metadata field was changed"
              },
              "defaultConfiguration": {
                "level": "note"
              }
            },
            {
              "id": "SBOM-EOL-001",
              "name": "ComponentEndOfLife",
              "shortDescription": {
                "text": "A component has reached end-of-life"
              },
              "defaultConfiguration": {
                "level": "error"
              }
            },
            {
              "id": "SBOM-EOL-002",
              "name": "ComponentApproachingEol",
              "shortDescription": {
                "text": "A component is approaching end-of-life"
              },
              "defaultConfiguration": {
                "level": "warning"
              }
            },
            {
              "id": "SBOM-CRA-SBOM-FRESHNESS",
              "name": "CraSbomFreshness",
              "shortDescription": {
                "text": "CRA Art. 13(7) / Annex I Part II (1): SBOM freshness — timely regeneration after changes"
              },
              "defaultConfiguration": {
                "level": "warning"
              },
              "helpUri": "https://eur-lex.europa.eu/eli/reg/2024/2847/oj/eng"
            },
            {
              "id": "SBOM-CRA-MACHINE-READABLE",
              "name": "CraMachineReadableFormat",
              "shortDescription": {
                "text": "CRA Annex I Part II (1): SBOM must be in a commonly used, machine-readable format (CycloneDX 1.4+, SPDX 2.3+, or SPDX 3.0+)"
              },
              "defaultConfiguration": {
                "level": "warning"
              },
              "helpUri": "https://eur-lex.europa.eu/eli/reg/2024/2847/oj/eng"
            },
            {
              "id": "SBOM-CRA-ART-13-17-CONTACT",
              "name": "CraVulnerabilityContact",
              "shortDescription": {
                "text": "CRA Art. 13(17): Single point of contact for vulnerability reporting (Annex I Part II (6), Annex II (2))"
              },
              "defaultConfiguration": {
                "level": "warning"
              },
              "helpUri": "https://eur-lex.europa.eu/eli/reg/2024/2847/oj/eng"
            },
            {
              "id": "SBOM-CRA-VULN-METADATA",
              "name": "CraVulnerabilityMetadata",
              "shortDescription": {
                "text": "CRA Annex I Part II (4): Vulnerability severity and remediation metadata completeness"
              },
              "defaultConfiguration": {
                "level": "warning"
              },
              "helpUri": "https://eur-lex.europa.eu/eli/reg/2024/2847/oj/eng"
            },
            {
              "id": "SBOM-CRA-ART-13-5",
              "name": "CraLicensedComponentTracking",
              "shortDescription": {
                "text": "CRA Art. 13(5): Third-party due diligence — license information for all components"
              },
              "defaultConfiguration": {
                "level": "warning"
              },
              "helpUri": "https://eur-lex.europa.eu/eli/reg/2024/2847/oj/eng"
            },
            {
              "id": "SBOM-CRA-CVD-POLICY",
              "name": "CraCoordinatedDisclosure",
              "shortDescription": {
                "text": "CRA Annex I Part II (5): Coordinated vulnerability disclosure policy reference"
              },
              "defaultConfiguration": {
                "level": "warning"
              },
              "helpUri": "https://eur-lex.europa.eu/eli/reg/2024/2847/oj/eng"
            },
            {
              "id": "SBOM-CRA-ART-13-8",
              "name": "CraSupportPeriod",
              "shortDescription": {
                "text": "CRA Art. 13(8) / 13(19): Support period and security update end date (Annex II (7))"
              },
              "defaultConfiguration": {
                "level": "note"
              },
              "helpUri": "https://eur-lex.europa.eu/eli/reg/2024/2847/oj/eng"
            },
            {
              "id": "SBOM-CRA-LIFECYCLE",
              "name": "CraComponentLifecycle",
              "shortDescription": {
                "text": "CRA Art. 13(8) / Annex II (7): Component lifecycle and end-of-support status"
              },
              "defaultConfiguration": {
                "level": "note"
              },
              "helpUri": "https://eur-lex.europa.eu/eli/reg/2024/2847/oj/eng"
            },
            {
              "id": "SBOM-CRA-ART-13-15-PRODUCT",
              "name": "CraProductIdentification",
              "shortDescription": {
                "text": "CRA Art. 13(15): Product identification (Annex II (3))"
              },
              "defaultConfiguration": {
                "level": "warning"
              },
              "helpUri": "https://eur-lex.europa.eu/eli/reg/2024/2847/oj/eng"
            },
            {
              "id": "SBOM-CRA-COMPONENT-VERSION",
              "name": "CraComponentVersion",
              "shortDescription": {
                "text": "CRA Annex I Part II (1): Component version identification"
              },
              "defaultConfiguration": {
                "level": "error"
              },
              "helpUri": "https://eur-lex.europa.eu/eli/reg/2024/2847/oj/eng"
            },
            {
              "id": "SBOM-CRA-ART-13-16",
              "name": "CraManufacturerIdentification",
              "shortDescription": {
                "text": "CRA Art. 13(16): Manufacturer identification and contact information (Annex II (1))"
              },
              "defaultConfiguration": {
                "level": "warning"
              },
              "helpUri": "https://eur-lex.europa.eu/eli/reg/2024/2847/oj/eng"
            },
            {
              "id": "SBOM-CRA-ART-13-16-EMAIL",
              "name": "CraManufacturerEmail",
              "shortDescription": {
                "text": "CRA Art. 13(16): Valid manufacturer contact email (Annex II (1))"
              },
              "defaultConfiguration": {
                "level": "warning"
              },
              "helpUri": "https://eur-lex.europa.eu/eli/reg/2024/2847/oj/eng"
            },
            {
              "id": "SBOM-CRA-COMPONENT-SUPPLIER",
              "name": "CraComponentSupplier",
              "shortDescription": {
                "text": "CRA Annex I Part II (1): Component supplier identification"
              },
              "defaultConfiguration": {
                "level": "warning"
              },
              "helpUri": "https://eur-lex.europa.eu/eli/reg/2024/2847/oj/eng"
            },
            {
              "id": "SBOM-CRA-VULN-STATEMENT",
              "name": "CraKnownVulnerabilities",
              "shortDescription": {
                "text": "CRA Annex I Part II (1): Documented vulnerability information — vulnerability data or assertion"
              },
              "defaultConfiguration": {
                "level": "note"
              },
              "helpUri": "https://eur-lex.europa.eu/eli/reg/2024/2847/oj/eng"
            },
            {
              "id": "SBOM-CRA-ANNEX-I",
              "name": "CraTechnicalDocumentation",
              "shortDescription": {
                "text": "CRA Annex I: Technical documentation (unique identifiers, dependencies, primary component)"
              },
              "defaultConfiguration": {
                "level": "warning"
              },
              "helpUri": "https://eur-lex.europa.eu/eli/reg/2024/2847/oj/eng"
            },
            {
              "id": "SBOM-CRA-DOC-INTEGRITY",
              "name": "CraDocumentIntegrity",
              "shortDescription": {
                "text": "CRA Annex I Part I (2)(f): Document integrity — serial number, hash, or digital signature"
              },
              "defaultConfiguration": {
                "level": "note"
              },
              "helpUri": "https://eur-lex.europa.eu/eli/reg/2024/2847/oj/eng"
            },
            {
              "id": "SBOM-CRA-ANNEX-V",
              "name": "CraDeclarationOfConformity",
              "shortDescription": {
                "text": "CRA Annex V: EU Declaration of Conformity reference"
              },
              "defaultConfiguration": {
                "level": "note"
              },
              "helpUri": "https://eur-lex.europa.eu/eli/reg/2024/2847/oj/eng"
            },
            {
              "id": "SBOM-CRA-GENERAL",
              "name": "CraGeneralRequirement",
              "shortDescription": {
                "text": "CRA general SBOM readiness requirement"
              },
              "defaultConfiguration": {
                "level": "warning"
              },
              "helpUri": "https://eur-lex.europa.eu/eli/reg/2024/2847/oj/eng"
            },
            {
              "id": "SBOM-CRA-PRE-8-RQ-02",
              "name": "CraHardwareInventory",
              "shortDescription": {
                "text": "CRA prEN 40000-1-3 [PRE-8-RQ-02]: Hardware components must be inventoried with producer, name, identifier, and firmware version"
              },
              "defaultConfiguration": {
                "level": "error"
              },
              "helpUri": "https://eur-lex.europa.eu/eli/reg/2024/2847/oj/eng"
            },
            {
              "id": "SBOM-CRA-PRE-7-RQ-07-RE",
              "name": "CraVendorHashCarryThrough",
              "shortDescription": {
                "text": "CRA prEN 40000-1-3 [PRE-7-RQ-07-RE]: Upstream vendor-supplied component hashes must be carried through into the SBOM"
              },
              "defaultConfiguration": {
                "level": "warning"
              },
              "helpUri": "https://eur-lex.europa.eu/eli/reg/2024/2847/oj/eng"
            },
            {
              "id": "SBOM-EUCC-PP",
              "name": "EuccProtectionProfile",
              "shortDescription": {
                "text": "EUCC (Reg. (EU) 2024/482): Common Criteria Protection Profile reference — sidecar eucc_protection_profile_id"
              },
              "defaultConfiguration": {
                "level": "error"
              },
              "helpUri": "https://eur-lex.europa.eu/eli/reg_impl/2024/482/oj/eng"
            },
            {
              "id": "SBOM-EUCC-TOE",
              "name": "EuccTargetOfEvaluation",
              "shortDescription": {
                "text": "EUCC (Reg. (EU) 2024/482): Target of Evaluation reference — sidecar eucc_target_of_evaluation"
              },
              "defaultConfiguration": {
                "level": "error"
              },
              "helpUri": "https://eur-lex.europa.eu/eli/reg_impl/2024/482/oj/eng"
            },
            {
              "id": "SBOM-EUCC-ITSEF",
              "name": "EuccItsefIdentifier",
              "shortDescription": {
                "text": "EUCC (Reg. (EU) 2024/482): ITSEF (IT Security Evaluation Facility) identifier — sidecar eucc_itsef_identifier"
              },
              "defaultConfiguration": {
                "level": "error"
              },
              "helpUri": "https://eur-lex.europa.eu/eli/reg_impl/2024/482/oj/eng"
            },
            {
              "id": "SBOM-EUCC-VALIDITY",
              "name": "EuccCertificateValidity",
              "shortDescription": {
                "text": "EUCC (Reg. (EU) 2024/482): certificate valid-until date present, not expired, not near expiry — sidecar eucc_valid_until"
              },
              "defaultConfiguration": {
                "level": "error"
              },
              "helpUri": "https://eur-lex.europa.eu/eli/reg_impl/2024/482/oj/eng"
            },
            {
              "id": "SBOM-EUCC-CERTREF",
              "name": "EuccCertificationReference",
              "shortDescription": {
                "text": "EUCC (Reg. (EU) 2024/482): Certification/Attestation external reference to an EUCC certificate (recommended)"
              },
              "defaultConfiguration": {
                "level": "warning"
              },
              "helpUri": "https://eur-lex.europa.eu/eli/reg_impl/2024/482/oj/eng"
            },
            {
              "id": "SBOM-BSI-TR-03183-2-4",
              "name": "BsiTr03183FormatEligibility",
              "shortDescription": {
                "text": "BSI TR-03183-2 v[VERSION] §4: Newly generated/updated SBOMs must be CycloneDX 1.6+ or SPDX 3.0.1+"
              },
              "defaultConfiguration": {
                "level": "error"
              },
              "helpUri": "https://bsi.bund.de/dok/TR-03183-en"
            },
            {
              "id": "SBOM-BSI-TR-03183-2-5-1",
              "name": "BsiTr03183SbomCreator",
              "shortDescription": {
                "text": "BSI TR-03183-2 §5.2.1: Creator of the SBOM (email, or URL if no email)"
              },
              "defaultConfiguration": {
                "level": "error"
              },
              "helpUri": "https://bsi.bund.de/dok/TR-03183-en"
            },
            {
              "id": "SBOM-BSI-TR-03183-2-5-1-CONTACT",
              "name": "BsiTr03183SbomCreatorContact",
              "shortDescription": {
                "text": "BSI TR-03183-2 §5.2.1: SBOM creator must carry an email address or URL"
              },
              "defaultConfiguration": {
                "level": "warning"
              },
              "helpUri": "https://bsi.bund.de/dok/TR-03183-en"
            },
            {
              "id": "SBOM-BSI-TR-03183-2-5-2",
              "name": "BsiTr03183Timestamp",
              "shortDescription": {
                "text": "BSI TR-03183-2 §5.2.1: Timestamp of the SBOM data compilation"
              },
              "defaultConfiguration": {
                "level": "error"
              },
              "helpUri": "https://bsi.bund.de/dok/TR-03183-en"
            },
            {
              "id": "SBOM-BSI-TR-03183-2-5-3",
              "name": "BsiTr03183ComponentName",
              "shortDescription": {
                "text": "BSI TR-03183-2 §5.2.2: Component name (fallback: actual filename)"
              },
              "defaultConfiguration": {
                "level": "error"
              },
              "helpUri": "https://bsi.bund.de/dok/TR-03183-en"
            },
            {
              "id": "SBOM-BSI-TR-03183-2-VERSION",
              "name": "BsiTr03183ComponentVersion",
              "shortDescription": {
                "text": "BSI TR-03183-2 §5.2.2: Component version (fallback: RFC 3339 modification date)"
              },
              "defaultConfiguration": {
                "level": "error"
              },
              "helpUri": "https://bsi.bund.de/dok/TR-03183-en"
            },
            {
              "id": "SBOM-BSI-TR-03183-2-LICENSE",
              "name": "BsiTr03183DistributionLicence",
              "shortDescription": {
                "text": "BSI TR-03183-2 §5.2.2: Distribution licence(s) per component"
              },
              "defaultConfiguration": {
                "level": "error"
              },
              "helpUri": "https://bsi.bund.de/dok/TR-03183-en"
            },
            {
              "id": "SBOM-BSI-TR-03183-2-LICENSE-SPDX",
              "name": "BsiTr03183SpdxLicenceNaming",
              "shortDescription": {
                "text": "BSI TR-03183-2 §6.1: Licences must be named by SPDX identifier/expression"
              },
              "defaultConfiguration": {
                "level": "warning"
              },
              "helpUri": "https://bsi.bund.de/dok/TR-03183-en"
            },
            {
              "id": "SBOM-BSI-TR-03183-2-CREATOR",
              "name": "BsiTr03183ComponentCreator",
              "shortDescription": {
                "text": "BSI TR-03183-2 §5.2.2: Component creator (email, or URL if no email)"
              },
              "defaultConfiguration": {
                "level": "warning"
              },
              "helpUri": "https://bsi.bund.de/dok/TR-03183-en"
            },
            {
              "id": "SBOM-BSI-TR-03183-2-5-4",
              "name": "BsiTr03183ComponentHash",
              "shortDescription": {
                "text": "BSI TR-03183-2 §5.2.2: Hash of the deployable component as SHA-512"
              },
              "defaultConfiguration": {
                "level": "error"
              },
              "helpUri": "https://bsi.bund.de/dok/TR-03183-en"
            },
            {
              "id": "SBOM-BSI-TR-03183-2-5-4-MISSING",
              "name": "BsiTr03183ComponentHashMissing",
              "shortDescription": {
                "text": "BSI TR-03183-2 §5.2.2/§3.2.1: Component has no hash of the deployable form"
              },
              "defaultConfiguration": {
                "level": "warning"
              },
              "helpUri": "https://bsi.bund.de/dok/TR-03183-en"
            },
            {
              "id": "SBOM-BSI-TR-03183-2-5-5",
              "name": "BsiTr03183Dependencies",
              "shortDescription": {
                "text": "BSI TR-03183-2 §5.2.2: Dependencies on other components"
              },
              "defaultConfiguration": {
                "level": "error"
              },
              "helpUri": "https://bsi.bund.de/dok/TR-03183-en"
            },
            {
              "id": "SBOM-BSI-TR-03183-2-5-5-COMPLETENESS",
              "name": "BsiTr03183DependencyCompleteness",
              "shortDescription": {
                "text": "BSI TR-03183-2 §5.2.2: Completeness of the dependency enumeration must be clearly indicated"
              },
              "defaultConfiguration": {
                "level": "warning"
              },
              "helpUri": "https://bsi.bund.de/dok/TR-03183-en"
            },
            {
              "id": "SBOM-BSI-TR-03183-2-5-2-4",
              "name": "BsiTr03183UniqueIdentifier",
              "shortDescription": {
                "text": "BSI TR-03183-2 §5.2.4: Other unique identifiers (purl/CPE) — additional tier"
              },
              "defaultConfiguration": {
                "level": "warning"
              },
              "helpUri": "https://bsi.bund.de/dok/TR-03183-en"
            },
            {
              "id": "SBOM-BSI-TR-03183-2-3-1",
              "name": "BsiTr03183NoVulnerabilityInfo",
              "shortDescription": {
                "text": "BSI TR-03183-2 §3.1: An SBOM must not contain vulnerability information"
              },
              "defaultConfiguration": {
                "level": "warning"
              },
              "helpUri": "https://bsi.bund.de/dok/TR-03183-en"
            },
            {
              "id": "SBOM-BSI-TR-03183-2-GENERAL",
              "name": "BsiTr03183General",
              "shortDescription": {
                "text": "BSI TR-03183-2 general SBOM requirement"
              },
              "defaultConfiguration": {
                "level": "warning"
              },
              "helpUri": "https://bsi.bund.de/dok/TR-03183-en"
            },
            {
              "id": "SBOM-AIACT-NA",
              "name": "AiActNotApplicable",
              "shortDescription": {
                "text": "EU AI Act Annex IV readiness not applicable — SBOM has no ML-model or dataset components"
              },
              "defaultConfiguration": {
                "level": "note"
              },
              "helpUri": "https://eur-lex.europa.eu/eli/reg/2024/1689/oj/eng"
            },
            {
              "id": "SBOM-AIACT-ANNEX-IV-1",
              "name": "AiActGeneralDescription",
              "shortDescription": {
                "text": "EU AI Act Annex IV §1: general description of the AI system (architecture, intended purpose)"
              },
              "defaultConfiguration": {
                "level": "warning"
              },
              "helpUri": "https://eur-lex.europa.eu/eli/reg/2024/1689/oj/eng"
            },
            {
              "id": "SBOM-AIACT-ANNEX-IV-2D",
              "name": "AiActTrainingData",
              "shortDescription": {
                "text": "EU AI Act Annex IV §2(d): training-data characteristics, provenance, and sensitivity classification"
              },
              "defaultConfiguration": {
                "level": "warning"
              },
              "helpUri": "https://eur-lex.europa.eu/eli/reg/2024/1689/oj/eng"
            },
            {
              "id": "SBOM-AIACT-ANNEX-IV-2G",
              "name": "AiActValidationMetrics",
              "shortDescription": {
                "text": "EU AI Act Annex IV §2(g): validation/testing metrics (accuracy, robustness)"
              },
              "defaultConfiguration": {
                "level": "warning"
              },
              "helpUri": "https://eur-lex.europa.eu/eli/reg/2024/1689/oj/eng"
            },
            {
              "id": "SBOM-AIACT-ANNEX-IV-2C",
              "name": "AiActComputationalResources",
              "shortDescription": {
                "text": "EU AI Act Annex IV §2(c): computational resources / training-energy disclosure"
              },
              "defaultConfiguration": {
                "level": "note"
              },
              "helpUri": "https://eur-lex.europa.eu/eli/reg/2024/1689/oj/eng"
            },
            {
              "id": "SBOM-AIACT-ANNEX-IV-3",
              "name": "AiActLimitations",
              "shortDescription": {
                "text": "EU AI Act Annex IV §3: foreseeable limitations and risks"
              },
              "defaultConfiguration": {
                "level": "note"
              },
              "helpUri": "https://eur-lex.europa.eu/eli/reg/2024/1689/oj/eng"
            },
            {
              "id": "SBOM-AIACT-UNTYPED-ML",
              "name": "AiActUntypedMlContent",
              "shortDescription": {
                "text": "EU AI Act readiness: ML content detected but not typed machine-learning-model"
              },
              "defaultConfiguration": {
                "level": "warning"
              },
              "helpUri": "https://eur-lex.europa.eu/eli/reg/2024/1689/oj/eng"
            },
            {
              "id": "SBOM-BSIAI-NA",
              "name": "BsiSbomForAiNotApplicable",
              "shortDescription": {
                "text": "BSI/G7 SBOM-for-AI minimum-elements readiness not applicable — SBOM has no ML-model or dataset components"
              },
              "defaultConfiguration": {
                "level": "note"
              },
              "helpUri": "https://www.cisa.gov/resources-tools/resources/software-bill-materials-ai-minimum-elements"
            },
            {
              "id": "SBOM-BSIAI-META",
              "name": "BsiSbomForAiMetadata",
              "shortDescription": {
                "text": "BSI/G7 SBOM-for-AI Metadata cluster: author, data-format name + version, timestamp, generation tool, signature"
              },
              "defaultConfiguration": {
                "level": "error"
              },
              "helpUri": "https://www.cisa.gov/resources-tools/resources/software-bill-materials-ai-minimum-elements"
            },
            {
              "id": "SBOM-BSIAI-SYS",
              "name": "BsiSbomForAiSystemLevel",
              "shortDescription": {
                "text": "BSI/G7 SBOM-for-AI System-Level cluster: primary AI system, producer, data flow & usage"
              },
              "defaultConfiguration": {
                "level": "warning"
              },
              "helpUri": "https://www.cisa.gov/resources-tools/resources/software-bill-materials-ai-minimum-elements"
            },
            {
              "id": "SBOM-BSIAI-MODEL",
              "name": "BsiSbomForAiModels",
              "shortDescription": {
                "text": "BSI/G7 SBOM-for-AI Models cluster: name, version, identifier, weight hash (NIST-approved algorithm), model card, architecture, datasets, limitations, license"
              },
              "defaultConfiguration": {
                "level": "error"
              },
              "helpUri": "https://www.cisa.gov/resources-tools/resources/software-bill-materials-ai-minimum-elements"
            },
            {
              "id": "SBOM-BSIAI-DATASET",
              "name": "BsiSbomForAiDatasets",
              "shortDescription": {
                "text": "BSI/G7 SBOM-for-AI Datasets cluster: name, identifier, hash, license, sensitivity classification, provenance & intended use"
              },
              "defaultConfiguration": {
                "level": "error"
              },
              "helpUri": "https://www.cisa.gov/resources-tools/resources/software-bill-materials-ai-minimum-elements"
            },
            {
              "id": "SBOM-BSIAI-INFRA",
              "name": "BsiSbomForAiInfrastructure",
              "shortDescription": {
                "text": "BSI/G7 SBOM-for-AI Infrastructure cluster: runtime / framework dependency links"
              },
              "defaultConfiguration": {
                "level": "note"
              },
              "helpUri": "https://www.cisa.gov/resources-tools/resources/software-bill-materials-ai-minimum-elements"
            },
            {
              "id": "SBOM-BSIAI-SEC",
              "name": "BsiSbomForAiSecurity",
              "shortDescription": {
                "text": "BSI/G7 SBOM-for-AI Security cluster: AI-specific security controls, exploitability references"
              },
              "defaultConfiguration": {
                "level": "note"
              },
              "helpUri": "https://www.cisa.gov/resources-tools/resources/software-bill-materials-ai-minimum-elements"
            },
            {
              "id": "SBOM-BSIAI-UNTYPED-ML",
              "name": "BsiSbomForAiUntypedMlContent",
              "shortDescription": {
                "text": "BSI/G7 SBOM-for-AI readiness: ML content detected but not typed machine-learning-model"
              },
              "defaultConfiguration": {
                "level": "warning"
              },
              "helpUri": "https://www.cisa.gov/resources-tools/resources/software-bill-materials-ai-minimum-elements"
            }
          ]
        }
      },
      "results": [
        {
          "ruleId": "SBOM-TOOLS-001",
          "level": "note",
          "message": {
            "text": "Component added: dayjs 1.11.7"
          },
          "locations": []
        },
        {
          "ruleId": "SBOM-TOOLS-001",
          "level": "note",
          "message": {
            "text": "Component added: typescript 5.0.4"
          },
          "locations": []
        },
        {
          "ruleId": "SBOM-TOOLS-001",
          "level": "note",
          "message": {
            "text": "Component added: zod 3.21.4"
          },
          "locations": []
        },
        {
          "ruleId": "SBOM-TOOLS-001",
          "level": "note",
          "message": {
            "text": "Component added: prisma 4.15.0"
          },
          "locations": []
        },
        {
          "ruleId": "SBOM-TOOLS-002",
          "level": "warning",
          "message": {
            "text": "Component removed: jquery 3.5.1"
          },
          "locations": []
        },
        {
          "ruleId": "SBOM-TOOLS-002",
          "level": "warning",
          "message": {
            "text": "Component removed: moment 2.29.1"
          },
          "locations": []
        },
        {
          "ruleId": "SBOM-TOOLS-002",
          "level": "warning",
          "message": {
            "text": "Component removed: request 2.88.2"
          },
          "locations": []
        },
        {
          "ruleId": "SBOM-TOOLS-002",
          "level": "warning",
          "message": {
            "text": "Component removed: underscore 1.12.0"
          },
          "locations": []
        },
        {
          "ruleId": "SBOM-TOOLS-003",
          "level": "note",
          "message": {
            "text": "Component modified: acme-webapp 1.0.0 -> 2.0.0"
          },
          "locations": []
        },
        {
          "ruleId": "SBOM-TOOLS-003",
          "level": "note",
          "message": {
            "text": "Component modified: axios 0.21.1 -> 1.4.0"
          },
          "locations": []
        },
        {
          "ruleId": "SBOM-TOOLS-003",
          "level": "note",
          "message": {
            "text": "Component modified: express 4.17.1 -> 4.18.2"
          },
          "locations": []
        },
        {
          "ruleId": "SBOM-TOOLS-003",
          "level": "note",
          "message": {
            "text": "Component modified: lodash 4.17.20 -> 4.17.21"
          },
          "locations": []
        },
        {
          "ruleId": "SBOM-TOOLS-003",
          "level": "note",
          "message": {
            "text": "Component modified: react 17.0.1 -> 18.2.0"
          },
          "locations": []
        },
        {
          "ruleId": "SBOM-TOOLS-008",
          "level": "note",
          "message": {
            "text": "Metadata modified: created ([TIMESTAMP] -> [TIMESTAMP])"
          },
          "locations": []
        },
        {
          "ruleId": "SBOM-TOOLS-008",
          "level": "note",
          "message": {
            "text": "Metadata modified: primary_component_version (1.0.0 -> 2.0.0)"
          },
          "locations": []
        },
        {
          "ruleId": "SBOM-CRA-GENERAL",
          "level": "error",
          "message": {
            "text": "Old SBOM - EU CRA Phase 2 (2027): SBOM must have creator/tool information (Requirement: Document creator identification) [Element: unknown]"
          },
          "locations": []
        },
        {
          "ruleId": "SBOM-CRA-ART-13-16",
          "level": "warning",
          "message": {
            "text": "Old SBOM - EU CRA Phase 2 (2027): [CRA Art. 13(16)] SBOM should identify the manufacturer (organization) (Requirement: CRA Art. 13(16): Manufacturer identification) [Element: unknown]"
          },
          "locations": [],
          "properties": {
            "standardIds": [
              "CRA:Art. 13(16)",
              "CRA-Annex:Annex II (1)"
            ],
            "standardHelpUris": [
              "https://eur-lex.europa.eu/eli/reg/2024/2847/oj/eng",
              "https://eur-lex.europa.eu/eli/reg/2024/2847/oj/eng"
            ]
          }
        },
        {
          "ruleId": "SBOM-CRA-ART-13-17-CONTACT",
          "level": "warning",
          "message": {
            "text": "Old SBOM - EU CRA Phase 2 (2027): [CRA Art. 13(17)] SBOM should include a security contact or vulnerability disclosure reference (Requirement: CRA Art. 13(17): Vulnerability disclosure contact) [Element: unknown]"
          },
          "locations": [],
          "properties": {
            "standardIds": [
              "CRA:Art. 13(17)",
              "CRA-Annex:Annex I Part II (6)",
              "CRA-Annex:Annex II (2)"
            ],
            "standardHelpUris": [
              "https://eur-lex.europa.eu/eli/reg/2024/2847/oj/eng",
              "https://eur-lex.europa.eu/eli/reg/2024/2847/oj/eng",
              "https://eur-lex.europa.eu/eli/reg/2024/2847/oj/eng"
            ]
          }
        },
        {
          "ruleId": "SBOM-CRA-ART-13-8",
          "level": "note",
          "message": {
            "text": "Old SBOM - EU CRA Phase 2 (2027): [CRA Art. 13(8) / 13(19)] Consider specifying a support end date for security updates (Requirement: CRA Art. 13(8) / 13(19): Support period disclosure) [Element: unknown]"
          },
          "locations": [],
          "properties": {
            "standardIds": [
              "CRA:Art. 13(8)",
              "CRA:Art. 13(19)",
              "CRA-Annex:Annex II (7)"
            ],
            "standardHelpUris": [
              "https://eur-lex.europa.eu/eli/reg/2024/2847/oj/eng",
              "https://eur-lex.europa.eu/eli/reg/2024/2847/oj/eng",
              "https://eur-lex.europa.eu/eli/reg/2024/2847/oj/eng"
            ]
          }
        },
        {
          "ruleId": "SBOM-CRA-ANNEX-I",
          "level": "warning",
          "message": {
            "text": "Old SBOM - EU CRA Phase 2 (2027): [CRA Annex I Part II (1)] Primary component 'acme-webapp' missing unique identifier (PURL/CPE) for cross-update traceability (Requirement: CRA Annex I Part II (1): Product identifier traceability across updates) [Element: acme-webapp]"
          },
          "locations": [],
          "properties": {
            "standardIds": [
              "CRA-Annex:Annex I Part II",
              "prEN-40000-1-3:PRE-7-RQ-07"
            ],
            "standardHelpUris": [
              "https://eur-lex.europa.eu/eli/reg/2024/2847/oj/eng"
            ]
          }
        },
        {
          "ruleId": "SBOM-CRA-CVD-POLICY",
          "level": "warning",
          "message": {
            "text": "Old SBOM - EU CRA Phase 2 (2027): [CRA Annex I Part II (5)] SBOM should reference a coordinated vulnerability disclosure policy (advisories URL or disclosure URL) (Requirement: CRA Annex I Part II (5): Coordinated vulnerability disclosure policy) [Element: unknown]"
          },
          "locations": [],
          "properties": {
            "standardIds": [
              "CRA-Annex:Annex I Part II (5)",
              "CRA:Art. 13(8)",
              "prEN-40000-1-3:RLS-2-RQ-03-RE"
            ],
            "standardHelpUris": [
              "https://eur-lex.europa.eu/eli/reg/2024/2847/oj/eng",
              "https://eur-lex.europa.eu/eli/reg/2024/2847/oj/eng"
            ]
          }
        },
        {
          "ruleId": "SBOM-CRA-LIFECYCLE",
          "level": "note",
          "message": {
            "text": "Old SBOM - EU CRA Phase 2 (2027): [CRA Art. 13(8) / Annex II (7)] Consider including component lifecycle/end-of-support information (Requirement: CRA Annex II (7): Component lifecycle status) [Element: unknown]"
          },
          "locations": [],
          "properties": {
            "standardIds": [
              "CRA:Art. 13(8)",
              "CRA-Annex:Annex II (7)"
            ],
            "standardHelpUris": [
              "https://eur-lex.europa.eu/eli/reg/2024/2847/oj/eng",
              "https://eur-lex.europa.eu/eli/reg/2024/2847/oj/eng"
            ]
          }
        },
        {
          "ruleId": "SBOM-CRA-ANNEX-V",
          "level": "note",
          "message": {
            "text": "Old SBOM - EU CRA Phase 2 (2027): [CRA Annex V] Missing reference to the EU Declaration of Conformity (attestation or certification external reference) for product class Default (Requirement: CRA Annex V: EU Declaration of Conformity reference) [Element: unknown]"
          },
          "locations": [],
          "properties": {
            "standardIds": [
              "CRA-Annex:Annex V"
            ],
            "standardHelpUris": [
              "https://eur-lex.europa.eu/eli/reg/2024/2847/oj/eng"
            ]
          }
        },
        {
          "ruleId": "SBOM-CRA-GENERAL",
          "level": "warning",
          "message": {
            "text": "Old SBOM - EU CRA Phase 2 (2027): SBOM should have a serial number/unique identifier (Requirement: Document unique identification) [Element: unknown]"
          },
          "locations": []
        },
        {
          "ruleId": "SBOM-CRA-ANNEX-I",
          "level": "error",
          "message": {
            "text": "Old SBOM - EU CRA Phase 2 (2027): [CRA Annex I, [PRE-7-RQ-07]] Component 'acme-webapp' missing unique identifier (PURL/CPE/SWHID/SWID) (Requirement: CRA Annex I / prEN 40000-1-3 [PRE-7-RQ-07]: Unique component identifier (PURL/CPE/SWHID/SWID)) [Element: acme-webapp]"
          },
          "locations": [],
          "properties": {
            "standardIds": [
              "CRA-Annex:Annex I",
              "prEN-40000-1-3:PRE-7-RQ-07"
            ],
            "standardHelpUris": [
              "https://eur-lex.europa.eu/eli/reg/2024/2847/oj/eng"
            ]
          }
        },
        {
          "ruleId": "SBOM-CRA-COMPONENT-SUPPLIER",
          "level": "warning",
          "message": {
            "text": "Old SBOM - EU CRA Phase 2 (2027): [CRA Annex I Part II (1)] Component 'acme-webapp' missing supplier/manufacturer (Requirement: CRA Annex I Part II (1): Component supplier information) [Element: acme-webapp]"
          },
          "locations": [],
          "properties": {
            "standardIds": [
              "CRA-Annex:Annex I Part II (1)",
              "prEN-40000-1-3:PRE-7-RQ-03"
            ],
            "standardHelpUris": [
              "https://eur-lex.europa.eu/eli/reg/2024/2847/oj/eng"
            ]
          }
        },
        {
          "ruleId": "SBOM-CRA-ANNEX-I",
          "level": "note",
          "message": {
            "text": "Old SBOM - EU CRA Phase 2 (2027): [CRA Annex I Part I (2)(f)] Component 'acme-webapp' missing cryptographic hash (recommended for integrity) (Requirement: CRA Annex I Part I (2)(f): Component integrity information (hash)) [Element: acme-webapp]"
          },
          "locations": [],
          "properties": {
            "standardIds": [
              "CRA-Annex:Annex I Part I (2)(f)"
            ],
            "standardHelpUris": [
              "https://eur-lex.europa.eu/eli/reg/2024/2847/oj/eng"
            ]
          }
        },
        {
          "ruleId": "SBOM-CRA-COMPONENT-SUPPLIER",
          "level": "warning",
          "message": {
            "text": "Old SBOM - EU CRA Phase 2 (2027): [CRA Annex I Part II (1)] Component 'lodash' missing supplier/manufacturer (Requirement: CRA Annex I Part II (1): Component supplier information) [Element: lodash]"
          },
          "locations": [],
          "properties": {
            "standardIds": [
              "CRA-Annex:Annex I Part II (1)",
              "prEN-40000-1-3:PRE-7-RQ-03"
            ],
            "standardHelpUris": [
              "https://eur-lex.europa.eu/eli/reg/2024/2847/oj/eng"
            ]
          }
        },
        {
          "ruleId": "SBOM-CRA-ANNEX-I",
          "level": "note",
          "message": {
            "text": "Old SBOM - EU CRA Phase 2 (2027): [CRA Annex I Part I (2)(f)] Component 'lodash' missing cryptographic hash (recommended for integrity) (Requirement: CRA Annex I Part I (2)(f): Component integrity information (hash)) [Element: lodash]"
          },
          "locations": [],
          "properties": {
            "standardIds": [
              "CRA-Annex:Annex I Part I (2)(f)"
            ],
            "standardHelpUris": [
              "https://eur-lex.europa.eu/eli/reg/2024/2847/oj/eng"
            ]
          }
        },
        {
          "ruleId": "SBOM-CRA-COMPONENT-SUPPLIER",
          "level": "warning",
          "message": {
            "text": "Old SBOM - EU CRA Phase 2 (2027): [CRA Annex I Part II (1)] Component 'express' missing supplier/manufacturer (Requirement: CRA Annex I Part II (1): Component supplier information) [Element: express]"
          },
          "locations": [],
          "properties": {
            "standardIds": [
              "CRA-Annex:Annex I Part II (1)",
              "prEN-40000-1-3:PRE-7-RQ-03"
            ],
            "standardHelpUris": [
              "https://eur-lex.europa.eu/eli/reg/2024/2847/oj/eng"
            ]
          }
        },
        {
          "ruleId": "SBOM-CRA-ANNEX-I",
          "level": "note",
          "message": {
            "text": "Old SBOM - EU CRA Phase 2 (2027): [CRA Annex I Part I (2)(f)] Component 'express' missing cryptographic hash (recommended for integrity) (Requirement: CRA Annex I Part I (2)(f): Component integrity information (hash)) [Element: express]"
          },
          "locations": [],
          "properties": {
            "standardIds": [
              "CRA-Annex:Annex I Part I (2)(f)"
            ],
            "standardHelpUris": [
              "https://eur-lex.europa.eu/eli/reg/2024/2847/oj/eng"
            ]
          }
        },
        {
          "ruleId": "SBOM-CRA-COMPONENT-SUPPLIER",
          "level": "warning",
          "message": {
            "text": "Old SBOM - EU CRA Phase 2 (2027): [CRA Annex I Part II (1)] Component 'moment' missing supplier/manufacturer (Requirement: CRA Annex I Part II (1): Component supplier information) [Element: moment]"
          },
          "locations": [],
          "properties": {
            "standardIds": [
              "CRA-Annex:Annex I Part II (1)",
              "prEN-40000-1-3:PRE-7-RQ-03"
            ],
            "standardHelpUris": [
              "https://eur-lex.europa.eu/eli/reg/2024/2847/oj/eng"
            ]
          }
        },
        {
          "ruleId": "SBOM-CRA-ANNEX-I",
          "level": "note",
          "message": {
            "text": "Old SBOM - EU CRA Phase 2 (2027): [CRA Annex I Part I (2)(f)] Component 'moment' missing cryptographic hash (recommended for integrity) (Requirement: CRA Annex I Part I (2)(f): Component integrity information (hash)) [Element: moment]"
          },
          "locations": [],
          "properties": {
            "standardIds": [
              "CRA-Annex:Annex I Part I (2)(f)"
            ],
            "standardHelpUris": [
              "https://eur-lex.europa.eu/eli/reg/2024/2847/oj/eng"
            ]
          }
        },
        {
          "ruleId": "SBOM-CRA-COMPONENT-SUPPLIER",
          "level": "warning",
          "message": {
            "text": "Old SBOM - EU CRA Phase 2 (2027): [CRA Annex I Part II (1)] Component 'request' missing supplier/manufacturer (Requirement: CRA Annex I Part II (1): Component supplier information) [Element: request]"
          },
          "locations": [],
          "properties": {
            "standardIds": [
              "CRA-Annex:Annex I Part II (1)",
              "prEN-40000-1-3:PRE-7-RQ-03"
            ],
            "standardHelpUris": [
              "https://eur-lex.europa.eu/eli/reg/2024/2847/oj/eng"
            ]
          }
        },
        {
          "ruleId": "SBOM-CRA-ANNEX-I",
          "level": "note",
          "message": {
            "text": "Old SBOM - EU CRA Phase 2 (2027): [CRA Annex I Part I (2)(f)] Component 'request' missing cryptographic hash (recommended for integrity) (Requirement: CRA Annex I Part I (2)(f): Component integrity information (hash)) [Element: request]"
          },
          "locations": [],
          "properties": {
            "standardIds": [
              "CRA-Annex:Annex I Part I (2)(f)"
            ],
            "standardHelpUris": [
              "https://eur-lex.europa.eu/eli/reg/2024/2847/oj/eng"
            ]
          }
        },
        {
          "ruleId": "SBOM-CRA-COMPONENT-SUPPLIER",
          "level": "warning",
          "message": {
            "text": "Old SBOM - EU CRA Phase 2 (2027): [CRA Annex I Part II (1)] Component 'axios' missing supplier/manufacturer (Requirement: CRA Annex I Part II (1): Component supplier information) [Element: axios]"
          },
          "locations": [],
          "properties": {
            "standardIds": [
              "CRA-Annex:Annex I Part II (1)",
              "prEN-40000-1-3:PRE-7-RQ-03"
            ],
            "standardHelpUris": [
              "https://eur-lex.europa.eu/eli/reg/2024/2847/oj/eng"
            ]
          }
        },
        {
          "ruleId": "SBOM-CRA-ANNEX-I",
          "level": "note",
          "message": {
            "text": "Old SBOM - EU CRA Phase 2 (2027): [CRA Annex I Part I (2)(f)] Component 'axios' missing cryptographic hash (recommended for integrity) (Requirement: CRA Annex I Part I (2)(f): Component integrity information (hash)) [Element: axios]"
          },
          "locations": [],
          "properties": {
            "standardIds": [
              "CRA-Annex:Annex I Part I (2)(f)"
            ],
            "standardHelpUris": [
              "https://eur-lex.europa.eu/eli/reg/2024/2847/oj/eng"
            ]
          }
        },
        {
          "ruleId": "SBOM-CRA-COMPONENT-SUPPLIER",
          "level": "warning",
          "message": {
            "text": "Old SBOM - EU CRA Phase 2 (2027): [CRA Annex I Part II (1)] Component 'underscore' missing supplier/manufacturer (Requirement: CRA Annex I Part II (1): Component supplier information) [Element: underscore]"
          },
          "locations": [],
          "properties": {
            "standardIds": [
              "CRA-Annex:Annex I Part II (1)",
              "prEN-40000-1-3:PRE-7-RQ-03"
            ],
            "standardHelpUris": [
              "https://eur-lex.europa.eu/eli/reg/2024/2847/oj/eng"
            ]
          }
        },
        {
          "ruleId": "SBOM-CRA-ANNEX-I",
          "level": "note",
          "message": {
            "text": "Old SBOM - EU CRA Phase 2 (2027): [CRA Annex I Part I (2)(f)] Component 'underscore' missing cryptographic hash (recommended for integrity) (Requirement: CRA Annex I Part I (2)(f): Component integrity information (hash)) [Element: underscore]"
          },
          "locations": [],
          "properties": {
            "standardIds": [
              "CRA-Annex:Annex I Part I (2)(f)"
            ],
            "standardHelpUris": [
              "https://eur-lex.europa.eu/eli/reg/2024/2847/oj/eng"
            ]
          }
        },
        {
          "ruleId": "SBOM-CRA-COMPONENT-SUPPLIER",
          "level": "warning",
          "message": {
            "text": "Old SBOM - EU CRA Phase 2 (2027): [CRA Annex I Part II (1)] Component 'jquery' missing supplier/manufacturer (Requirement: CRA Annex I Part II (1): Component supplier information) [Element: jquery]"
          },
          "locations": [],
          "properties": {
            "standardIds": [
              "CRA-Annex:Annex I Part II (1)",
              "prEN-40000-1-3:PRE-7-RQ-03"
            ],
            "standardHelpUris": [
              "https://eur-lex.europa.eu/eli/reg/2024/2847/oj/eng"
            ]
          }
        },
        {
          "ruleId": "SBOM-CRA-ANNEX-I",
          "level": "note",
          "message": {
            "text": "Old SBOM - EU CRA Phase 2 (2027): [CRA Annex I Part I (2)(f)] Component 'jquery' missing cryptographic hash (recommended for integrity) (Requirement: CRA Annex I Part I (2)(f): Component integrity information (hash)) [Element: jquery]"
          },
          "locations": [],
          "properties": {
            "standardIds": [
              "CRA-Annex:Annex I Part I (2)(f)"
            ],
            "standardHelpUris": [
              "https://eur-lex.europa.eu/eli/reg/2024/2847/oj/eng"
            ]
          }
        },
        {
          "ruleId": "SBOM-CRA-COMPONENT-SUPPLIER",
          "level": "warning",
          "message": {
            "text": "Old SBOM - EU CRA Phase 2 (2027): [CRA Annex I Part II (1)] Component 'react' missing supplier/manufacturer (Requirement: CRA Annex I Part II (1): Component supplier information) [Element: react]"
          },
          "locations": [],
          "properties": {
            "standardIds": [
              "CRA-Annex:Annex I Part II (1)",
              "prEN-40000-1-3:PRE-7-RQ-03"
            ],
            "standardHelpUris": [
              "https://eur-lex.europa.eu/eli/reg/2024/2847/oj/eng"
            ]
          }
        },
        {
          "ruleId": "SBOM-CRA-ANNEX-I",
          "level": "note",
          "message": {
            "text": "Old SBOM - EU CRA Phase 2 (2027): [CRA Annex I Part I (2)(f)] Component 'react' missing cryptographic hash (recommended for integrity) (Requirement: CRA Annex I Part I (2)(f): Component integrity information (hash)) [Element: react]"
          },
          "locations": [],
          "properties": {
            "standardIds": [
              "CRA-Annex:Annex I Part I (2)(f)"
            ],
            "standardHelpUris": [
              "https://eur-lex.europa.eu/eli/reg/2024/2847/oj/eng"
            ]
          }
        },
        {
          "ruleId": "SBOM-CRA-ANNEX-I",
          "level": "error",
          "message": {
            "text": "Old SBOM - EU CRA Phase 2 (2027): [CRA Annex I] SBOM with multiple components must include dependency relationships (Requirement: CRA Annex I: Dependency relationships) [Element: unknown]"
          },
          "locations": [],
          "properties": {
            "standardIds": [
              "CRA-Annex:Annex I"
            ],
            "standardHelpUris": [
              "https://eur-lex.europa.eu/eli/reg/2024/2847/oj/eng"
            ]
          }
        },
        {
          "ruleId": "SBOM-CRA-GENERAL",
          "level": "note",
          "message": {
            "text": "Old SBOM - EU CRA Phase 2 (2027): Component 'acme-webapp' may be missing bom-ref (Requirement: CycloneDX: bom-ref for dependency tracking) [Element: acme-webapp]"
          },
          "locations": []
        },
        {
          "ruleId": "SBOM-CRA-GENERAL",
          "level": "note",
          "message": {
            "text": "Old SBOM - EU CRA Phase 2 (2027): Component 'lodash' may be missing bom-ref (Requirement: CycloneDX: bom-ref for dependency tracking) [Element: lodash]"
          },
          "locations": []
        },
        {
          "ruleId": "SBOM-CRA-GENERAL",
          "level": "note",
          "message": {
            "text": "Old SBOM - EU CRA Phase 2 (2027): Component 'express' may be missing bom-ref (Requirement: CycloneDX: bom-ref for dependency tracking) [Element: express]"
          },
          "locations": []
        },
        {
          "ruleId": "SBOM-CRA-GENERAL",
          "level": "note",
          "message": {
            "text": "Old SBOM - EU CRA Phase 2 (2027): Component 'moment' may be missing bom-ref (Requirement: CycloneDX: bom-ref for dependency tracking) [Element: moment]"
          },
          "locations": []
        },
        {
          "ruleId": "SBOM-CRA-GENERAL",
          "level": "note",
          "message": {
            "text": "Old SBOM - EU CRA Phase 2 (2027): Component 'request' may be missing bom-ref (Requirement: CycloneDX: bom-ref for dependency tracking) [Element: request]"
          },
          "locations": []
        },
        {
          "ruleId": "SBOM-CRA-GENERAL",
          "level": "note",
          "message": {
            "text": "Old SBOM - EU CRA Phase 2 (2027): Component 'axios' may be missing bom-ref (Requirement: CycloneDX: bom-ref for dependency tracking) [Element: axios]"
          },
          "locations": []
        },
        {
          "ruleId": "SBOM-CRA-GENERAL",
          "level": "note",
          "message": {
            "text": "Old SBOM - EU CRA Phase 2 (2027): Component 'underscore' may be missing bom-ref (Requirement: CycloneDX: bom-ref for dependency tracking) [Element: underscore]"
          },
          "locations": []
        },
        {
          "ruleId": "SBOM-CRA-GENERAL",
          "level": "note",
          "message": {
            "text": "Old SBOM - EU CRA Phase 2 (2027): Component 'jquery' may be missing bom-ref (Requirement: CycloneDX: bom-ref for dependency tracking) [Element: jquery]"
          },
          "locations": []
        },
        {
          "ruleId": "SBOM-CRA-GENERAL",
          "level": "note",
          "message": {
            "text": "Old SBOM - EU CRA Phase 2 (2027): Component 'react' may be missing bom-ref (Requirement: CycloneDX: bom-ref for dependency tracking) [Element: react]"
          },
          "locations": []
        },
        {
          "ruleId": "SBOM-CRA-SBOM-FRESHNESS",
          "level": "warning",
          "message": {
            "text": "Old SBOM - EU CRA Phase 2 (2027): [CRA Art. 13(7) / Annex I Part II (1)] SBOM is [N] days old; keep the documented component inventory current when components change (Requirement: CRA Art. 13(7) / Annex I Part II (1): SBOM freshness) [Element: unknown]"
          },
          "locations": [],
          "properties": {
            "standardIds": [
              "CRA:Art. 13(7)",
              "CRA-Annex:Annex I Part II (1)"
            ],
            "standardHelpUris": [
              "https://eur-lex.europa.eu/eli/reg/2024/2847/oj/eng",
              "https://eur-lex.europa.eu/eli/reg/2024/2847/oj/eng"
            ]
          }
        },
        {
          "ruleId": "SBOM-CRA-ART-13-5",
          "level": "note",
          "message": {
            "text": "Old SBOM - EU CRA Phase 2 (2027): [CRA Art. 13(5)] 1/9 components (11%) missing license information needed to evidence third-party due diligence (Requirement: CRA Art. 13(5): Third-party due diligence (license tracking)) [Element: unknown]"
          },
          "locations": [],
          "properties": {
            "standardIds": [
              "CRA:Art. 13(5)"
            ],
            "standardHelpUris": [
              "https://eur-lex.europa.eu/eli/reg/2024/2847/oj/eng"
            ]
          }
        },
        {
          "ruleId": "SBOM-CRA-VULN-STATEMENT",
          "level": "note",
          "message": {
            "text": "Old SBOM - EU CRA Phase 2 (2027): [CRA Annex I Part II (1)] No vulnerability data or vulnerability assertion found; include vulnerability information or a statement of no known vulnerabilities (Requirement: CRA Annex I Part II (1): Documented vulnerability information) [Element: unknown]"
          },
          "locations": [],
          "properties": {
            "standardIds": [
              "CRA-Annex:Annex I Part II (1)"
            ],
            "standardHelpUris": [
              "https://eur-lex.europa.eu/eli/reg/2024/2847/oj/eng"
            ]
          }
        },
        {
          "ruleId": "SBOM-CRA-DOC-INTEGRITY",
          "level": "note",
          "message": {
            "text": "Old SBOM - EU CRA Phase 2 (2027): [CRA Annex I Part I (2)(f)] Consider adding document-level integrity metadata (serial number, digital signature, or attestation with hash) (Requirement: CRA Annex I Part I (2)(f): Document signature/integrity) [Element: unknown]"
          },
          "locations": [],
          "properties": {
            "standardIds": [
              "CRA-Annex:Annex I Part I (2)(f)"
            ],
            "standardHelpUris": [
              "https://eur-lex.europa.eu/eli/reg/2024/2847/oj/eng"
            ]
          }
        },
        {
          "ruleId": "SBOM-CRA-GENERAL",
          "level": "warning",
          "message": {
            "text": "Old SBOM - EU CRA Phase 2 (2027): [CRA Art. 13(2)] No documented risk assessment referenced — add an externalReference of type 'risk-assessment' or supply riskAssessmentUrl in the CRA sidecar (Requirement: CRA Art. 13(2): Documented risk assessment) [Element: unknown]"
          },
          "locations": [],
          "properties": {
            "standardIds": [
              "CRA:Art. 13(2)"
            ],
            "standardHelpUris": [
              "https://eur-lex.europa.eu/eli/reg/2024/2847/oj/eng"
            ]
          }
        },
        {
          "ruleId": "SBOM-CRA-GENERAL",
          "level": "note",
          "message": {
            "text": "Old SBOM - EU CRA Phase 2 (2027): [CRA Art. 14] PSIRT URL missing — [ART14] (Requirement: CRA Art. 14: PSIRT contact for external vulnerability reports) [Element: unknown]"
          },
          "locations": [],
          "properties": {
            "standardIds": [
              "CRA:Art. 14"
            ],
            "standardHelpUris": [
              "https://eur-lex.europa.eu/eli/reg/2024/2847/oj/eng"
            ]
          }
        },
        {
          "ruleId": "SBOM-CRA-GENERAL",
          "level": "note",
          "message": {
            "text": "Old SBOM - EU CRA Phase 2 (2027): [CRA Art. 14(2)(a)] 24-hour early-warning channel missing — document the ENISA/CSIRT contact before 2026-09-11 (Requirement: CRA Art. 14(2)(a): 24-hour early-warning channel) [Element: unknown]"
          },
          "locations": [],
          "properties": {
            "standardIds": [
              "CRA:Art. 14"
            ],
            "standardHelpUris": [
              "https://eur-lex.europa.eu/eli/reg/2024/2847/oj/eng"
            ]
          }
        },
        {
          "ruleId": "SBOM-CRA-GENERAL",
          "level": "note",
          "message": {
            "text": "Old SBOM - EU CRA Phase 2 (2027): [CRA Art. 14(2)(b) / 14(4)(b)] 72-hour notification channel missing — document this contact before 2026-09-11 (Requirement: CRA Art. 14(2)(b): 72-hour notification channel) [Element: unknown]"
          },
          "locations": [],
          "properties": {
            "standardIds": [
              "CRA:Art. 14"
            ],
            "standardHelpUris": [
              "https://eur-lex.europa.eu/eli/reg/2024/2847/oj/eng"
            ]
          }
        },
        {
          "ruleId": "SBOM-CRA-GENERAL",
          "level": "note",
          "message": {
            "text": "Old SBOM - EU CRA Phase 2 (2027): [CRA Art. 14(7)] No ENISA single reporting platform identifier — track ENISA publication and add `enisaReportingPlatformId` to the CRA sidecar when available (Requirement: CRA Art. 14(7): ENISA single reporting platform) [Element: unknown]"
          },
          "locations": [],
          "properties": {
            "standardIds": [
              "CRA:Art. 14"
            ],
            "standardHelpUris": [
              "https://eur-lex.europa.eu/eli/reg/2024/2847/oj/eng"
            ]
          }
        },
        {
          "ruleId": "SBOM-CRA-GENERAL",
          "level": "error",
          "message": {
            "text": "New SBOM - EU CRA Phase 2 (2027): SBOM must have creator/tool information (Requirement: Document creator identification) [Element: unknown]"
          },
          "locations": []
        },
        {
          "ruleId": "SBOM-CRA-ART-13-16",
          "level": "warning",
          "message": {
            "text": "New SBOM - EU CRA Phase 2 (2027): [CRA Art. 13(16)] SBOM should identify the manufacturer (organization) (Requirement: CRA Art. 13(16): Manufacturer identification) [Element: unknown]"
          },
          "locations": [],
          "properties": {
            "standardIds": [
              "CRA:Art. 13(16)",
              "CRA-Annex:Annex II (1)"
            ],
            "standardHelpUris": [
              "https://eur-lex.europa.eu/eli/reg/2024/2847/oj/eng",
              "https://eur-lex.europa.eu/eli/reg/2024/2847/oj/eng"
            ]
          }
        },
        {
          "ruleId": "SBOM-CRA-ART-13-17-CONTACT",
          "level": "warning",
          "message": {
            "text": "New SBOM - EU CRA Phase 2 (2027): [CRA Art. 13(17)] SBOM should include a security contact or vulnerability disclosure reference (Requirement: CRA Art. 13(17): Vulnerability disclosure contact) [Element: unknown]"
          },
          "locations": [],
          "properties": {
            "standardIds": [
              "CRA:Art. 13(17)",
              "CRA-Annex:Annex I Part II (6)",
              "CRA-Annex:Annex II (2)"
            ],
            "standardHelpUris": [
              "https://eur-lex.europa.eu/eli/reg/2024/2847/oj/eng",
              "https://eur-lex.europa.eu/eli/reg/2024/2847/oj/eng",
              "https://eur-lex.europa.eu/eli/reg/2024/2847/oj/eng"
            ]
          }
        },
        {
          "ruleId": "SBOM-CRA-ART-13-8",
          "level": "note",
          "message": {
            "text": "New SBOM - EU CRA Phase 2 (2027): [CRA Art. 13(8) / 13(19)] Consider specifying a support end date for security updates (Requirement: CRA Art. 13(8) / 13(19): Support period disclosure) [Element: unknown]"
          },
          "locations": [],
          "properties": {
            "standardIds": [
              "CRA:Art. 13(8)",
              "CRA:Art. 13(19)",
              "CRA-Annex:Annex II (7)"
            ],
            "standardHelpUris": [
              "https://eur-lex.europa.eu/eli/reg/2024/2847/oj/eng",
              "https://eur-lex.europa.eu/eli/reg/2024/2847/oj/eng",
              "https://eur-lex.europa.eu/eli/reg/2024/2847/oj/eng"
            ]
          }
        },
        {
          "ruleId": "SBOM-CRA-ANNEX-I",
          "level": "warning",
          "message": {
            "text": "New SBOM - EU CRA Phase 2 (2027): [CRA Annex I Part II (1)] Primary component 'acme-webapp' missing unique identifier (PURL/CPE) for cross-update traceability (Requirement: CRA Annex I Part II (1): Product identifier traceability across updates) [Element: acme-webapp]"
          },
          "locations": [],
          "properties": {
            "standardIds": [
              "CRA-Annex:Annex I Part II",
              "prEN-40000-1-3:PRE-7-RQ-07"
            ],
            "standardHelpUris": [
              "https://eur-lex.europa.eu/eli/reg/2024/2847/oj/eng"
            ]
          }
        },
        {
          "ruleId": "SBOM-CRA-CVD-POLICY",
          "level": "warning",
          "message": {
            "text": "New SBOM - EU CRA Phase 2 (2027): [CRA Annex I Part II (5)] SBOM should reference a coordinated vulnerability disclosure policy (advisories URL or disclosure URL) (Requirement: CRA Annex I Part II (5): Coordinated vulnerability disclosure policy) [Element: unknown]"
          },
          "locations": [],
          "properties": {
            "standardIds": [
              "CRA-Annex:Annex I Part II (5)",
              "CRA:Art. 13(8)",
              "prEN-40000-1-3:RLS-2-RQ-03-RE"
            ],
            "standardHelpUris": [
              "https://eur-lex.europa.eu/eli/reg/2024/2847/oj/eng",
              "https://eur-lex.europa.eu/eli/reg/2024/2847/oj/eng"
            ]
          }
        },
        {
          "ruleId": "SBOM-CRA-LIFECYCLE",
          "level": "note",
          "message": {
            "text": "New SBOM - EU CRA Phase 2 (2027): [CRA Art. 13(8) / Annex II (7)] Consider including component lifecycle/end-of-support information (Requirement: CRA Annex II (7): Component lifecycle status) [Element: unknown]"
          },
          "locations": [],
          "properties": {
            "standardIds": [
              "CRA:Art. 13(8)",
              "CRA-Annex:Annex II (7)"
            ],
            "standardHelpUris": [
              "https://eur-lex.europa.eu/eli/reg/2024/2847/oj/eng",
              "https://eur-lex.europa.eu/eli/reg/2024/2847/oj/eng"
            ]
          }
        },
        {
          "ruleId": "SBOM-CRA-ANNEX-V",
          "level": "note",
          "message": {
            "text": "New SBOM - EU CRA Phase 2 (2027): [CRA Annex V] Missing reference to the EU Declaration of Conformity (attestation or certification external reference) for product class Default (Requirement: CRA Annex V: EU Declaration of Conformity reference) [Element: unknown]"
          },
          "locations": [],
          "properties": {
            "standardIds": [
              "CRA-Annex:Annex V"
            ],
            "standardHelpUris": [
              "https://eur-lex.europa.eu/eli/reg/2024/2847/oj/eng"
            ]
          }
        },
        {
          "ruleId": "SBOM-CRA-GENERAL",
          "level": "warning",
          "message": {
            "text": "New SBOM - EU CRA Phase 2 (2027): SBOM should have a serial number/unique identifier (Requirement: Document unique identification) [Element: unknown]"
          },
          "locations": []
        },
        {
          "ruleId": "SBOM-CRA-ANNEX-I",
          "level": "error",
          "message": {
            "text": "New SBOM - EU CRA Phase 2 (2027): [CRA Annex I, [PRE-7-RQ-07]] Component 'acme-webapp' missing unique identifier (PURL/CPE/SWHID/SWID) (Requirement: CRA Annex I / prEN 40000-1-3 [PRE-7-RQ-07]: Unique component identifier (PURL/CPE/SWHID/SWID)) [Element: acme-webapp]"
          },
          "locations": [],
          "properties": {
            "standardIds": [
              "CRA-Annex:Annex I",
              "prEN-40000-1-3:PRE-7-RQ-07"
            ],
            "standardHelpUris": [
              "https://eur-lex.europa.eu/eli/reg/2024/2847/oj/eng"
            ]
          }
        },
        {
          "ruleId": "SBOM-CRA-COMPONENT-SUPPLIER",
          "level": "warning",
          "message": {
            "text": "New SBOM - EU CRA Phase 2 (2027): [CRA Annex I Part II (1)] Component 'acme-webapp' missing supplier/manufacturer (Requirement: CRA Annex I Part II (1): Component supplier information) [Element: acme-webapp]"
          },
          "locations": [],
          "properties": {
            "standardIds": [
              "CRA-Annex:Annex I Part II (1)",
              "prEN-40000-1-3:PRE-7-RQ-03"
            ],
            "standardHelpUris": [
              "https://eur-lex.europa.eu/eli/reg/2024/2847/oj/eng"
            ]
          }
        },
        {
          "ruleId": "SBOM-CRA-ANNEX-I",
          "level": "note",
          "message": {
            "text": "New SBOM - EU CRA Phase 2 (2027): [CRA Annex I Part I (2)(f)] Component 'acme-webapp' missing cryptographic hash (recommended for integrity) (Requirement: CRA Annex I Part I (2)(f): Component integrity information (hash)) [Element: acme-webapp]"
          },
          "locations": [],
          "properties": {
            "standardIds": [
              "CRA-Annex:Annex I Part I (2)(f)"
            ],
            "standardHelpUris": [
              "https://eur-lex.europa.eu/eli/reg/2024/2847/oj/eng"
            ]
          }
        },
        {
          "ruleId": "SBOM-CRA-COMPONENT-SUPPLIER",
          "level": "warning",
          "message": {
            "text": "New SBOM - EU CRA Phase 2 (2027): [CRA Annex I Part II (1)] Component 'lodash' missing supplier/manufacturer (Requirement: CRA Annex I Part II (1): Component supplier information) [Element: lodash]"
          },
          "locations": [],
          "properties": {
            "standardIds": [
              "CRA-Annex:Annex I Part II (1)",
              "prEN-40000-1-3:PRE-7-RQ-03"
            ],
            "standardHelpUris": [
              "https://eur-lex.europa.eu/eli/reg/2024/2847/oj/eng"
            ]
          }
        },
        {
          "ruleId": "SBOM-CRA-ANNEX-I",
          "level": "note",
          "message": {
            "text": "New SBOM - EU CRA Phase 2 (2027): [CRA Annex I Part I (2)(f)] Component 'lodash' missing cryptographic hash (recommended for integrity) (Requirement: CRA Annex I Part I (2)(f): Component integrity information (hash)) [Element: lodash]"
          },
          "locations": [],
          "properties": {
            "standardIds": [
              "CRA-Annex:Annex I Part I (2)(f)"
            ],
            "standardHelpUris": [
              "https://eur-lex.europa.eu/eli/reg/2024/2847/oj/eng"
            ]
          }
        },
        {
          "ruleId": "SBOM-CRA-COMPONENT-SUPPLIER",
          "level": "warning",
          "message": {
            "text": "New SBOM - EU CRA Phase 2 (2027): [CRA Annex I Part II (1)] Component 'express' missing supplier/manufacturer (Requirement: CRA Annex I Part II (1): Component supplier information) [Element: express]"
          },
          "locations": [],
          "properties": {
            "standardIds": [
              "CRA-Annex:Annex I Part II (1)",
              "prEN-40000-1-3:PRE-7-RQ-03"
            ],
            "standardHelpUris": [
              "https://eur-lex.europa.eu/eli/reg/2024/2847/oj/eng"
            ]
          }
        },
        {
          "ruleId": "SBOM-CRA-ANNEX-I",
          "level": "note",
          "message": {
            "text": "New SBOM - EU CRA Phase 2 (2027): [CRA Annex I Part I (2)(f)] Component 'express' missing cryptographic hash (recommended for integrity) (Requirement: CRA Annex I Part I (2)(f): Component integrity information (hash)) [Element: express]"
          },
          "locations": [],
          "properties": {
            "standardIds": [
              "CRA-Annex:Annex I Part I (2)(f)"
            ],
            "standardHelpUris": [
              "https://eur-lex.europa.eu/eli/reg/2024/2847/oj/eng"
            ]
          }
        },
        {
          "ruleId": "SBOM-CRA-COMPONENT-SUPPLIER",
          "level": "warning",
          "message": {
            "text": "New SBOM - EU CRA Phase 2 (2027): [CRA Annex I Part II (1)] Component 'dayjs' missing supplier/manufacturer (Requirement: CRA Annex I Part II (1): Component supplier information) [Element: dayjs]"
          },
          "locations": [],
          "properties": {
            "standardIds": [
              "CRA-Annex:Annex I Part II (1)",
              "prEN-40000-1-3:PRE-7-RQ-03"
            ],
            "standardHelpUris": [
              "https://eur-lex.europa.eu/eli/reg/2024/2847/oj/eng"
            ]
          }
        },
        {
          "ruleId": "SBOM-CRA-ANNEX-I",
          "level": "note",
          "message": {
            "text": "New SBOM - EU CRA Phase 2 (2027): [CRA Annex I Part I (2)(f)] Component 'dayjs' missing cryptographic hash (recommended for integrity) (Requirement: CRA Annex I Part I (2)(f): Component integrity information (hash)) [Element: dayjs]"
          },
          "locations": [],
          "properties": {
            "standardIds": [
              "CRA-Annex:Annex I Part I (2)(f)"
            ],
            "standardHelpUris": [
              "https://eur-lex.europa.eu/eli/reg/2024/2847/oj/eng"
            ]
          }
        },
        {
          "ruleId": "SBOM-CRA-COMPONENT-SUPPLIER",
          "level": "warning",
          "message": {
            "text": "New SBOM - EU CRA Phase 2 (2027): [CRA Annex I Part II (1)] Component 'axios' missing supplier/manufacturer (Requirement: CRA Annex I Part II (1): Component supplier information) [Element: axios]"
          },
          "locations": [],
          "properties": {
            "standardIds": [
              "CRA-Annex:Annex I Part II (1)",
              "prEN-40000-1-3:PRE-7-RQ-03"
            ],
            "standardHelpUris": [
              "https://eur-lex.europa.eu/eli/reg/2024/2847/oj/eng"
            ]
          }
        },
        {
          "ruleId": "SBOM-CRA-ANNEX-I",
          "level": "note",
          "message": {
            "text": "New SBOM - EU CRA Phase 2 (2027): [CRA Annex I Part I (2)(f)] Component 'axios' missing cryptographic hash (recommended for integrity) (Requirement: CRA Annex I Part I (2)(f): Component integrity information (hash)) [Element: axios]"
          },
          "locations": [],
          "properties": {
            "standardIds": [
              "CRA-Annex:Annex I Part I (2)(f)"
            ],
            "standardHelpUris": [
              "https://eur-lex.europa.eu/eli/reg/2024/2847/oj/eng"
            ]
          }
        },
        {
          "ruleId": "SBOM-CRA-COMPONENT-SUPPLIER",
          "level": "warning",
          "message": {
            "text": "New SBOM - EU CRA Phase 2 (2027): [CRA Annex I Part II (1)] Component 'react' missing supplier/manufacturer (Requirement: CRA Annex I Part II (1): Component supplier information) [Element: react]"
          },
          "locations": [],
          "properties": {
            "standardIds": [
              "CRA-Annex:Annex I Part II (1)",
              "prEN-40000-1-3:PRE-7-RQ-03"
            ],
            "standardHelpUris": [
              "https://eur-lex.europa.eu/eli/reg/2024/2847/oj/eng"
            ]
          }
        },
        {
          "ruleId": "SBOM-CRA-ANNEX-I",
          "level": "note",
          "message": {
            "text": "New SBOM - EU CRA Phase 2 (2027): [CRA Annex I Part I (2)(f)] Component 'react' missing cryptographic hash (recommended for integrity) (Requirement: CRA Annex I Part I (2)(f): Component integrity information (hash)) [Element: react]"
          },
          "locations": [],
          "properties": {
            "standardIds": [
              "CRA-Annex:Annex I Part I (2)(f)"
            ],
            "standardHelpUris": [
              "https://eur-lex.europa.eu/eli/reg/2024/2847/oj/eng"
            ]
          }
        },
        {
          "ruleId": "SBOM-CRA-COMPONENT-SUPPLIER",
          "level": "warning",
          "message": {
            "text": "New SBOM - EU CRA Phase 2 (2027): [CRA Annex I Part II (1)] Component 'typescript' missing supplier/manufacturer (Requirement: CRA Annex I Part II (1): Component supplier information) [Element: typescript]"
          },
          "locations": [],
          "properties": {
            "standardIds": [
              "CRA-Annex:Annex I Part II (1)",
              "prEN-40000-1-3:PRE-7-RQ-03"
            ],
            "standardHelpUris": [
              "https://eur-lex.europa.eu/eli/reg/2024/2847/oj/eng"
            ]
          }
        },
        {
          "ruleId": "SBOM-CRA-ANNEX-I",
          "level": "note",
          "message": {
            "text": "New SBOM - EU CRA Phase 2 (2027): [CRA Annex I Part I (2)(f)] Component 'typescript' missing cryptographic hash (recommended for integrity) (Requirement: CRA Annex I Part I (2)(f): Component integrity information (hash)) [Element: typescript]"
          },
          "locations": [],
          "properties": {
            "standardIds": [
              "CRA-Annex:Annex I Part I (2)(f)"
            ],
            "standardHelpUris": [
              "https://eur-lex.europa.eu/eli/reg/2024/2847/oj/eng"
            ]
          }
        },
        {
          "ruleId": "SBOM-CRA-COMPONENT-SUPPLIER",
          "level": "warning",
          "message": {
            "text": "New SBOM - EU CRA Phase 2 (2027): [CRA Annex I Part II (1)] Component 'zod' missing supplier/manufacturer (Requirement: CRA Annex I Part II (1): Component supplier information) [Element: zod]"
          },
          "locations": [],
          "properties": {
            "standardIds": [
              "CRA-Annex:Annex I Part II (1)",
              "prEN-40000-1-3:PRE-7-RQ-03"
            ],
            "standardHelpUris": [
              "https://eur-lex.europa.eu/eli/reg/2024/2847/oj/eng"
            ]
          }
        },
        {
          "ruleId": "SBOM-CRA-ANNEX-I",
          "level": "note",
          "message": {
            "text": "New SBOM - EU CRA Phase 2 (2027): [CRA Annex I Part I (2)(f)] Component 'zod' missing cryptographic hash (recommended for integrity) (Requirement: CRA Annex I Part I (2)(f): Component integrity information (hash)) [Element: zod]"
          },
          "locations": [],
          "properties": {
            "standardIds": [
              "CRA-Annex:Annex I Part I (2)(f)"
            ],
            "standardHelpUris": [
              "https://eur-lex.europa.eu/eli/reg/2024/2847/oj/eng"
            ]
          }
        },
        {
          "ruleId": "SBOM-CRA-COMPONENT-SUPPLIER",
          "level": "warning",
          "message": {
            "text": "New SBOM - EU CRA Phase 2 (2027): [CRA Annex I Part II (1)] Component 'prisma' missing supplier/manufacturer (Requirement: CRA Annex I Part II (1): Component supplier information) [Element: prisma]"
          },
          "locations": [],
          "properties": {
            "standardIds": [
              "CRA-Annex:Annex I Part II (1)",
              "prEN-40000-1-3:PRE-7-RQ-03"
            ],
            "standardHelpUris": [
              "https://eur-lex.europa.eu/eli/reg/2024/2847/oj/eng"
            ]
          }
        },
        {
          "ruleId": "SBOM-CRA-ANNEX-I",
          "level": "note",
          "message": {
            "text": "New SBOM - EU CRA Phase 2 (2027): [CRA Annex I Part I (2)(f)] Component 'prisma' missing cryptographic hash (recommended for integrity) (Requirement: CRA Annex I Part I (2)(f): Component integrity information (hash)) [Element: prisma]"
          },
          "locations": [],
          "properties": {
            "standardIds": [
              "CRA-Annex:Annex I Part I (2)(f)"
            ],
            "standardHelpUris": [
              "https://eur-lex.europa.eu/eli/reg/2024/2847/oj/eng"
            ]
          }
        },
        {
          "ruleId": "SBOM-CRA-ANNEX-I",
          "level": "error",
          "message": {
            "text": "New SBOM - EU CRA Phase 2 (2027): [CRA Annex I] SBOM with multiple components must include dependency relationships (Requirement: CRA Annex I: Dependency relationships) [Element: unknown]"
          },
          "locations": [],
          "properties": {
            "standardIds": [
              "CRA-Annex:Annex I"
            ],
            "standardHelpUris": [
              "https://eur-lex.europa.eu/eli/reg/2024/2847/oj/eng"
            ]
          }
        },
        {
          "ruleId": "SBOM-CRA-GENERAL",
          "level": "note",
          "message": {
            "text": "New SBOM - EU CRA Phase 2 (2027): Component 'acme-webapp' may be missing bom-ref (Requirement: CycloneDX: bom-ref for dependency tracking) [Element: acme-webapp]"
          },
          "locations": []
        },
        {
          "ruleId": "SBOM-CRA-GENERAL",
          "level": "note",
          "message": {
            "text": "New SBOM - EU CRA Phase 2 (2027): Component 'lodash' may be missing bom-ref (Requirement: CycloneDX: bom-ref for dependency tracking) [Element: lodash]"
          },
          "locations": []
        },
        {
          "ruleId": "SBOM-CRA-GENERAL",
          "level": "note",
          "message": {
            "text": "New SBOM - EU CRA Phase 2 (2027): Component 'express' may be missing bom-ref (Requirement: CycloneDX: bom-ref for dependency tracking) [Element: express]"
          },
          "locations": []
        },
        {
          "ruleId": "SBOM-CRA-GENERAL",
          "level": "note",
          "message": {
            "text": "New SBOM - EU CRA Phase 2 (2027): Component 'dayjs' may be missing bom-ref (Requirement: CycloneDX: bom-ref for dependency tracking) [Element: dayjs]"
          },
          "locations": []
        },
        {
          "ruleId": "SBOM-CRA-GENERAL",
          "level": "note",
          "message": {
            "text": "New SBOM - EU CRA Phase 2 (2027): Component 'axios' may be missing bom-ref (Requirement: CycloneDX: bom-ref for dependency tracking) [Element: axios]"
          },
          "locations": []
        },
        {
          "ruleId": "SBOM-CRA-GENERAL",
          "level": "note",
          "message": {
            "text": "New SBOM - EU CRA Phase 2 (2027): Component 'react' may be missing bom-ref (Requirement: CycloneDX: bom-ref for dependency tracking) [Element: react]"
          },
          "locations": []
        },
        {
          "ruleId": "SBOM-CRA-GENERAL",
          "level": "note",
          "message": {
            "text": "New SBOM - EU CRA Phase 2 (2027): Component 'typescript' may be missing bom-ref (Requirement: CycloneDX: bom-ref for dependency tracking) [Element: typescript]"
          },
          "locations": []
        },
        {
          "ruleId": "SBOM-CRA-GENERAL",
          "level": "note",
          "message": {
            "text": "New SBOM - EU CRA Phase 2 (2027): Component 'zod' may be missing bom-ref (Requirement: CycloneDX: bom-ref for dependency tracking) [Element: zod]"
          },
          "locations": []
        },
        {
          "ruleId": "SBOM-CRA-GENERAL",
          "level": "note",
          "message": {
            "text": "New SBOM - EU CRA Phase 2 (2027): Component 'prisma' may be missing bom-ref (Requirement: CycloneDX: bom-ref for dependency tracking) [Element: prisma]"
          },
          "locations": []
        },
        {
          "ruleId": "SBOM-CRA-SBOM-FRESHNESS",
          "level": "warning",
          "message": {
            "text": "New SBOM - EU CRA Phase 2 (2027): [CRA Art. 13(7) / Annex I Part II (1)] SBOM is [N] days old; keep the documented component inventory current when components change (Requirement: CRA Art. 13(7) / Annex I Part II (1): SBOM freshness) [Element: unknown]"
          },
          "locations": [],
          "properties": {
            "standardIds": [
              "CRA:Art. 13(7)",
              "CRA-Annex:Annex I Part II (1)"
            ],
            "standardHelpUris": [
              "https://eur-lex.europa.eu/eli/reg/2024/2847/oj/eng",
              "https://eur-lex.europa.eu/eli/reg/2024/2847/oj/eng"
            ]
          }
        },
        {
          "ruleId": "SBOM-CRA-ART-13-5",
          "level": "note",
          "message": {
            "text": "New SBOM - EU CRA Phase 2 (2027): [CRA Art. 13(5)] 1/9 components (11%) missing license information needed to evidence third-party due diligence (Requirement: CRA Art. 13(5): Third-party due diligence (license tracking)) [Element: unknown]"
          },
          "locations": [],
          "properties": {
            "standardIds": [
              "CRA:Art. 13(5)"
            ],
            "standardHelpUris": [
              "https://eur-lex.europa.eu/eli/reg/2024/2847/oj/eng"
            ]
          }
        },
        {
          "ruleId": "SBOM-CRA-VULN-STATEMENT",
          "level": "note",
          "message": {
            "text": "New SBOM - EU CRA Phase 2 (2027): [CRA Annex I Part II (1)] No vulnerability data or vulnerability assertion found; include vulnerability information or a statement of no known vulnerabilities (Requirement: CRA Annex I Part II (1): Documented vulnerability information) [Element: unknown]"
          },
          "locations": [],
          "properties": {
            "standardIds": [
              "CRA-Annex:Annex I Part II (1)"
            ],
            "standardHelpUris": [
              "https://eur-lex.europa.eu/eli/reg/2024/2847/oj/eng"
            ]
          }
        },
        {
          "ruleId": "SBOM-CRA-DOC-INTEGRITY",
          "level": "note",
          "message": {
            "text": "New SBOM - EU CRA Phase 2 (2027): [CRA Annex I Part I (2)(f)] Consider adding document-level integrity metadata (serial number, digital signature, or attestation with hash) (Requirement: CRA Annex I Part I (2)(f): Document signature/integrity) [Element: unknown]"
          },
          "locations": [],
          "properties": {
            "standardIds": [
              "CRA-Annex:Annex I Part I (2)(f)"
            ],
            "standardHelpUris": [
              "https://eur-lex.europa.eu/eli/reg/2024/2847/oj/eng"
            ]
          }
        },
        {
          "ruleId": "SBOM-CRA-GENERAL",
          "level": "warning",
          "message": {
            "text": "New SBOM - EU CRA Phase 2 (2027): [CRA Art. 13(2)] No documented risk assessment referenced — add an externalReference of type 'risk-assessment' or supply riskAssessmentUrl in the CRA sidecar (Requirement: CRA Art. 13(2): Documented risk assessment) [Element: unknown]"
          },
          "locations": [],
          "properties": {
            "standardIds": [
              "CRA:Art. 13(2)"
            ],
            "standardHelpUris": [
              "https://eur-lex.europa.eu/eli/reg/2024/2847/oj/eng"
            ]
          }
        },
        {
          "ruleId": "SBOM-CRA-GENERAL",
          "level": "note",
          "message": {
            "text": "New SBOM - EU CRA Phase 2 (2027): [CRA Art. 14] PSIRT URL missing — [ART14] (Requirement: CRA Art. 14: PSIRT contact for external vulnerability reports) [Element: unknown]"
          },
          "locations": [],
          "properties": {
            "standardIds": [
              "CRA:Art. 14"
            ],
            "standardHelpUris": [
              "https://eur-lex.europa.eu/eli/reg/2024/2847/oj/eng"
            ]
          }
        },
        {
          "ruleId": "SBOM-CRA-GENERAL",
          "level": "note",
          "message": {
            "text": "New SBOM - EU CRA Phase 2 (2027): [CRA Art. 14(2)(a)] 24-hour early-warning channel missing — document the ENISA/CSIRT contact before 2026-09-11 (Requirement: CRA Art. 14(2)(a): 24-hour early-warning channel) [Element: unknown]"
          },
          "locations": [],
          "properties": {
            "standardIds": [
              "CRA:Art. 14"
            ],
            "standardHelpUris": [
              "https://eur-lex.europa.eu/eli/reg/2024/2847/oj/eng"
            ]
          }
        },
        {
          "ruleId": "SBOM-CRA-GENERAL",
          "level": "note",
          "message": {
            "text": "New SBOM - EU CRA Phase 2 (2027): [CRA Art. 14(2)(b) / 14(4)(b)] 72-hour notification channel missing — document this contact before 2026-09-11 (Requirement: CRA Art. 14(2)(b): 72-hour notification channel) [Element: unknown]"
          },
          "locations": [],
          "properties": {
            "standardIds": [
              "CRA:Art. 14"
            ],
            "standardHelpUris": [
              "https://eur-lex.europa.eu/eli/reg/2024/2847/oj/eng"
            ]
          }
        },
        {
          "ruleId": "SBOM-CRA-GENERAL",
          "level": "note",
          "message": {
            "text": "New SBOM - EU CRA Phase 2 (2027): [CRA Art. 14(7)] No ENISA single reporting platform identifier — track ENISA publication and add `enisaReportingPlatformId` to the CRA sidecar when available (Requirement: CRA Art. 14(7): ENISA single reporting platform) [Element: unknown]"
          },
          "locations": [],
          "properties": {
            "standardIds": [
              "CRA:Art. 14"
            ],
            "standardHelpUris": [
              "https://eur-lex.europa.eu/eli/reg/2024/2847/oj/eng"
            ]
          }
        }
      ]
    }
  ]
}
