---
source: tests/golden_reports.rs
assertion_line: 144
expression: "render(&JsonReporter::new())"
---
{
  "metadata": {
    "tool": {
      "name": "sbom-tools",
      "version": "[VERSION]"
    },
    "generated_at": "[TIMESTAMP]",
    "old_sbom": {
      "format": "CycloneDX",
      "file_path": "tests/fixtures/demo-old.cdx.json",
      "component_count": 9
    },
    "new_sbom": {
      "format": "CycloneDX",
      "file_path": "tests/fixtures/demo-new.cdx.json",
      "component_count": 9
    }
  },
  "summary": {
    "total_changes": 18,
    "components": {
      "added": 4,
      "removed": 4,
      "modified": 5
    },
    "vulnerabilities": {
      "introduced": 2,
      "resolved": 3,
      "persistent": 0
    },
    "metadata_changes": 3,
    "semantic_score": 57.74193548387097
  },
  "cra_compliance": {
    "old": {
      "is_compliant": false,
      "level": "CraPhase2",
      "violations": [
        {
          "severity": "Error",
          "category": "DocumentMetadata",
          "message": "SBOM must have creator/tool information",
          "element": null,
          "requirement": "Document creator identification",
          "rule_id": "SBOM-CRA-GENERAL",
          "sarif_rule_id": "SBOM-CRA-GENERAL"
        },
        {
          "severity": "Warning",
          "category": "DocumentMetadata",
          "message": "[CRA Art. 13(16)] SBOM should identify the manufacturer (organization)",
          "element": null,
          "requirement": "CRA Art. 13(16): Manufacturer identification",
          "rule_id": "SBOM-CRA-ART-13-16",
          "sarif_rule_id": "SBOM-CRA-ART-13-16",
          "standard_refs": [
            {
              "standard": "CraArticle",
              "id": "Art. 13(16)",
              "help_uri": "https://eur-lex.europa.eu/eli/reg/2024/2847/oj/eng"
            },
            {
              "standard": "CraAnnex",
              "id": "Annex II (1)",
              "help_uri": "https://eur-lex.europa.eu/eli/reg/2024/2847/oj/eng"
            }
          ]
        },
        {
          "severity": "Warning",
          "category": "SecurityInfo",
          "message": "[CRA Art. 13(17)] SBOM should include a security contact or vulnerability disclosure reference",
          "element": null,
          "requirement": "CRA Art. 13(17): Vulnerability disclosure contact",
          "rule_id": "SBOM-CRA-ART-13-17-CONTACT",
          "sarif_rule_id": "SBOM-CRA-ART-13-17-CONTACT",
          "standard_refs": [
            {
              "standard": "CraArticle",
              "id": "Art. 13(17)",
              "help_uri": "https://eur-lex.europa.eu/eli/reg/2024/2847/oj/eng"
            },
            {
              "standard": "CraAnnex",
              "id": "Annex I Part II (6)",
              "help_uri": "https://eur-lex.europa.eu/eli/reg/2024/2847/oj/eng"
            },
            {
              "standard": "CraAnnex",
              "id": "Annex II (2)",
              "help_uri": "https://eur-lex.europa.eu/eli/reg/2024/2847/oj/eng"
            }
          ]
        },
        {
          "severity": "Info",
          "category": "SecurityInfo",
          "message": "[CRA Art. 13(8) / 13(19)] Consider specifying a support end date for security updates",
          "element": null,
          "requirement": "CRA Art. 13(8) / 13(19): Support period disclosure",
          "rule_id": "SBOM-CRA-ART-13-8",
          "sarif_rule_id": "SBOM-CRA-ART-13-8",
          "standard_refs": [
            {
              "standard": "CraArticle",
              "id": "Art. 13(8)",
              "help_uri": "https://eur-lex.europa.eu/eli/reg/2024/2847/oj/eng"
            },
            {
              "standard": "CraArticle",
              "id": "Art. 13(19)",
              "help_uri": "https://eur-lex.europa.eu/eli/reg/2024/2847/oj/eng"
            },
            {
              "standard": "CraAnnex",
              "id": "Annex II (7)",
              "help_uri": "https://eur-lex.europa.eu/eli/reg/2024/2847/oj/eng"
            }
          ]
        },
        {
          "severity": "Warning",
          "category": "ComponentIdentification",
          "message": "[CRA Annex I Part II (1)] Primary component 'acme-webapp' missing unique identifier (PURL/CPE) for cross-update traceability",
          "element": "acme-webapp",
          "component_id": "acme-webapp",
          "requirement": "CRA Annex I Part II (1): Product identifier traceability across updates",
          "rule_id": "SBOM-CRA-ANNEX-I-TRACEABILITY",
          "sarif_rule_id": "SBOM-CRA-ANNEX-I",
          "standard_refs": [
            {
              "standard": "CraAnnex",
              "id": "Annex I Part II",
              "help_uri": "https://eur-lex.europa.eu/eli/reg/2024/2847/oj/eng"
            },
            {
              "standard": "Pren40000_1_3",
              "id": "PRE-7-RQ-07"
            }
          ]
        },
        {
          "severity": "Warning",
          "category": "SecurityInfo",
          "message": "[CRA Annex I Part II (5)] SBOM should reference a coordinated vulnerability disclosure policy (advisories URL or disclosure URL)",
          "element": null,
          "requirement": "CRA Annex I Part II (5): Coordinated vulnerability disclosure policy",
          "rule_id": "SBOM-CRA-CVD-POLICY",
          "sarif_rule_id": "SBOM-CRA-CVD-POLICY",
          "standard_refs": [
            {
              "standard": "CraAnnex",
              "id": "Annex I Part II (5)",
              "help_uri": "https://eur-lex.europa.eu/eli/reg/2024/2847/oj/eng"
            },
            {
              "standard": "CraArticle",
              "id": "Art. 13(8)",
              "help_uri": "https://eur-lex.europa.eu/eli/reg/2024/2847/oj/eng"
            },
            {
              "standard": "Pren40000_1_3",
              "id": "RLS-2-RQ-03-RE"
            }
          ]
        },
        {
          "severity": "Info",
          "category": "SecurityInfo",
          "message": "[CRA Art. 13(8) / Annex II (7)] Consider including component lifecycle/end-of-support information",
          "element": null,
          "requirement": "CRA Annex II (7): Component lifecycle status",
          "rule_id": "SBOM-CRA-LIFECYCLE",
          "sarif_rule_id": "SBOM-CRA-LIFECYCLE",
          "standard_refs": [
            {
              "standard": "CraArticle",
              "id": "Art. 13(8)",
              "help_uri": "https://eur-lex.europa.eu/eli/reg/2024/2847/oj/eng"
            },
            {
              "standard": "CraAnnex",
              "id": "Annex II (7)",
              "help_uri": "https://eur-lex.europa.eu/eli/reg/2024/2847/oj/eng"
            }
          ]
        },
        {
          "severity": "Info",
          "category": "DocumentMetadata",
          "message": "[CRA Annex V] Missing reference to the EU Declaration of Conformity (attestation or certification external reference) for product class Default",
          "element": null,
          "requirement": "CRA Annex V: EU Declaration of Conformity reference",
          "rule_id": "SBOM-CRA-ANNEX-V",
          "sarif_rule_id": "SBOM-CRA-ANNEX-V",
          "standard_refs": [
            {
              "standard": "CraAnnex",
              "id": "Annex V",
              "help_uri": "https://eur-lex.europa.eu/eli/reg/2024/2847/oj/eng"
            }
          ]
        },
        {
          "severity": "Warning",
          "category": "DocumentMetadata",
          "message": "SBOM should have a serial number/unique identifier",
          "element": null,
          "requirement": "Document unique identification",
          "rule_id": "SBOM-CRA-GENERAL",
          "sarif_rule_id": "SBOM-CRA-GENERAL"
        },
        {
          "severity": "Error",
          "category": "ComponentIdentification",
          "message": "[CRA Annex I, [PRE-7-RQ-07]] Component 'acme-webapp' missing unique identifier (PURL/CPE/SWHID/SWID)",
          "element": "acme-webapp",
          "component_id": "acme-webapp",
          "requirement": "CRA Annex I / prEN 40000-1-3 [PRE-7-RQ-07]: Unique component identifier (PURL/CPE/SWHID/SWID)",
          "rule_id": "SBOM-CRA-ANNEX-I-IDENTIFIER",
          "sarif_rule_id": "SBOM-CRA-ANNEX-I",
          "standard_refs": [
            {
              "standard": "CraAnnex",
              "id": "Annex I",
              "help_uri": "https://eur-lex.europa.eu/eli/reg/2024/2847/oj/eng"
            },
            {
              "standard": "Pren40000_1_3",
              "id": "PRE-7-RQ-07"
            }
          ]
        },
        {
          "severity": "Warning",
          "category": "SupplierInfo",
          "message": "[CRA Annex I Part II (1)] Component 'acme-webapp' missing supplier/manufacturer",
          "element": "acme-webapp",
          "component_id": "acme-webapp",
          "requirement": "CRA Annex I Part II (1): Component supplier information",
          "rule_id": "SBOM-CRA-COMPONENT-SUPPLIER",
          "sarif_rule_id": "SBOM-CRA-COMPONENT-SUPPLIER",
          "standard_refs": [
            {
              "standard": "CraAnnex",
              "id": "Annex I Part II (1)",
              "help_uri": "https://eur-lex.europa.eu/eli/reg/2024/2847/oj/eng"
            },
            {
              "standard": "Pren40000_1_3",
              "id": "PRE-7-RQ-03"
            }
          ]
        },
        {
          "severity": "Info",
          "category": "IntegrityInfo",
          "message": "[CRA Annex I Part I (2)(f)] Component 'acme-webapp' missing cryptographic hash (recommended for integrity)",
          "element": "acme-webapp",
          "component_id": "acme-webapp",
          "requirement": "CRA Annex I Part I (2)(f): Component integrity information (hash)",
          "rule_id": "SBOM-CRA-ANNEX-I-INTEGRITY",
          "sarif_rule_id": "SBOM-CRA-ANNEX-I",
          "standard_refs": [
            {
              "standard": "CraAnnex",
              "id": "Annex I Part I (2)(f)",
              "help_uri": "https://eur-lex.europa.eu/eli/reg/2024/2847/oj/eng"
            }
          ]
        },
        {
          "severity": "Warning",
          "category": "SupplierInfo",
          "message": "[CRA Annex I Part II (1)] Component 'lodash' missing supplier/manufacturer",
          "element": "lodash",
          "component_id": "pkg:npm/lodash@4.17.20",
          "requirement": "CRA Annex I Part II (1): Component supplier information",
          "rule_id": "SBOM-CRA-COMPONENT-SUPPLIER",
          "sarif_rule_id": "SBOM-CRA-COMPONENT-SUPPLIER",
          "standard_refs": [
            {
              "standard": "CraAnnex",
              "id": "Annex I Part II (1)",
              "help_uri": "https://eur-lex.europa.eu/eli/reg/2024/2847/oj/eng"
            },
            {
              "standard": "Pren40000_1_3",
              "id": "PRE-7-RQ-03"
            }
          ]
        },
        {
          "severity": "Info",
          "category": "IntegrityInfo",
          "message": "[CRA Annex I Part I (2)(f)] Component 'lodash' missing cryptographic hash (recommended for integrity)",
          "element": "lodash",
          "component_id": "pkg:npm/lodash@4.17.20",
          "requirement": "CRA Annex I Part I (2)(f): Component integrity information (hash)",
          "rule_id": "SBOM-CRA-ANNEX-I-INTEGRITY",
          "sarif_rule_id": "SBOM-CRA-ANNEX-I",
          "standard_refs": [
            {
              "standard": "CraAnnex",
              "id": "Annex I Part I (2)(f)",
              "help_uri": "https://eur-lex.europa.eu/eli/reg/2024/2847/oj/eng"
            }
          ]
        },
        {
          "severity": "Warning",
          "category": "SupplierInfo",
          "message": "[CRA Annex I Part II (1)] Component 'express' missing supplier/manufacturer",
          "element": "express",
          "component_id": "pkg:npm/express@4.17.1",
          "requirement": "CRA Annex I Part II (1): Component supplier information",
          "rule_id": "SBOM-CRA-COMPONENT-SUPPLIER",
          "sarif_rule_id": "SBOM-CRA-COMPONENT-SUPPLIER",
          "standard_refs": [
            {
              "standard": "CraAnnex",
              "id": "Annex I Part II (1)",
              "help_uri": "https://eur-lex.europa.eu/eli/reg/2024/2847/oj/eng"
            },
            {
              "standard": "Pren40000_1_3",
              "id": "PRE-7-RQ-03"
            }
          ]
        },
        {
          "severity": "Info",
          "category": "IntegrityInfo",
          "message": "[CRA Annex I Part I (2)(f)] Component 'express' missing cryptographic hash (recommended for integrity)",
          "element": "express",
          "component_id": "pkg:npm/express@4.17.1",
          "requirement": "CRA Annex I Part I (2)(f): Component integrity information (hash)",
          "rule_id": "SBOM-CRA-ANNEX-I-INTEGRITY",
          "sarif_rule_id": "SBOM-CRA-ANNEX-I",
          "standard_refs": [
            {
              "standard": "CraAnnex",
              "id": "Annex I Part I (2)(f)",
              "help_uri": "https://eur-lex.europa.eu/eli/reg/2024/2847/oj/eng"
            }
          ]
        },
        {
          "severity": "Warning",
          "category": "SupplierInfo",
          "message": "[CRA Annex I Part II (1)] Component 'moment' missing supplier/manufacturer",
          "element": "moment",
          "component_id": "pkg:npm/moment@2.29.1",
          "requirement": "CRA Annex I Part II (1): Component supplier information",
          "rule_id": "SBOM-CRA-COMPONENT-SUPPLIER",
          "sarif_rule_id": "SBOM-CRA-COMPONENT-SUPPLIER",
          "standard_refs": [
            {
              "standard": "CraAnnex",
              "id": "Annex I Part II (1)",
              "help_uri": "https://eur-lex.europa.eu/eli/reg/2024/2847/oj/eng"
            },
            {
              "standard": "Pren40000_1_3",
              "id": "PRE-7-RQ-03"
            }
          ]
        },
        {
          "severity": "Info",
          "category": "IntegrityInfo",
          "message": "[CRA Annex I Part I (2)(f)] Component 'moment' missing cryptographic hash (recommended for integrity)",
          "element": "moment",
          "component_id": "pkg:npm/moment@2.29.1",
          "requirement": "CRA Annex I Part I (2)(f): Component integrity information (hash)",
          "rule_id": "SBOM-CRA-ANNEX-I-INTEGRITY",
          "sarif_rule_id": "SBOM-CRA-ANNEX-I",
          "standard_refs": [
            {
              "standard": "CraAnnex",
              "id": "Annex I Part I (2)(f)",
              "help_uri": "https://eur-lex.europa.eu/eli/reg/2024/2847/oj/eng"
            }
          ]
        },
        {
          "severity": "Warning",
          "category": "SupplierInfo",
          "message": "[CRA Annex I Part II (1)] Component 'request' missing supplier/manufacturer",
          "element": "request",
          "component_id": "pkg:npm/request@2.88.2",
          "requirement": "CRA Annex I Part II (1): Component supplier information",
          "rule_id": "SBOM-CRA-COMPONENT-SUPPLIER",
          "sarif_rule_id": "SBOM-CRA-COMPONENT-SUPPLIER",
          "standard_refs": [
            {
              "standard": "CraAnnex",
              "id": "Annex I Part II (1)",
              "help_uri": "https://eur-lex.europa.eu/eli/reg/2024/2847/oj/eng"
            },
            {
              "standard": "Pren40000_1_3",
              "id": "PRE-7-RQ-03"
            }
          ]
        },
        {
          "severity": "Info",
          "category": "IntegrityInfo",
          "message": "[CRA Annex I Part I (2)(f)] Component 'request' missing cryptographic hash (recommended for integrity)",
          "element": "request",
          "component_id": "pkg:npm/request@2.88.2",
          "requirement": "CRA Annex I Part I (2)(f): Component integrity information (hash)",
          "rule_id": "SBOM-CRA-ANNEX-I-INTEGRITY",
          "sarif_rule_id": "SBOM-CRA-ANNEX-I",
          "standard_refs": [
            {
              "standard": "CraAnnex",
              "id": "Annex I Part I (2)(f)",
              "help_uri": "https://eur-lex.europa.eu/eli/reg/2024/2847/oj/eng"
            }
          ]
        },
        {
          "severity": "Warning",
          "category": "SupplierInfo",
          "message": "[CRA Annex I Part II (1)] Component 'axios' missing supplier/manufacturer",
          "element": "axios",
          "component_id": "pkg:npm/axios@0.21.1",
          "requirement": "CRA Annex I Part II (1): Component supplier information",
          "rule_id": "SBOM-CRA-COMPONENT-SUPPLIER",
          "sarif_rule_id": "SBOM-CRA-COMPONENT-SUPPLIER",
          "standard_refs": [
            {
              "standard": "CraAnnex",
              "id": "Annex I Part II (1)",
              "help_uri": "https://eur-lex.europa.eu/eli/reg/2024/2847/oj/eng"
            },
            {
              "standard": "Pren40000_1_3",
              "id": "PRE-7-RQ-03"
            }
          ]
        },
        {
          "severity": "Info",
          "category": "IntegrityInfo",
          "message": "[CRA Annex I Part I (2)(f)] Component 'axios' missing cryptographic hash (recommended for integrity)",
          "element": "axios",
          "component_id": "pkg:npm/axios@0.21.1",
          "requirement": "CRA Annex I Part I (2)(f): Component integrity information (hash)",
          "rule_id": "SBOM-CRA-ANNEX-I-INTEGRITY",
          "sarif_rule_id": "SBOM-CRA-ANNEX-I",
          "standard_refs": [
            {
              "standard": "CraAnnex",
              "id": "Annex I Part I (2)(f)",
              "help_uri": "https://eur-lex.europa.eu/eli/reg/2024/2847/oj/eng"
            }
          ]
        },
        {
          "severity": "Warning",
          "category": "SupplierInfo",
          "message": "[CRA Annex I Part II (1)] Component 'underscore' missing supplier/manufacturer",
          "element": "underscore",
          "component_id": "pkg:npm/underscore@1.12.0",
          "requirement": "CRA Annex I Part II (1): Component supplier information",
          "rule_id": "SBOM-CRA-COMPONENT-SUPPLIER",
          "sarif_rule_id": "SBOM-CRA-COMPONENT-SUPPLIER",
          "standard_refs": [
            {
              "standard": "CraAnnex",
              "id": "Annex I Part II (1)",
              "help_uri": "https://eur-lex.europa.eu/eli/reg/2024/2847/oj/eng"
            },
            {
              "standard": "Pren40000_1_3",
              "id": "PRE-7-RQ-03"
            }
          ]
        },
        {
          "severity": "Info",
          "category": "IntegrityInfo",
          "message": "[CRA Annex I Part I (2)(f)] Component 'underscore' missing cryptographic hash (recommended for integrity)",
          "element": "underscore",
          "component_id": "pkg:npm/underscore@1.12.0",
          "requirement": "CRA Annex I Part I (2)(f): Component integrity information (hash)",
          "rule_id": "SBOM-CRA-ANNEX-I-INTEGRITY",
          "sarif_rule_id": "SBOM-CRA-ANNEX-I",
          "standard_refs": [
            {
              "standard": "CraAnnex",
              "id": "Annex I Part I (2)(f)",
              "help_uri": "https://eur-lex.europa.eu/eli/reg/2024/2847/oj/eng"
            }
          ]
        },
        {
          "severity": "Warning",
          "category": "SupplierInfo",
          "message": "[CRA Annex I Part II (1)] Component 'jquery' missing supplier/manufacturer",
          "element": "jquery",
          "component_id": "pkg:npm/jquery@3.5.1",
          "requirement": "CRA Annex I Part II (1): Component supplier information",
          "rule_id": "SBOM-CRA-COMPONENT-SUPPLIER",
          "sarif_rule_id": "SBOM-CRA-COMPONENT-SUPPLIER",
          "standard_refs": [
            {
              "standard": "CraAnnex",
              "id": "Annex I Part II (1)",
              "help_uri": "https://eur-lex.europa.eu/eli/reg/2024/2847/oj/eng"
            },
            {
              "standard": "Pren40000_1_3",
              "id": "PRE-7-RQ-03"
            }
          ]
        },
        {
          "severity": "Info",
          "category": "IntegrityInfo",
          "message": "[CRA Annex I Part I (2)(f)] Component 'jquery' missing cryptographic hash (recommended for integrity)",
          "element": "jquery",
          "component_id": "pkg:npm/jquery@3.5.1",
          "requirement": "CRA Annex I Part I (2)(f): Component integrity information (hash)",
          "rule_id": "SBOM-CRA-ANNEX-I-INTEGRITY",
          "sarif_rule_id": "SBOM-CRA-ANNEX-I",
          "standard_refs": [
            {
              "standard": "CraAnnex",
              "id": "Annex I Part I (2)(f)",
              "help_uri": "https://eur-lex.europa.eu/eli/reg/2024/2847/oj/eng"
            }
          ]
        },
        {
          "severity": "Warning",
          "category": "SupplierInfo",
          "message": "[CRA Annex I Part II (1)] Component 'react' missing supplier/manufacturer",
          "element": "react",
          "component_id": "pkg:npm/react@17.0.1",
          "requirement": "CRA Annex I Part II (1): Component supplier information",
          "rule_id": "SBOM-CRA-COMPONENT-SUPPLIER",
          "sarif_rule_id": "SBOM-CRA-COMPONENT-SUPPLIER",
          "standard_refs": [
            {
              "standard": "CraAnnex",
              "id": "Annex I Part II (1)",
              "help_uri": "https://eur-lex.europa.eu/eli/reg/2024/2847/oj/eng"
            },
            {
              "standard": "Pren40000_1_3",
              "id": "PRE-7-RQ-03"
            }
          ]
        },
        {
          "severity": "Info",
          "category": "IntegrityInfo",
          "message": "[CRA Annex I Part I (2)(f)] Component 'react' missing cryptographic hash (recommended for integrity)",
          "element": "react",
          "component_id": "pkg:npm/react@17.0.1",
          "requirement": "CRA Annex I Part I (2)(f): Component integrity information (hash)",
          "rule_id": "SBOM-CRA-ANNEX-I-INTEGRITY",
          "sarif_rule_id": "SBOM-CRA-ANNEX-I",
          "standard_refs": [
            {
              "standard": "CraAnnex",
              "id": "Annex I Part I (2)(f)",
              "help_uri": "https://eur-lex.europa.eu/eli/reg/2024/2847/oj/eng"
            }
          ]
        },
        {
          "severity": "Warning",
          "category": "DependencyInfo",
          "message": "Primary component 'acme-webapp' participates in no dependency relationship",
          "element": "acme-webapp",
          "component_id": "acme-webapp",
          "requirement": "CRA Annex I: Dependency relationships",
          "rule_id": "SBOM-CRA-ANNEX-I-DEPENDENCY",
          "sarif_rule_id": "SBOM-CRA-ANNEX-I",
          "standard_refs": [
            {
              "standard": "CraAnnex",
              "id": "Annex I",
              "help_uri": "https://eur-lex.europa.eu/eli/reg/2024/2847/oj/eng"
            }
          ]
        },
        {
          "severity": "Info",
          "category": "FormatSpecific",
          "message": "Component 'acme-webapp' may be missing bom-ref",
          "element": "acme-webapp",
          "component_id": "acme-webapp",
          "requirement": "CycloneDX: bom-ref for dependency tracking",
          "rule_id": "SBOM-CRA-GENERAL",
          "sarif_rule_id": "SBOM-CRA-GENERAL"
        },
        {
          "severity": "Info",
          "category": "FormatSpecific",
          "message": "Component 'lodash' may be missing bom-ref",
          "element": "lodash",
          "component_id": "pkg:npm/lodash@4.17.20",
          "requirement": "CycloneDX: bom-ref for dependency tracking",
          "rule_id": "SBOM-CRA-GENERAL",
          "sarif_rule_id": "SBOM-CRA-GENERAL"
        },
        {
          "severity": "Info",
          "category": "FormatSpecific",
          "message": "Component 'express' may be missing bom-ref",
          "element": "express",
          "component_id": "pkg:npm/express@4.17.1",
          "requirement": "CycloneDX: bom-ref for dependency tracking",
          "rule_id": "SBOM-CRA-GENERAL",
          "sarif_rule_id": "SBOM-CRA-GENERAL"
        },
        {
          "severity": "Info",
          "category": "FormatSpecific",
          "message": "Component 'moment' may be missing bom-ref",
          "element": "moment",
          "component_id": "pkg:npm/moment@2.29.1",
          "requirement": "CycloneDX: bom-ref for dependency tracking",
          "rule_id": "SBOM-CRA-GENERAL",
          "sarif_rule_id": "SBOM-CRA-GENERAL"
        },
        {
          "severity": "Info",
          "category": "FormatSpecific",
          "message": "Component 'request' may be missing bom-ref",
          "element": "request",
          "component_id": "pkg:npm/request@2.88.2",
          "requirement": "CycloneDX: bom-ref for dependency tracking",
          "rule_id": "SBOM-CRA-GENERAL",
          "sarif_rule_id": "SBOM-CRA-GENERAL"
        },
        {
          "severity": "Info",
          "category": "FormatSpecific",
          "message": "Component 'axios' may be missing bom-ref",
          "element": "axios",
          "component_id": "pkg:npm/axios@0.21.1",
          "requirement": "CycloneDX: bom-ref for dependency tracking",
          "rule_id": "SBOM-CRA-GENERAL",
          "sarif_rule_id": "SBOM-CRA-GENERAL"
        },
        {
          "severity": "Info",
          "category": "FormatSpecific",
          "message": "Component 'underscore' may be missing bom-ref",
          "element": "underscore",
          "component_id": "pkg:npm/underscore@1.12.0",
          "requirement": "CycloneDX: bom-ref for dependency tracking",
          "rule_id": "SBOM-CRA-GENERAL",
          "sarif_rule_id": "SBOM-CRA-GENERAL"
        },
        {
          "severity": "Info",
          "category": "FormatSpecific",
          "message": "Component 'jquery' may be missing bom-ref",
          "element": "jquery",
          "component_id": "pkg:npm/jquery@3.5.1",
          "requirement": "CycloneDX: bom-ref for dependency tracking",
          "rule_id": "SBOM-CRA-GENERAL",
          "sarif_rule_id": "SBOM-CRA-GENERAL"
        },
        {
          "severity": "Info",
          "category": "FormatSpecific",
          "message": "Component 'react' may be missing bom-ref",
          "element": "react",
          "component_id": "pkg:npm/react@17.0.1",
          "requirement": "CycloneDX: bom-ref for dependency tracking",
          "rule_id": "SBOM-CRA-GENERAL",
          "sarif_rule_id": "SBOM-CRA-GENERAL"
        },
        {
          "severity": "Warning",
          "category": "DocumentMetadata",
          "message": "[CRA Art. 13(7) / Annex I Part II (1)] SBOM is [N] days old; keep the documented component inventory current when components change",
          "element": null,
          "requirement": "CRA Art. 13(7) / Annex I Part II (1): SBOM freshness",
          "rule_id": "SBOM-CRA-SBOM-FRESHNESS",
          "sarif_rule_id": "SBOM-CRA-SBOM-FRESHNESS",
          "standard_refs": [
            {
              "standard": "CraArticle",
              "id": "Art. 13(7)",
              "help_uri": "https://eur-lex.europa.eu/eli/reg/2024/2847/oj/eng"
            },
            {
              "standard": "CraAnnex",
              "id": "Annex I Part II (1)",
              "help_uri": "https://eur-lex.europa.eu/eli/reg/2024/2847/oj/eng"
            }
          ]
        },
        {
          "severity": "Info",
          "category": "LicenseInfo",
          "message": "[CRA Art. 13(5)] 1/9 components (11%) missing license information needed to evidence third-party due diligence",
          "element": null,
          "counts": {
            "affected": 1,
            "total": 9
          },
          "requirement": "CRA Art. 13(5): Third-party due diligence (license tracking)",
          "rule_id": "SBOM-CRA-ART-13-5",
          "sarif_rule_id": "SBOM-CRA-ART-13-5",
          "standard_refs": [
            {
              "standard": "CraArticle",
              "id": "Art. 13(5)",
              "help_uri": "https://eur-lex.europa.eu/eli/reg/2024/2847/oj/eng"
            }
          ]
        },
        {
          "severity": "Warning",
          "category": "SupplierInfo",
          "message": "[CRA Annex I Part II / [PRE-7-RQ-03]] 9/9 transitive dependencies (100%) missing supplier (recommended): acme-webapp, lodash, express, moment, request, …and 4 more",
          "element": null,
          "counts": {
            "affected": 9,
            "total": 9
          },
          "requirement": "CRA Annex I Part II / prEN 40000-1-3 [PRE-7-RQ-03]: Transitive dependency supplier (recommended)",
          "rule_id": "SBOM-CRA-ANNEX-I-SUPPLY-CHAIN",
          "sarif_rule_id": "SBOM-CRA-ANNEX-I",
          "standard_refs": [
            {
              "standard": "CraAnnex",
              "id": "Annex I Part II",
              "help_uri": "https://eur-lex.europa.eu/eli/reg/2024/2847/oj/eng"
            },
            {
              "standard": "Pren40000_1_3",
              "id": "PRE-7-RQ-01"
            },
            {
              "standard": "Pren40000_1_3",
              "id": "PRE-7-RQ-03"
            }
          ]
        },
        {
          "severity": "Info",
          "category": "IntegrityInfo",
          "message": "[CRA Annex I Part I (2)(f)] Consider adding document-level integrity metadata (serial number, digital signature, or attestation with hash)",
          "element": null,
          "requirement": "CRA Annex I Part I (2)(f): Document signature/integrity",
          "rule_id": "SBOM-CRA-DOC-INTEGRITY",
          "sarif_rule_id": "SBOM-CRA-DOC-INTEGRITY",
          "standard_refs": [
            {
              "standard": "CraAnnex",
              "id": "Annex I Part I (2)(f)",
              "help_uri": "https://eur-lex.europa.eu/eli/reg/2024/2847/oj/eng"
            }
          ]
        },
        {
          "severity": "Warning",
          "category": "DocumentMetadata",
          "message": "[CRA Art. 13(2)] No documented risk assessment referenced — add an externalReference of type 'risk-assessment' or supply riskAssessmentUrl in the CRA sidecar",
          "element": null,
          "requirement": "CRA Art. 13(2): Documented risk assessment",
          "rule_id": "SBOM-CRA-ART-13-2",
          "sarif_rule_id": "SBOM-CRA-GENERAL",
          "standard_refs": [
            {
              "standard": "CraArticle",
              "id": "Art. 13(2)",
              "help_uri": "https://eur-lex.europa.eu/eli/reg/2024/2847/oj/eng"
            }
          ]
        },
        {
          "severity": "[ART14_SEV]",
          "category": "SecurityInfo",
          "message": "[CRA Art. 14] PSIRT URL missing — [ART14]",
          "element": null,
          "requirement": "CRA Art. 14: PSIRT contact for external vulnerability reports",
          "rule_id": "SBOM-CRA-ART-14",
          "sarif_rule_id": "SBOM-CRA-GENERAL",
          "standard_refs": [
            {
              "standard": "CraArticle",
              "id": "Art. 14",
              "help_uri": "https://eur-lex.europa.eu/eli/reg/2024/2847/oj/eng"
            }
          ]
        },
        {
          "severity": "[ART14_SEV]",
          "category": "SecurityInfo",
          "message": "[CRA Art. 14(2)(a)] 24-hour early-warning channel missing — document the ENISA/CSIRT contact before 2026-09-11",
          "element": null,
          "requirement": "CRA Art. 14(2)(a): 24-hour early-warning channel",
          "rule_id": "SBOM-CRA-ART-14",
          "sarif_rule_id": "SBOM-CRA-GENERAL",
          "standard_refs": [
            {
              "standard": "CraArticle",
              "id": "Art. 14",
              "help_uri": "https://eur-lex.europa.eu/eli/reg/2024/2847/oj/eng"
            }
          ]
        },
        {
          "severity": "[ART14_SEV]",
          "category": "SecurityInfo",
          "message": "[CRA Art. 14(2)(b) / 14(4)(b)] 72-hour notification channel missing — document this contact before 2026-09-11",
          "element": null,
          "requirement": "CRA Art. 14(2)(b): 72-hour notification channel",
          "rule_id": "SBOM-CRA-ART-14",
          "sarif_rule_id": "SBOM-CRA-GENERAL",
          "standard_refs": [
            {
              "standard": "CraArticle",
              "id": "Art. 14",
              "help_uri": "https://eur-lex.europa.eu/eli/reg/2024/2847/oj/eng"
            }
          ]
        },
        {
          "severity": "[ART14_SEV]",
          "category": "SecurityInfo",
          "message": "[CRA Art. 14(7)] No ENISA single reporting platform identifier — track ENISA publication and add `enisaReportingPlatformId` to the CRA sidecar when available",
          "element": null,
          "requirement": "CRA Art. 14(7): ENISA single reporting platform",
          "rule_id": "SBOM-CRA-ART-14",
          "sarif_rule_id": "SBOM-CRA-GENERAL",
          "standard_refs": [
            {
              "standard": "CraArticle",
              "id": "Art. 14",
              "help_uri": "https://eur-lex.europa.eu/eli/reg/2024/2847/oj/eng"
            }
          ]
        }
      ],
      "error_count": 2,
      "warning_count": "[N]",
      "info_count": "[N]",
      "applicability": {
        "status": "applicable"
      },
      "article_summary": {
        "machine_readable_format": 0,
        "art_13_17_contact": 1,
        "cvd_policy": 1,
        "art_13_8_support_period": 1,
        "lifecycle": 1,
        "art_13_15_product_identification": 0,
        "art_13_16_manufacturer_identification": 1,
        "annex_i_essential_requirements": 24,
        "annex_v_declaration_of_conformity": 1
      }
    },
    "new": {
      "is_compliant": false,
      "level": "CraPhase2",
      "violations": [
        {
          "severity": "Error",
          "category": "DocumentMetadata",
          "message": "SBOM must have creator/tool information",
          "element": null,
          "requirement": "Document creator identification",
          "rule_id": "SBOM-CRA-GENERAL",
          "sarif_rule_id": "SBOM-CRA-GENERAL"
        },
        {
          "severity": "Warning",
          "category": "DocumentMetadata",
          "message": "[CRA Art. 13(16)] SBOM should identify the manufacturer (organization)",
          "element": null,
          "requirement": "CRA Art. 13(16): Manufacturer identification",
          "rule_id": "SBOM-CRA-ART-13-16",
          "sarif_rule_id": "SBOM-CRA-ART-13-16",
          "standard_refs": [
            {
              "standard": "CraArticle",
              "id": "Art. 13(16)",
              "help_uri": "https://eur-lex.europa.eu/eli/reg/2024/2847/oj/eng"
            },
            {
              "standard": "CraAnnex",
              "id": "Annex II (1)",
              "help_uri": "https://eur-lex.europa.eu/eli/reg/2024/2847/oj/eng"
            }
          ]
        },
        {
          "severity": "Warning",
          "category": "SecurityInfo",
          "message": "[CRA Art. 13(17)] SBOM should include a security contact or vulnerability disclosure reference",
          "element": null,
          "requirement": "CRA Art. 13(17): Vulnerability disclosure contact",
          "rule_id": "SBOM-CRA-ART-13-17-CONTACT",
          "sarif_rule_id": "SBOM-CRA-ART-13-17-CONTACT",
          "standard_refs": [
            {
              "standard": "CraArticle",
              "id": "Art. 13(17)",
              "help_uri": "https://eur-lex.europa.eu/eli/reg/2024/2847/oj/eng"
            },
            {
              "standard": "CraAnnex",
              "id": "Annex I Part II (6)",
              "help_uri": "https://eur-lex.europa.eu/eli/reg/2024/2847/oj/eng"
            },
            {
              "standard": "CraAnnex",
              "id": "Annex II (2)",
              "help_uri": "https://eur-lex.europa.eu/eli/reg/2024/2847/oj/eng"
            }
          ]
        },
        {
          "severity": "Info",
          "category": "SecurityInfo",
          "message": "[CRA Art. 13(8) / 13(19)] Consider specifying a support end date for security updates",
          "element": null,
          "requirement": "CRA Art. 13(8) / 13(19): Support period disclosure",
          "rule_id": "SBOM-CRA-ART-13-8",
          "sarif_rule_id": "SBOM-CRA-ART-13-8",
          "standard_refs": [
            {
              "standard": "CraArticle",
              "id": "Art. 13(8)",
              "help_uri": "https://eur-lex.europa.eu/eli/reg/2024/2847/oj/eng"
            },
            {
              "standard": "CraArticle",
              "id": "Art. 13(19)",
              "help_uri": "https://eur-lex.europa.eu/eli/reg/2024/2847/oj/eng"
            },
            {
              "standard": "CraAnnex",
              "id": "Annex II (7)",
              "help_uri": "https://eur-lex.europa.eu/eli/reg/2024/2847/oj/eng"
            }
          ]
        },
        {
          "severity": "Warning",
          "category": "ComponentIdentification",
          "message": "[CRA Annex I Part II (1)] Primary component 'acme-webapp' missing unique identifier (PURL/CPE) for cross-update traceability",
          "element": "acme-webapp",
          "component_id": "acme-webapp",
          "requirement": "CRA Annex I Part II (1): Product identifier traceability across updates",
          "rule_id": "SBOM-CRA-ANNEX-I-TRACEABILITY",
          "sarif_rule_id": "SBOM-CRA-ANNEX-I",
          "standard_refs": [
            {
              "standard": "CraAnnex",
              "id": "Annex I Part II",
              "help_uri": "https://eur-lex.europa.eu/eli/reg/2024/2847/oj/eng"
            },
            {
              "standard": "Pren40000_1_3",
              "id": "PRE-7-RQ-07"
            }
          ]
        },
        {
          "severity": "Warning",
          "category": "SecurityInfo",
          "message": "[CRA Annex I Part II (5)] SBOM should reference a coordinated vulnerability disclosure policy (advisories URL or disclosure URL)",
          "element": null,
          "requirement": "CRA Annex I Part II (5): Coordinated vulnerability disclosure policy",
          "rule_id": "SBOM-CRA-CVD-POLICY",
          "sarif_rule_id": "SBOM-CRA-CVD-POLICY",
          "standard_refs": [
            {
              "standard": "CraAnnex",
              "id": "Annex I Part II (5)",
              "help_uri": "https://eur-lex.europa.eu/eli/reg/2024/2847/oj/eng"
            },
            {
              "standard": "CraArticle",
              "id": "Art. 13(8)",
              "help_uri": "https://eur-lex.europa.eu/eli/reg/2024/2847/oj/eng"
            },
            {
              "standard": "Pren40000_1_3",
              "id": "RLS-2-RQ-03-RE"
            }
          ]
        },
        {
          "severity": "Info",
          "category": "SecurityInfo",
          "message": "[CRA Art. 13(8) / Annex II (7)] Consider including component lifecycle/end-of-support information",
          "element": null,
          "requirement": "CRA Annex II (7): Component lifecycle status",
          "rule_id": "SBOM-CRA-LIFECYCLE",
          "sarif_rule_id": "SBOM-CRA-LIFECYCLE",
          "standard_refs": [
            {
              "standard": "CraArticle",
              "id": "Art. 13(8)",
              "help_uri": "https://eur-lex.europa.eu/eli/reg/2024/2847/oj/eng"
            },
            {
              "standard": "CraAnnex",
              "id": "Annex II (7)",
              "help_uri": "https://eur-lex.europa.eu/eli/reg/2024/2847/oj/eng"
            }
          ]
        },
        {
          "severity": "Info",
          "category": "DocumentMetadata",
          "message": "[CRA Annex V] Missing reference to the EU Declaration of Conformity (attestation or certification external reference) for product class Default",
          "element": null,
          "requirement": "CRA Annex V: EU Declaration of Conformity reference",
          "rule_id": "SBOM-CRA-ANNEX-V",
          "sarif_rule_id": "SBOM-CRA-ANNEX-V",
          "standard_refs": [
            {
              "standard": "CraAnnex",
              "id": "Annex V",
              "help_uri": "https://eur-lex.europa.eu/eli/reg/2024/2847/oj/eng"
            }
          ]
        },
        {
          "severity": "Warning",
          "category": "DocumentMetadata",
          "message": "SBOM should have a serial number/unique identifier",
          "element": null,
          "requirement": "Document unique identification",
          "rule_id": "SBOM-CRA-GENERAL",
          "sarif_rule_id": "SBOM-CRA-GENERAL"
        },
        {
          "severity": "Error",
          "category": "ComponentIdentification",
          "message": "[CRA Annex I, [PRE-7-RQ-07]] Component 'acme-webapp' missing unique identifier (PURL/CPE/SWHID/SWID)",
          "element": "acme-webapp",
          "component_id": "acme-webapp",
          "requirement": "CRA Annex I / prEN 40000-1-3 [PRE-7-RQ-07]: Unique component identifier (PURL/CPE/SWHID/SWID)",
          "rule_id": "SBOM-CRA-ANNEX-I-IDENTIFIER",
          "sarif_rule_id": "SBOM-CRA-ANNEX-I",
          "standard_refs": [
            {
              "standard": "CraAnnex",
              "id": "Annex I",
              "help_uri": "https://eur-lex.europa.eu/eli/reg/2024/2847/oj/eng"
            },
            {
              "standard": "Pren40000_1_3",
              "id": "PRE-7-RQ-07"
            }
          ]
        },
        {
          "severity": "Warning",
          "category": "SupplierInfo",
          "message": "[CRA Annex I Part II (1)] Component 'acme-webapp' missing supplier/manufacturer",
          "element": "acme-webapp",
          "component_id": "acme-webapp",
          "requirement": "CRA Annex I Part II (1): Component supplier information",
          "rule_id": "SBOM-CRA-COMPONENT-SUPPLIER",
          "sarif_rule_id": "SBOM-CRA-COMPONENT-SUPPLIER",
          "standard_refs": [
            {
              "standard": "CraAnnex",
              "id": "Annex I Part II (1)",
              "help_uri": "https://eur-lex.europa.eu/eli/reg/2024/2847/oj/eng"
            },
            {
              "standard": "Pren40000_1_3",
              "id": "PRE-7-RQ-03"
            }
          ]
        },
        {
          "severity": "Info",
          "category": "IntegrityInfo",
          "message": "[CRA Annex I Part I (2)(f)] Component 'acme-webapp' missing cryptographic hash (recommended for integrity)",
          "element": "acme-webapp",
          "component_id": "acme-webapp",
          "requirement": "CRA Annex I Part I (2)(f): Component integrity information (hash)",
          "rule_id": "SBOM-CRA-ANNEX-I-INTEGRITY",
          "sarif_rule_id": "SBOM-CRA-ANNEX-I",
          "standard_refs": [
            {
              "standard": "CraAnnex",
              "id": "Annex I Part I (2)(f)",
              "help_uri": "https://eur-lex.europa.eu/eli/reg/2024/2847/oj/eng"
            }
          ]
        },
        {
          "severity": "Warning",
          "category": "SupplierInfo",
          "message": "[CRA Annex I Part II (1)] Component 'lodash' missing supplier/manufacturer",
          "element": "lodash",
          "component_id": "pkg:npm/lodash@4.17.21",
          "requirement": "CRA Annex I Part II (1): Component supplier information",
          "rule_id": "SBOM-CRA-COMPONENT-SUPPLIER",
          "sarif_rule_id": "SBOM-CRA-COMPONENT-SUPPLIER",
          "standard_refs": [
            {
              "standard": "CraAnnex",
              "id": "Annex I Part II (1)",
              "help_uri": "https://eur-lex.europa.eu/eli/reg/2024/2847/oj/eng"
            },
            {
              "standard": "Pren40000_1_3",
              "id": "PRE-7-RQ-03"
            }
          ]
        },
        {
          "severity": "Info",
          "category": "IntegrityInfo",
          "message": "[CRA Annex I Part I (2)(f)] Component 'lodash' missing cryptographic hash (recommended for integrity)",
          "element": "lodash",
          "component_id": "pkg:npm/lodash@4.17.21",
          "requirement": "CRA Annex I Part I (2)(f): Component integrity information (hash)",
          "rule_id": "SBOM-CRA-ANNEX-I-INTEGRITY",
          "sarif_rule_id": "SBOM-CRA-ANNEX-I",
          "standard_refs": [
            {
              "standard": "CraAnnex",
              "id": "Annex I Part I (2)(f)",
              "help_uri": "https://eur-lex.europa.eu/eli/reg/2024/2847/oj/eng"
            }
          ]
        },
        {
          "severity": "Warning",
          "category": "SupplierInfo",
          "message": "[CRA Annex I Part II (1)] Component 'express' missing supplier/manufacturer",
          "element": "express",
          "component_id": "pkg:npm/express@4.18.2",
          "requirement": "CRA Annex I Part II (1): Component supplier information",
          "rule_id": "SBOM-CRA-COMPONENT-SUPPLIER",
          "sarif_rule_id": "SBOM-CRA-COMPONENT-SUPPLIER",
          "standard_refs": [
            {
              "standard": "CraAnnex",
              "id": "Annex I Part II (1)",
              "help_uri": "https://eur-lex.europa.eu/eli/reg/2024/2847/oj/eng"
            },
            {
              "standard": "Pren40000_1_3",
              "id": "PRE-7-RQ-03"
            }
          ]
        },
        {
          "severity": "Info",
          "category": "IntegrityInfo",
          "message": "[CRA Annex I Part I (2)(f)] Component 'express' missing cryptographic hash (recommended for integrity)",
          "element": "express",
          "component_id": "pkg:npm/express@4.18.2",
          "requirement": "CRA Annex I Part I (2)(f): Component integrity information (hash)",
          "rule_id": "SBOM-CRA-ANNEX-I-INTEGRITY",
          "sarif_rule_id": "SBOM-CRA-ANNEX-I",
          "standard_refs": [
            {
              "standard": "CraAnnex",
              "id": "Annex I Part I (2)(f)",
              "help_uri": "https://eur-lex.europa.eu/eli/reg/2024/2847/oj/eng"
            }
          ]
        },
        {
          "severity": "Warning",
          "category": "SupplierInfo",
          "message": "[CRA Annex I Part II (1)] Component 'dayjs' missing supplier/manufacturer",
          "element": "dayjs",
          "component_id": "pkg:npm/dayjs@1.11.7",
          "requirement": "CRA Annex I Part II (1): Component supplier information",
          "rule_id": "SBOM-CRA-COMPONENT-SUPPLIER",
          "sarif_rule_id": "SBOM-CRA-COMPONENT-SUPPLIER",
          "standard_refs": [
            {
              "standard": "CraAnnex",
              "id": "Annex I Part II (1)",
              "help_uri": "https://eur-lex.europa.eu/eli/reg/2024/2847/oj/eng"
            },
            {
              "standard": "Pren40000_1_3",
              "id": "PRE-7-RQ-03"
            }
          ]
        },
        {
          "severity": "Info",
          "category": "IntegrityInfo",
          "message": "[CRA Annex I Part I (2)(f)] Component 'dayjs' missing cryptographic hash (recommended for integrity)",
          "element": "dayjs",
          "component_id": "pkg:npm/dayjs@1.11.7",
          "requirement": "CRA Annex I Part I (2)(f): Component integrity information (hash)",
          "rule_id": "SBOM-CRA-ANNEX-I-INTEGRITY",
          "sarif_rule_id": "SBOM-CRA-ANNEX-I",
          "standard_refs": [
            {
              "standard": "CraAnnex",
              "id": "Annex I Part I (2)(f)",
              "help_uri": "https://eur-lex.europa.eu/eli/reg/2024/2847/oj/eng"
            }
          ]
        },
        {
          "severity": "Warning",
          "category": "SupplierInfo",
          "message": "[CRA Annex I Part II (1)] Component 'axios' missing supplier/manufacturer",
          "element": "axios",
          "component_id": "pkg:npm/axios@1.4.0",
          "requirement": "CRA Annex I Part II (1): Component supplier information",
          "rule_id": "SBOM-CRA-COMPONENT-SUPPLIER",
          "sarif_rule_id": "SBOM-CRA-COMPONENT-SUPPLIER",
          "standard_refs": [
            {
              "standard": "CraAnnex",
              "id": "Annex I Part II (1)",
              "help_uri": "https://eur-lex.europa.eu/eli/reg/2024/2847/oj/eng"
            },
            {
              "standard": "Pren40000_1_3",
              "id": "PRE-7-RQ-03"
            }
          ]
        },
        {
          "severity": "Info",
          "category": "IntegrityInfo",
          "message": "[CRA Annex I Part I (2)(f)] Component 'axios' missing cryptographic hash (recommended for integrity)",
          "element": "axios",
          "component_id": "pkg:npm/axios@1.4.0",
          "requirement": "CRA Annex I Part I (2)(f): Component integrity information (hash)",
          "rule_id": "SBOM-CRA-ANNEX-I-INTEGRITY",
          "sarif_rule_id": "SBOM-CRA-ANNEX-I",
          "standard_refs": [
            {
              "standard": "CraAnnex",
              "id": "Annex I Part I (2)(f)",
              "help_uri": "https://eur-lex.europa.eu/eli/reg/2024/2847/oj/eng"
            }
          ]
        },
        {
          "severity": "Warning",
          "category": "SupplierInfo",
          "message": "[CRA Annex I Part II (1)] Component 'react' missing supplier/manufacturer",
          "element": "react",
          "component_id": "pkg:npm/react@18.2.0",
          "requirement": "CRA Annex I Part II (1): Component supplier information",
          "rule_id": "SBOM-CRA-COMPONENT-SUPPLIER",
          "sarif_rule_id": "SBOM-CRA-COMPONENT-SUPPLIER",
          "standard_refs": [
            {
              "standard": "CraAnnex",
              "id": "Annex I Part II (1)",
              "help_uri": "https://eur-lex.europa.eu/eli/reg/2024/2847/oj/eng"
            },
            {
              "standard": "Pren40000_1_3",
              "id": "PRE-7-RQ-03"
            }
          ]
        },
        {
          "severity": "Info",
          "category": "IntegrityInfo",
          "message": "[CRA Annex I Part I (2)(f)] Component 'react' missing cryptographic hash (recommended for integrity)",
          "element": "react",
          "component_id": "pkg:npm/react@18.2.0",
          "requirement": "CRA Annex I Part I (2)(f): Component integrity information (hash)",
          "rule_id": "SBOM-CRA-ANNEX-I-INTEGRITY",
          "sarif_rule_id": "SBOM-CRA-ANNEX-I",
          "standard_refs": [
            {
              "standard": "CraAnnex",
              "id": "Annex I Part I (2)(f)",
              "help_uri": "https://eur-lex.europa.eu/eli/reg/2024/2847/oj/eng"
            }
          ]
        },
        {
          "severity": "Warning",
          "category": "SupplierInfo",
          "message": "[CRA Annex I Part II (1)] Component 'typescript' missing supplier/manufacturer",
          "element": "typescript",
          "component_id": "pkg:npm/typescript@5.0.4",
          "requirement": "CRA Annex I Part II (1): Component supplier information",
          "rule_id": "SBOM-CRA-COMPONENT-SUPPLIER",
          "sarif_rule_id": "SBOM-CRA-COMPONENT-SUPPLIER",
          "standard_refs": [
            {
              "standard": "CraAnnex",
              "id": "Annex I Part II (1)",
              "help_uri": "https://eur-lex.europa.eu/eli/reg/2024/2847/oj/eng"
            },
            {
              "standard": "Pren40000_1_3",
              "id": "PRE-7-RQ-03"
            }
          ]
        },
        {
          "severity": "Info",
          "category": "IntegrityInfo",
          "message": "[CRA Annex I Part I (2)(f)] Component 'typescript' missing cryptographic hash (recommended for integrity)",
          "element": "typescript",
          "component_id": "pkg:npm/typescript@5.0.4",
          "requirement": "CRA Annex I Part I (2)(f): Component integrity information (hash)",
          "rule_id": "SBOM-CRA-ANNEX-I-INTEGRITY",
          "sarif_rule_id": "SBOM-CRA-ANNEX-I",
          "standard_refs": [
            {
              "standard": "CraAnnex",
              "id": "Annex I Part I (2)(f)",
              "help_uri": "https://eur-lex.europa.eu/eli/reg/2024/2847/oj/eng"
            }
          ]
        },
        {
          "severity": "Warning",
          "category": "SupplierInfo",
          "message": "[CRA Annex I Part II (1)] Component 'zod' missing supplier/manufacturer",
          "element": "zod",
          "component_id": "pkg:npm/zod@3.21.4",
          "requirement": "CRA Annex I Part II (1): Component supplier information",
          "rule_id": "SBOM-CRA-COMPONENT-SUPPLIER",
          "sarif_rule_id": "SBOM-CRA-COMPONENT-SUPPLIER",
          "standard_refs": [
            {
              "standard": "CraAnnex",
              "id": "Annex I Part II (1)",
              "help_uri": "https://eur-lex.europa.eu/eli/reg/2024/2847/oj/eng"
            },
            {
              "standard": "Pren40000_1_3",
              "id": "PRE-7-RQ-03"
            }
          ]
        },
        {
          "severity": "Info",
          "category": "IntegrityInfo",
          "message": "[CRA Annex I Part I (2)(f)] Component 'zod' missing cryptographic hash (recommended for integrity)",
          "element": "zod",
          "component_id": "pkg:npm/zod@3.21.4",
          "requirement": "CRA Annex I Part I (2)(f): Component integrity information (hash)",
          "rule_id": "SBOM-CRA-ANNEX-I-INTEGRITY",
          "sarif_rule_id": "SBOM-CRA-ANNEX-I",
          "standard_refs": [
            {
              "standard": "CraAnnex",
              "id": "Annex I Part I (2)(f)",
              "help_uri": "https://eur-lex.europa.eu/eli/reg/2024/2847/oj/eng"
            }
          ]
        },
        {
          "severity": "Warning",
          "category": "SupplierInfo",
          "message": "[CRA Annex I Part II (1)] Component 'prisma' missing supplier/manufacturer",
          "element": "prisma",
          "component_id": "pkg:npm/prisma@4.15.0",
          "requirement": "CRA Annex I Part II (1): Component supplier information",
          "rule_id": "SBOM-CRA-COMPONENT-SUPPLIER",
          "sarif_rule_id": "SBOM-CRA-COMPONENT-SUPPLIER",
          "standard_refs": [
            {
              "standard": "CraAnnex",
              "id": "Annex I Part II (1)",
              "help_uri": "https://eur-lex.europa.eu/eli/reg/2024/2847/oj/eng"
            },
            {
              "standard": "Pren40000_1_3",
              "id": "PRE-7-RQ-03"
            }
          ]
        },
        {
          "severity": "Info",
          "category": "IntegrityInfo",
          "message": "[CRA Annex I Part I (2)(f)] Component 'prisma' missing cryptographic hash (recommended for integrity)",
          "element": "prisma",
          "component_id": "pkg:npm/prisma@4.15.0",
          "requirement": "CRA Annex I Part I (2)(f): Component integrity information (hash)",
          "rule_id": "SBOM-CRA-ANNEX-I-INTEGRITY",
          "sarif_rule_id": "SBOM-CRA-ANNEX-I",
          "standard_refs": [
            {
              "standard": "CraAnnex",
              "id": "Annex I Part I (2)(f)",
              "help_uri": "https://eur-lex.europa.eu/eli/reg/2024/2847/oj/eng"
            }
          ]
        },
        {
          "severity": "Warning",
          "category": "DependencyInfo",
          "message": "Primary component 'acme-webapp' participates in no dependency relationship",
          "element": "acme-webapp",
          "component_id": "acme-webapp",
          "requirement": "CRA Annex I: Dependency relationships",
          "rule_id": "SBOM-CRA-ANNEX-I-DEPENDENCY",
          "sarif_rule_id": "SBOM-CRA-ANNEX-I",
          "standard_refs": [
            {
              "standard": "CraAnnex",
              "id": "Annex I",
              "help_uri": "https://eur-lex.europa.eu/eli/reg/2024/2847/oj/eng"
            }
          ]
        },
        {
          "severity": "Info",
          "category": "FormatSpecific",
          "message": "Component 'acme-webapp' may be missing bom-ref",
          "element": "acme-webapp",
          "component_id": "acme-webapp",
          "requirement": "CycloneDX: bom-ref for dependency tracking",
          "rule_id": "SBOM-CRA-GENERAL",
          "sarif_rule_id": "SBOM-CRA-GENERAL"
        },
        {
          "severity": "Info",
          "category": "FormatSpecific",
          "message": "Component 'lodash' may be missing bom-ref",
          "element": "lodash",
          "component_id": "pkg:npm/lodash@4.17.21",
          "requirement": "CycloneDX: bom-ref for dependency tracking",
          "rule_id": "SBOM-CRA-GENERAL",
          "sarif_rule_id": "SBOM-CRA-GENERAL"
        },
        {
          "severity": "Info",
          "category": "FormatSpecific",
          "message": "Component 'express' may be missing bom-ref",
          "element": "express",
          "component_id": "pkg:npm/express@4.18.2",
          "requirement": "CycloneDX: bom-ref for dependency tracking",
          "rule_id": "SBOM-CRA-GENERAL",
          "sarif_rule_id": "SBOM-CRA-GENERAL"
        },
        {
          "severity": "Info",
          "category": "FormatSpecific",
          "message": "Component 'dayjs' may be missing bom-ref",
          "element": "dayjs",
          "component_id": "pkg:npm/dayjs@1.11.7",
          "requirement": "CycloneDX: bom-ref for dependency tracking",
          "rule_id": "SBOM-CRA-GENERAL",
          "sarif_rule_id": "SBOM-CRA-GENERAL"
        },
        {
          "severity": "Info",
          "category": "FormatSpecific",
          "message": "Component 'axios' may be missing bom-ref",
          "element": "axios",
          "component_id": "pkg:npm/axios@1.4.0",
          "requirement": "CycloneDX: bom-ref for dependency tracking",
          "rule_id": "SBOM-CRA-GENERAL",
          "sarif_rule_id": "SBOM-CRA-GENERAL"
        },
        {
          "severity": "Info",
          "category": "FormatSpecific",
          "message": "Component 'react' may be missing bom-ref",
          "element": "react",
          "component_id": "pkg:npm/react@18.2.0",
          "requirement": "CycloneDX: bom-ref for dependency tracking",
          "rule_id": "SBOM-CRA-GENERAL",
          "sarif_rule_id": "SBOM-CRA-GENERAL"
        },
        {
          "severity": "Info",
          "category": "FormatSpecific",
          "message": "Component 'typescript' may be missing bom-ref",
          "element": "typescript",
          "component_id": "pkg:npm/typescript@5.0.4",
          "requirement": "CycloneDX: bom-ref for dependency tracking",
          "rule_id": "SBOM-CRA-GENERAL",
          "sarif_rule_id": "SBOM-CRA-GENERAL"
        },
        {
          "severity": "Info",
          "category": "FormatSpecific",
          "message": "Component 'zod' may be missing bom-ref",
          "element": "zod",
          "component_id": "pkg:npm/zod@3.21.4",
          "requirement": "CycloneDX: bom-ref for dependency tracking",
          "rule_id": "SBOM-CRA-GENERAL",
          "sarif_rule_id": "SBOM-CRA-GENERAL"
        },
        {
          "severity": "Info",
          "category": "FormatSpecific",
          "message": "Component 'prisma' may be missing bom-ref",
          "element": "prisma",
          "component_id": "pkg:npm/prisma@4.15.0",
          "requirement": "CycloneDX: bom-ref for dependency tracking",
          "rule_id": "SBOM-CRA-GENERAL",
          "sarif_rule_id": "SBOM-CRA-GENERAL"
        },
        {
          "severity": "Warning",
          "category": "DocumentMetadata",
          "message": "[CRA Art. 13(7) / Annex I Part II (1)] SBOM is [N] days old; keep the documented component inventory current when components change",
          "element": null,
          "requirement": "CRA Art. 13(7) / Annex I Part II (1): SBOM freshness",
          "rule_id": "SBOM-CRA-SBOM-FRESHNESS",
          "sarif_rule_id": "SBOM-CRA-SBOM-FRESHNESS",
          "standard_refs": [
            {
              "standard": "CraArticle",
              "id": "Art. 13(7)",
              "help_uri": "https://eur-lex.europa.eu/eli/reg/2024/2847/oj/eng"
            },
            {
              "standard": "CraAnnex",
              "id": "Annex I Part II (1)",
              "help_uri": "https://eur-lex.europa.eu/eli/reg/2024/2847/oj/eng"
            }
          ]
        },
        {
          "severity": "Info",
          "category": "LicenseInfo",
          "message": "[CRA Art. 13(5)] 1/9 components (11%) missing license information needed to evidence third-party due diligence",
          "element": null,
          "counts": {
            "affected": 1,
            "total": 9
          },
          "requirement": "CRA Art. 13(5): Third-party due diligence (license tracking)",
          "rule_id": "SBOM-CRA-ART-13-5",
          "sarif_rule_id": "SBOM-CRA-ART-13-5",
          "standard_refs": [
            {
              "standard": "CraArticle",
              "id": "Art. 13(5)",
              "help_uri": "https://eur-lex.europa.eu/eli/reg/2024/2847/oj/eng"
            }
          ]
        },
        {
          "severity": "Warning",
          "category": "SupplierInfo",
          "message": "[CRA Annex I Part II / [PRE-7-RQ-03]] 9/9 transitive dependencies (100%) missing supplier (recommended): acme-webapp, lodash, express, dayjs, axios, …and 4 more",
          "element": null,
          "counts": {
            "affected": 9,
            "total": 9
          },
          "requirement": "CRA Annex I Part II / prEN 40000-1-3 [PRE-7-RQ-03]: Transitive dependency supplier (recommended)",
          "rule_id": "SBOM-CRA-ANNEX-I-SUPPLY-CHAIN",
          "sarif_rule_id": "SBOM-CRA-ANNEX-I",
          "standard_refs": [
            {
              "standard": "CraAnnex",
              "id": "Annex I Part II",
              "help_uri": "https://eur-lex.europa.eu/eli/reg/2024/2847/oj/eng"
            },
            {
              "standard": "Pren40000_1_3",
              "id": "PRE-7-RQ-01"
            },
            {
              "standard": "Pren40000_1_3",
              "id": "PRE-7-RQ-03"
            }
          ]
        },
        {
          "severity": "Info",
          "category": "IntegrityInfo",
          "message": "[CRA Annex I Part I (2)(f)] Consider adding document-level integrity metadata (serial number, digital signature, or attestation with hash)",
          "element": null,
          "requirement": "CRA Annex I Part I (2)(f): Document signature/integrity",
          "rule_id": "SBOM-CRA-DOC-INTEGRITY",
          "sarif_rule_id": "SBOM-CRA-DOC-INTEGRITY",
          "standard_refs": [
            {
              "standard": "CraAnnex",
              "id": "Annex I Part I (2)(f)",
              "help_uri": "https://eur-lex.europa.eu/eli/reg/2024/2847/oj/eng"
            }
          ]
        },
        {
          "severity": "Warning",
          "category": "DocumentMetadata",
          "message": "[CRA Art. 13(2)] No documented risk assessment referenced — add an externalReference of type 'risk-assessment' or supply riskAssessmentUrl in the CRA sidecar",
          "element": null,
          "requirement": "CRA Art. 13(2): Documented risk assessment",
          "rule_id": "SBOM-CRA-ART-13-2",
          "sarif_rule_id": "SBOM-CRA-GENERAL",
          "standard_refs": [
            {
              "standard": "CraArticle",
              "id": "Art. 13(2)",
              "help_uri": "https://eur-lex.europa.eu/eli/reg/2024/2847/oj/eng"
            }
          ]
        },
        {
          "severity": "[ART14_SEV]",
          "category": "SecurityInfo",
          "message": "[CRA Art. 14] PSIRT URL missing — [ART14]",
          "element": null,
          "requirement": "CRA Art. 14: PSIRT contact for external vulnerability reports",
          "rule_id": "SBOM-CRA-ART-14",
          "sarif_rule_id": "SBOM-CRA-GENERAL",
          "standard_refs": [
            {
              "standard": "CraArticle",
              "id": "Art. 14",
              "help_uri": "https://eur-lex.europa.eu/eli/reg/2024/2847/oj/eng"
            }
          ]
        },
        {
          "severity": "[ART14_SEV]",
          "category": "SecurityInfo",
          "message": "[CRA Art. 14(2)(a)] 24-hour early-warning channel missing — document the ENISA/CSIRT contact before 2026-09-11",
          "element": null,
          "requirement": "CRA Art. 14(2)(a): 24-hour early-warning channel",
          "rule_id": "SBOM-CRA-ART-14",
          "sarif_rule_id": "SBOM-CRA-GENERAL",
          "standard_refs": [
            {
              "standard": "CraArticle",
              "id": "Art. 14",
              "help_uri": "https://eur-lex.europa.eu/eli/reg/2024/2847/oj/eng"
            }
          ]
        },
        {
          "severity": "[ART14_SEV]",
          "category": "SecurityInfo",
          "message": "[CRA Art. 14(2)(b) / 14(4)(b)] 72-hour notification channel missing — document this contact before 2026-09-11",
          "element": null,
          "requirement": "CRA Art. 14(2)(b): 72-hour notification channel",
          "rule_id": "SBOM-CRA-ART-14",
          "sarif_rule_id": "SBOM-CRA-GENERAL",
          "standard_refs": [
            {
              "standard": "CraArticle",
              "id": "Art. 14",
              "help_uri": "https://eur-lex.europa.eu/eli/reg/2024/2847/oj/eng"
            }
          ]
        },
        {
          "severity": "[ART14_SEV]",
          "category": "SecurityInfo",
          "message": "[CRA Art. 14(7)] No ENISA single reporting platform identifier — track ENISA publication and add `enisaReportingPlatformId` to the CRA sidecar when available",
          "element": null,
          "requirement": "CRA Art. 14(7): ENISA single reporting platform",
          "rule_id": "SBOM-CRA-ART-14",
          "sarif_rule_id": "SBOM-CRA-GENERAL",
          "standard_refs": [
            {
              "standard": "CraArticle",
              "id": "Art. 14",
              "help_uri": "https://eur-lex.europa.eu/eli/reg/2024/2847/oj/eng"
            }
          ]
        }
      ],
      "error_count": 2,
      "warning_count": "[N]",
      "info_count": "[N]",
      "applicability": {
        "status": "applicable"
      },
      "article_summary": {
        "machine_readable_format": 0,
        "art_13_17_contact": 1,
        "cvd_policy": 1,
        "art_13_8_support_period": 1,
        "lifecycle": 1,
        "art_13_15_product_identification": 0,
        "art_13_16_manufacturer_identification": 1,
        "annex_i_essential_requirements": 24,
        "annex_v_declaration_of_conformity": 1
      }
    }
  },
  "reports": {
    "metadata_changes": [
      {
        "field": "created",
        "old_value": "[TIMESTAMP]",
        "new_value": "[TIMESTAMP]",
        "kind": "modified"
      },
      {
        "field": "doc_version",
        "old_value": "1",
        "new_value": "2",
        "kind": "modified"
      },
      {
        "field": "primary_component_version",
        "old_value": "1.0.0",
        "new_value": "2.0.0",
        "kind": "modified"
      }
    ],
    "components": {
      "added": [
        {
          "id": "pkg:npm/dayjs@1.11.7",
          "name": "dayjs",
          "old_version": null,
          "new_version": "1.11.7",
          "ecosystem": "npm",
          "component_type": "library",
          "change_type": "Added",
          "field_changes": [],
          "cost": 10
        },
        {
          "id": "pkg:npm/typescript@5.0.4",
          "name": "typescript",
          "old_version": null,
          "new_version": "5.0.4",
          "ecosystem": "npm",
          "component_type": "library",
          "change_type": "Added",
          "field_changes": [],
          "cost": 10
        },
        {
          "id": "pkg:npm/zod@3.21.4",
          "name": "zod",
          "old_version": null,
          "new_version": "3.21.4",
          "ecosystem": "npm",
          "component_type": "library",
          "change_type": "Added",
          "field_changes": [],
          "cost": 10
        },
        {
          "id": "pkg:npm/prisma@4.15.0",
          "name": "prisma",
          "old_version": null,
          "new_version": "4.15.0",
          "ecosystem": "npm",
          "component_type": "library",
          "change_type": "Added",
          "field_changes": [],
          "cost": 10
        }
      ],
      "removed": [
        {
          "id": "pkg:npm/jquery@3.5.1",
          "name": "jquery",
          "old_version": "3.5.1",
          "new_version": null,
          "ecosystem": "npm",
          "component_type": "library",
          "change_type": "Removed",
          "field_changes": [],
          "cost": 10
        },
        {
          "id": "pkg:npm/moment@2.29.1",
          "name": "moment",
          "old_version": "2.29.1",
          "new_version": null,
          "ecosystem": "npm",
          "component_type": "library",
          "change_type": "Removed",
          "field_changes": [],
          "cost": 10
        },
        {
          "id": "pkg:npm/request@2.88.2",
          "name": "request",
          "old_version": "2.88.2",
          "new_version": null,
          "ecosystem": "npm",
          "component_type": "library",
          "change_type": "Removed",
          "field_changes": [],
          "cost": 10
        },
        {
          "id": "pkg:npm/underscore@1.12.0",
          "name": "underscore",
          "old_version": "1.12.0",
          "new_version": null,
          "ecosystem": "npm",
          "component_type": "library",
          "change_type": "Removed",
          "field_changes": [],
          "cost": 10
        }
      ],
      "modified": [
        {
          "id": "acme-webapp",
          "name": "acme-webapp",
          "old_version": "1.0.0",
          "new_version": "2.0.0",
          "ecosystem": null,
          "component_type": "application",
          "change_type": "Modified",
          "field_changes": [
            {
              "field": "version",
              "old_value": "1.0.0",
              "new_value": "2.0.0"
            }
          ],
          "cost": 7,
          "match_info": {
            "score": 1.0,
            "method": "NameIdentity",
            "reason": "Identical component names: 'acme-webapp'",
            "normalizations": [
              "case_insensitive_name"
            ],
            "confidence_interval": {
              "lower": 0.97,
              "upper": 1.0,
              "level": 0.95
            }
          }
        },
        {
          "id": "pkg:npm/axios@1.4.0",
          "name": "axios",
          "old_version": "0.21.1",
          "new_version": "1.4.0",
          "ecosystem": "npm",
          "component_type": "library",
          "change_type": "Modified",
          "field_changes": [
            {
              "field": "version",
              "old_value": "0.21.1",
              "new_value": "1.4.0"
            }
          ],
          "cost": 7,
          "match_info": {
            "score": 1.0,
            "method": "EcosystemRule",
            "reason": "Names match after npm ecosystem normalization: 'axios' -> 'axios'",
            "normalizations": [
              "npm_normalization"
            ],
            "confidence_interval": {
              "lower": 0.97,
              "upper": 1.0,
              "level": 0.95
            }
          }
        },
        {
          "id": "pkg:npm/express@4.18.2",
          "name": "express",
          "old_version": "4.17.1",
          "new_version": "4.18.2",
          "ecosystem": "npm",
          "component_type": "library",
          "change_type": "Modified",
          "field_changes": [
            {
              "field": "version",
              "old_value": "4.17.1",
              "new_value": "4.18.2"
            }
          ],
          "cost": 4,
          "match_info": {
            "score": 1.0,
            "method": "EcosystemRule",
            "reason": "Names match after npm ecosystem normalization: 'express' -> 'express'",
            "normalizations": [
              "npm_normalization"
            ],
            "confidence_interval": {
              "lower": 0.97,
              "upper": 1.0,
              "level": 0.95
            }
          }
        },
        {
          "id": "pkg:npm/lodash@4.17.21",
          "name": "lodash",
          "old_version": "4.17.20",
          "new_version": "4.17.21",
          "ecosystem": "npm",
          "component_type": "library",
          "change_type": "Modified",
          "field_changes": [
            {
              "field": "version",
              "old_value": "4.17.20",
              "new_value": "4.17.21"
            }
          ],
          "cost": 2,
          "match_info": {
            "score": 1.0,
            "method": "EcosystemRule",
            "reason": "Names match after npm ecosystem normalization: 'lodash' -> 'lodash'",
            "normalizations": [
              "npm_normalization"
            ],
            "confidence_interval": {
              "lower": 0.97,
              "upper": 1.0,
              "level": 0.95
            }
          }
        },
        {
          "id": "pkg:npm/react@18.2.0",
          "name": "react",
          "old_version": "17.0.1",
          "new_version": "18.2.0",
          "ecosystem": "npm",
          "component_type": "library",
          "change_type": "Modified",
          "field_changes": [
            {
              "field": "version",
              "old_value": "17.0.1",
              "new_value": "18.2.0"
            }
          ],
          "cost": 7,
          "match_info": {
            "score": 1.0,
            "method": "EcosystemRule",
            "reason": "Names match after npm ecosystem normalization: 'react' -> 'react'",
            "normalizations": [
              "npm_normalization"
            ],
            "confidence_interval": {
              "lower": 0.97,
              "upper": 1.0,
              "level": 0.95
            }
          }
        }
      ]
    },
    "dependencies": {
      "added": [
        {
          "from": "pkg:npm/prisma@4.15.0",
          "to": "pkg:npm/typescript@5.0.4",
          "relationship": "depends-on",
          "change_type": "Added"
        }
      ],
      "removed": [
        {
          "from": "pkg:npm/request@2.88.2",
          "to": "pkg:npm/lodash@4.17.20",
          "relationship": "depends-on",
          "change_type": "Removed"
        }
      ]
    },
    "licenses": {
      "new_licenses": [],
      "removed_licenses": [],
      "conflicts": []
    },
    "vulnerabilities": {
      "introduced": [
        {
          "id": "CVE-2023-45857",
          "source": "NVD",
          "severity": "Critical",
          "cvss_score": 9.8,
          "component_id": "pkg:npm/axios@1.4.0",
          "component_name": "axios",
          "version": "[VERSION]",
          "cwes": [],
          "description": "Axios SSRF vulnerability allowing server-side request forgery",
          "remediation": null,
          "is_kev": false,
          "is_ransomware": false,
          "component_depth": 0,
          "published_date": null,
          "kev_due_date": null,
          "days_since_published": null,
          "days_until_due": null,
          "sla_status": "unknown",
          "sla_category": "no_due_date"
        },
        {
          "id": "CVE-2023-26136",
          "source": "NVD",
          "severity": "High",
          "cvss_score": 8.1,
          "component_id": "pkg:npm/express@4.18.2",
          "component_name": "express",
          "version": "[VERSION]",
          "cwes": [],
          "description": "Tough-cookie prototype pollution",
          "remediation": null,
          "is_kev": false,
          "is_ransomware": false,
          "component_depth": 0,
          "published_date": null,
          "kev_due_date": null,
          "days_since_published": null,
          "days_until_due": null,
          "sla_status": "unknown",
          "sla_category": "no_due_date"
        }
      ],
      "resolved": [
        {
          "id": "CVE-2020-28469",
          "source": "NVD",
          "severity": "High",
          "cvss_score": 7.5,
          "component_id": "pkg:npm/express@4.17.1",
          "component_name": "express",
          "version": "[VERSION]",
          "cwes": [],
          "description": "Glob-parent ReDoS vulnerability",
          "remediation": null,
          "is_kev": false,
          "is_ransomware": false,
          "component_depth": 0,
          "published_date": null,
          "kev_due_date": null,
          "days_since_published": null,
          "days_until_due": null,
          "sla_status": "unknown",
          "sla_category": "no_due_date"
        },
        {
          "id": "CVE-2021-23337",
          "source": "NVD",
          "severity": "High",
          "cvss_score": 7.2,
          "component_id": "pkg:npm/lodash@4.17.20",
          "component_name": "lodash",
          "version": "[VERSION]",
          "cwes": [],
          "description": "Lodash prototype pollution vulnerability",
          "remediation": null,
          "is_kev": false,
          "is_ransomware": false,
          "component_depth": 1,
          "published_date": null,
          "kev_due_date": null,
          "days_since_published": null,
          "days_until_due": null,
          "sla_status": "unknown",
          "sla_category": "no_due_date"
        },
        {
          "id": "CVE-2022-24999",
          "source": "NVD",
          "severity": "Medium",
          "cvss_score": 5.3,
          "component_id": "pkg:npm/express@4.17.1",
          "component_name": "express",
          "version": "[VERSION]",
          "cwes": [],
          "description": "Express.js query parsing vulnerability",
          "remediation": null,
          "is_kev": false,
          "is_ransomware": false,
          "component_depth": 0,
          "published_date": null,
          "kev_due_date": null,
          "days_since_published": null,
          "days_until_due": null,
          "sla_status": "unknown",
          "sla_category": "no_due_date"
        }
      ],
      "persistent": []
    }
  }
}
