---
source: src/tui/ui/render_snapshot_tests.rs
expression: text
---
sbom-tools  DIFF  │ acme-webapp@1.0.0 ⟷ acme-webapp@2.0.0

[1] Summary  │ [2] Components  │ [3] Dependencies  │ [4] Licenses  │ [5] Vulnerabilities  »

────────────────────────────────────────────────────────────────────────────────────────────────────
┌ Summary ─────────────────────────────────────────────────────────────────────────────────────────┐
│ Critical Risk   Similarity: 58%  │  18 changes (13 comp, 2 dep, 3 meta), 3 major bumps           │
│CycloneDX 1.5  Quality: F→F  Match: 5 high-conf, 0 low-conf                                       │
│──────────────────────────────────────────────────────────────────────────────────────────────────│
│ ⚠ CRITICAL  CVE-2023-45857 in axios                                                              │
│ ▲ MAJOR  acme-webapp 1.0.0 → 2.0.0                                                               │
└──────────────────────────────────────────────────────────────────────────────────────────────────┘
┌ Components ───────────┐┌ Dependencies ─────────┐┌ Vulnerabilities ──────┐┌ Licenses ─────────────┐
│ + ADDED      4        ││ + ADDED     1         ││ ▲ NEW       2         ││ New:      0           │
│ - REMOVED    4        ││ - REMOVED   1         ││ ▼ FIXED     3         ││ Removed:  0           │
│ ~ MODIFIED   5        ││                       ││ ● PERSIST   0         ││ Changed:  0           │
│                       ││No net change          ││Critical: 1  High: 1   ││ Conflicts: 0          │
└───────────────────────┘└───────────────────────┘└───────────────────────┘└───────────────────────┘
┌ Quality Impact ──┐┌ Matching ────────┐┌ VEX Coverage ───┐ ┌ Security Policy ─────────────────────┐
│Quality: F → F (▲ ││Matched: 5 high-co││VEX: 0% (0/5 cove│ │Policy:  Enterprise   Not checked  [P]│
│Improvements: Depe││Unmatched: 4 old, ││Gaps: 2 new · 0 o│ │                                      │
│                  ││Avg score: 1.00  M││Actionable: 5 · Δ│ │                                      │
└──────────────────┘└──────────────────┘└─────────────────┘ └──────────────────────────────────────┘
┌ All Changes (18) — MAJOR:3 minor:1 patch:1 +4 -4 meta:3 [Ln 1-4/19 j/k] ─────────────────────────┐
│── Metadata Changes ──                                                                            ▲
│ ~ META  created: 2024-01-15T10:00:00+00:00 → 2024-06-15T10:00:00+00:00                           █
│ ~ META  doc_version: 1 → 2                                                                       ║
│ ~ META  primary_component_version: 1.0.0 → 2.0.0                                                 ▼
└──────────────────────────────────────────────────────────────────────────────────────────────────┘
 Components: 9→9 │ Changes: 18 │ New vulns: 2 (1 Critical) │ Similarity: 58%
                     j/k scroll │  Tab switch  / search  e export  ? help  q quit
