---
source: src/tui/ui/render_snapshot_tests.rs
expression: text
---
sbom-tools  DIFF  │ acme-webapp@1.0.0 ⟷ acme-webapp@2.0.0

« [3] Dependencies  │ [4] Licenses  │ [5] Vulnerabilities  │ [6] Quality  │ [7] Compliance  │ [8] SxS  │ [9] Source

────────────────────────────────────────────────────────────────────────────────────────────────────────────────────────
Filter:  All   [s] Sort: Severity  │  C  +1  H  -1  M  -1  L  0 │ + 2  - 3  = 0
View:  List   │  [f] filter  [s] sort  [g] group
────────────────────────────────────────────────────────────────────────────────────────────────────────────────────────
┌ Vulnerabilities ───────────────────────────────────────────────┐┌ Vulnerability Details ─────────────────────────────┐
│  Status       Sev ID       CVSS  SLA        Component          ││C  Critical  9.8                                    │
│▶  + NEW        C  TRN CVE- 9.8   -          axios              ││CVE-2023-45857 [NVD]                                │
│   + NEW        H  TRN CVE- 8.1   -          express            ││+ Introduced  axios                                 │
│   - FIXED      H  TRN CVE- 7.5   -          express            ││                                                    │
│   - FIXED      H  DIR CVE- 7.2   -          lodash             ││Affects: 1.4.0                                      │
│   - FIXED      M  TRN CVE- 5.3   -          express            ││                                                    │
│                                                                ││Axios SSRF vulnerability allowing server-side       │
│                                                                ││request forgery                                     │
│                                                                ││                                                    │
│                                                                ││[o] open CVE  [Enter] go to component               │
│                                                                ││                                                    │
│                                                                ││                                                    │
│                                                                ││                                                    │
│                                                                ││                                                    │
│                                                                ││                                                    │
│                                                                ││                                                    │
│                                                                ││                                                    │
│                                                                ││                                                    │
│                                                                ││                                                    │
│                                                                ││                                                    │
│                                                                ││                                                    │
│                                                                ││                                                    │
│                                                                ││                                                    │
│                                                                ││                                                    │
│                                                                ││                                                    │
│                                                                ││                                                    │
│                                                                ││                                                    │
│                                                                ││                                                    │
└────────────────────────────────────────────────────────────────┘└────────────────────────────────────────────────────┘
 Components: 9→9 │ Changes: 18 │ New vulns: 2 (1 Critical) │ Similarity: 58%
           f filter  s sort  g group │  Tab switch  / search  e export  ? help  q quit [y] copy CVE-2023-45857
