---
source: src/tui/ui/render_snapshot_tests.rs
expression: text
---
sbom-tools  DIFF  │ acme-webapp@1.0.0 ⟷ acme-webapp@2.0.0

« [5] Vulnerabilities  │ [6] Quality  │ [7] Compliance  │ [8] SxS  │ [9] Source

────────────────────────────────────────────────────────────────────────────────
┌ Quality: 51/100 (F) → 51/100 (F)  unchanged ─────────────────────────────────┐
│ Old: ███████████████████████████████░░░░░░░░░░░░░░░░░░░░░░░░░░░░░░░  51%  Old│
│──────────────────────────────────────────────────────────────────────────────│
│ New: ███████████████████████████████░░░░░░░░░░░░░░░░░░░░░░░░░░░░░░░  51%  New│
└──────────────────────────────────────────────────────────────────────────────┘
┌ Category Scores ─────────────────────────────────────────────────────────────┐
│                                       Old   New  Delta Weight                │
│ … +7 more (enlarge terminal)                                                 │
└──────────────────────────────────────────────────────────────────────────────┘
┌ Quality Analysis ────────────────────────────────────────────────────────────┐
│ → Quality score unchanged                                                    ▲
│ Improved: Dependencies                                                       █
│                                                                              █
│                                                                              ║
│ Top Actions to Improve Score:                                                ║
│▶ [P1] Fix 1 compliance error(s) to meet Standard requirements (+20pts)  Compl▼
└──────────────────────────────────────────────────────────────────────────────┘
 Components: 9→9 │ Changes: 18 │ New vulns: 2 (1 Critical) │ Similarity: 58%
             v view │  Tab switch  / search  e export  ? help  q quit
