---
source: src/tui/ui/render_snapshot_tests.rs
expression: text
---
sbom-tools  DIFF  │ acme-webapp@1.0.0 ⟷ acme-webapp@2.0.0

« [6] Quality  │ [7] Compliance  │ [8] Diff  │ [9] Source

────────────────────────────────────────────────────────────────────────────────
 Compliance Standards (←/→)
 ✓ Min  │  ✗ Std  │  ✗ NTIA  │  ✗ CRA-1  │  ✗ CRA-2  │  ✗ FDA  │  ✗ SSDF  │  ✗ E
────────────────────────────────────────────────────────────────────────────────
┌ EU CRA Phase 1 (2027): FAIL 54% → FAIL 54%  unchanged ───────────────────────┐
└──────────────────────────────────────────────────────────────────────────────┘
┌ Compliance Diff Overview ────────────────────────────────────────────────────┐
│                                                                              │
│  Violation Diff:                                                             │
│                                                                              │
│      + 12 new violations introduced                                          │
│      - 12 violations resolved                                                │
│      = 31 violations persistent                                              │
│                                                                              │
│    Error count:  3 → 3  (0)                                                  │
└──────────────────────────────────────────────────────────────────────────────┘
f filter [All]  g group [flat]  ←/→ switch standard  v cycle view [Overview]  j/

 Components: 15 │ Vulns: 0 │ Score: 53.5
    …  ←→ standard  v view │  Tab switch  / search  e export  ? help  q quit
