---
source: src/tui/ui/render_snapshot_tests.rs
expression: text
---
sbom-tools  DIFF  │ acme-webapp@1.0.0 ⟷ acme-webapp@2.0.0

« [2] Components  │ [3] Dependencies  │ [4] Licenses  │ [5] Vulnerabilities  »

────────────────────────────────────────────────────────────────────────────────
Filter:  All   Sort: Name  │  [f] filter  [s] sort  [Q] quick filters  [v] multi

────────────────────────────────────────────────────────────────────────────────
┌ Components (13) ─────────────────────────┐┌ Component Details ───────────────┐
│      Name             Old Ver   New Ver  ▲│~ MODIFIED   Change Weight: 7     │
│▶  ~  acme-webapp      1.0.0     2.0.0    █│                                  │
│   ~  axios            0.21.1    1.4.0    █│Name: acme-webapp                 │
│   +  dayjs            —         1.11.7   █│ID: acme-webapp                   │
│   ~  express          4.17.1    4.18.2   █│Version: 1.0.0 → 2.0.0            │
│   -  jquery           3.5.1     —        █│                                  │
│   ~  lodash           4.17.20   4.17.21  ║│━━━ Match ━━━                     │
│   -  moment           2.29.1    —        ║│Score: 1.00 via NameIdentity      │
│   +  prisma           —         4.15.0   ║│CI: 0.97–1.00 (95%)               │
│   ~  react            17.0.1    18.2.0   ║│Reason: Identical component nam...│
│   -  request          2.88.2    —        ║│Normalized: case_insensitive_name │
│   +  typescript       —         5.0.4    ▼│                                  │
└──────────────────────────────────────────┘└──────────────────────────────────┘
 Components: 9→9 │ Changes: 18 │ New vulns: 2 (1 Critical) │ Similarity: 58%
     …  Tab switch  / search  e export  ? help  q quit [y] copy acme-webapp
