---
source: src/tui/ui/render_snapshot_tests.rs
expression: text
---
sbom-tools  DIFF  │ acme-webapp@1.0.0 ⟷ acme-webapp@2.0.0

[1] S┌──────────────────── Keyboard Shortcuts (Diff) ─────────────────────┐
     │This Tab — Summary                                                  │
─────│                                                                    │─────
┌ Sum│j/k  scroll                                                         │────┐
│ Cri│Home/End  Jump to start/end                                         │    │
│Comp│                                                                    │    │
└────│Global                                                              │────┘
┌ All│                                                                    │────┐
│── M│q  Quit application                                                 │    ▲
│ ~ M│?  Toggle help                                                      │    █
│ ~ M│e  Export dialog                                                    │    █
│ ~ M│l  Color legend                                                     │    █
│ ⚠ C│T  Toggle theme                                                     │er..║
│ ~ a│/  Search                                                           │    ║
│ ~ a│K  Keyboard shortcuts                                               │    ║
│ ~ r│D  Component deep dive                                              │    ║
│ ⚠ H│y/Ctrl+C  Copy selected to clipboard                                │    ║
│ - j│Shift+drag  Select text with mouse                                  │    ║
│ - m│b/Backspace  Navigate back                                          │    ▼
└────└───────────────────────────────────────── ↓ 29 more — ↑↓/j/k scroll ┘────┘
 Components: 9→9 │ Changes: 18 │ New vulns: 2 (1 Critical) │ Similarity: 58%
           j/k scroll │  Tab switch  / search  e export  ? help  q quit
