---
source: src/tui/ui/render_snapshot_tests.rs
expression: text
---
sbom-tools  DIFF  │ acme-webapp@1.0.0 ⟷ acme-webapp@2.0.0

« [3] Dependencies  │ [4] Licenses  │ [5] Vulnerabilities  │ [6] Quality  »

────────────────────────────────────────────────────────────────────────────────
Transitive  Highlight  Cycles  │  Depth:5  Roots:50  Sort:Name
────────────────────────────────────────────────────────────────────────────────
┌ Dependency Tree ────────────────────────────┐ ┌ Details ─────────────────────┐
│Changes: +1 added, -1 removed                │ │Node Details                  │
│                                             │ │                              │
│├─▶ prisma@4.15.0 (+1) D0                    │ │Select a dependency node to   │
│└─▶ request@2.88.2 (-1) D0                   │ │view details                  │
│                                             │ │                              │
│                                             │ │                              │
│                                             │ │                              │
│                                             │ │                              │
│                                             │ │                              │
│                                             │ │                              │
│                                             │ │                              │
│                                             │ │                              │
│                                             │ │                              │
└─────────────────────────────────────────────┘ └──────────────────────────────┘
 Components: 9→9 │ Changes: 18 │ New vulns: 2 (1 Critical) │ Similarity: 58%
   …  f filter  t transitive │  Tab switch  / search  e export  ? help  q quit
