---
source: src/tui/ui/render_snapshot_tests.rs
expression: text
---
┌──────────────────────────────────────────────────────────────────────────────┐
│ Timeline: v1 → v3 (3 versions)  │ Sort: Chronological ↑ │ Filter: All        │
└──────────────────────────────────────────────────────────────────────────────┘
┌ Components Evolution (1-3/3) [m: metric, +/-: zoom, h/l: scroll] ────────────┐
│▃▃▃9▃▃▃┌ Version Diff: v1 ↔ v3 ───────────────────────────────────────┐       │
└───────│Comparing: v1 → v3  (chronological order)                     │───────┘
┌ Versio│                                                              │, Enter┐
│#    Ve│Components: 9 vs 3                                            │atus   │
│       │                                                              │       │
│1.   v1│Changes:                                                      │ded    │
│2.   v2│+ Added: 3                                                    │ded    │
│3.   v3│- Removed: 9                                                  │ded    │
│       │~ Modified: 0                                                 │ded    │
│       │                                                              │ded    │
│       │Added Components:                                             │ded    │
│       │+ bsi-aibom-complete-app                                      │ded    │
│       │+ sentiment-classifier                                        │ded    │
│       │+ product-reviews-1M                                          │ded    │
│       │                                                              │ded    │
│       └──────────────────────────────────────────────────────────────┘ded    │
└──────────────────────────────┘└──────────────────────────────────────────────┘
┌──────────────────────────────────────────────────────────────────────────────┐
│Added: 7  Removed: 13  │  …  Tab panel  / search  V views  K keys  q quit     │
└──────────────────────────────────────────────────────────────────────────────┘
