---
source: src/tui/ui/render_snapshot_tests.rs
expression: text
---
sbom-tools  DIFF  │ acme-webapp@1.0.0 ⟷ acme-webapp@2.0.0

« [3] Dependencies  │ [4] Licenses  │ [5] Vulnerabilities  │ [6] Quality  │ [7] Compliance  │ [8] SxS  │ [9] Source

────────────────────────────────────────────────────────────────────────────────────────────────────────────────────────
┌ Old SBOM [sync] -4 ~7 [Tree] (135 nodes) 'v':Raw ────────┐┌ New SBOM [sync] +4 ~7 [Tree] (126 nodes) 'v':Raw ────────┐
│[▴░░░░██░█░█░░█░█░██░░░░░░░░░░░░░░░█░█░░█░░░] 11 changes  ││[▴░░░░██░░░░░██░░░░█░█░█░█░░░░░░░░░█░█░░█░░░] 11 changes  │
│root                                                      ││root                                                      │
│ > ▼ root: {} (7 keys)                                    ││ > ▼ root: {} (7 keys)                                    │
│   ├─ bomFormat: "CycloneDX"                              ││   ├─ bomFormat: "CycloneDX"                              │
│   ├─ ▼ components: [] (8 items)                          ││   ├─ ▼ components: [] (8 items)                          │
│~  │  ├─ ▶ [0]: lodash 4.17.20 → 4.17.21 (library)        ││~  │  ├─ ▶ [0]: lodash 4.17.20 → 4.17.21 (library)        │
│~  │  ├─ ▶ [1]: express 4.17.1 → 4.18.2 (library)         ││~  │  ├─ ▶ [1]: express 4.17.1 → 4.18.2 (library)         │
│-  │  ├─ ▶ [2]: moment@2.29.1 (library)                   ││      ·····                                               │
│-  │  ├─ ▶ [3]: request@2.88.2 (library)                  ││      ·····                                               │
│      ·····                                               ││+  │  ├─ ▶ [2]: dayjs@1.11.7 (library)                    │
│~  │  ├─ ▶ [4]: axios 0.21.1 → 1.4.0 (library)            ││~  │  ├─ ▶ [3]: axios 0.21.1 → 1.4.0 (library)            │
│-  │  ├─ ▶ [5]: underscore@1.12.0 (library)               ││      ·····                                               │
│-  │  ├─ ▶ [6]: jquery@3.5.1 (library)                    ││      ·····                                               │
│~  │  └─ ▶ [7]: react 17.0.1 → 18.2.0 (library)           ││~  │  ├─ ▶ [4]: react 17.0.1 → 18.2.0 (library)           │
│      ·····                                               ││+  │  ├─ ▶ [5]: typescript@5.0.4 (library)                │
│      ·····                                               ││+  │  ├─ ▶ [6]: zod@3.21.4 (library)                      │
│      ·····                                               ││+  │  └─ ▶ [7]: prisma@4.15.0 (library)                   │
│   ├─ ▶ dependencies: [] (4 items)                        ││   ├─ ▶ dependencies: [] (5 items)                        │
│   ├─ ▼ metadata: {} (2 keys)                             ││   ├─ ▼ metadata: {} (2 keys)                             │
│   │  ├─ ▼ component: {} (3 keys)                         ││   │  ├─ ▼ component: {} (3 keys)                         │
│   │  │  ├─ name: "acme-webapp"                           ││   │  │  ├─ name: "acme-webapp"                           │
│   │  │  ├─ type: "application"                           ││   │  │  ├─ type: "application"                           │
│~  │  │  └─ version: "1.0.0"                              ││~  │  │  └─ version: "2.0.0"                              │
│~  │  └─ timestamp: "2024-01-15T10:00:00Z"                ││~  │  └─ timestamp: "2024-06-15T10:00:00Z"                │
│   ├─ specVersion: "1.5"                                  ││   ├─ specVersion: "1.5"                                  │
│~  ├─ version: 1                                          ││~  ├─ version: 2                                          │
│   └─ ▶ vulnerabilities: [] (3 items)                     ││   └─ ▶ vulnerabilities: [] (2 items)                     │
│                                                          ││                                                          │
│                                                          ││                                                          │
│                                                          ││                                                          │
│                                                          ││                                                          │
└──────────────────────────────────────────── Ln 1/25 (4%) ┘└──────────────────────────────────────────── Ln 1/25 (4%) ┘
 Components: 9→9 │ Changes: 18 │ New vulns: 2 (1 Critical) │ Similarity: 58%
     …  u collapse  a align  z fold  m mark  w panel │  Tab switch  / search  e export  ? help  q quit [y] copy root
