---
source: src/tui/ui/render_snapshot_tests.rs
expression: text
---
sbom-tools  DIFF  │ acme-webapp@1.0.0 ⟷ acme-webapp@2.0.0

[1] Summary  │ [2] Components  │ [3] Dependencies  │ [4] Licenses  »

────────────────────────────────────────────────────────────────────────────────
┌──────────────────────────────────────────────────────────────────────────────┐
│                                                                              │
│                                      📊                                       │
│                                                                              │
│                          No graph changes available                          │
│                                                                              │
│              Graph diff analysis not included in this comparison             │
│                                                                              │
│           Run with --graph-diff flag to enable structural analysis           │
│                                                                              │
│                                                                              │
│                                                                              │
│                                                                              │
│                                                                              │
│                                                                              │
│                                                                              │
└──────────────────────────────────────────────────────────────────────────────┘
 Components: 9→9 │ Changes: 18 │ New vulns: 2 (1 Critical) │ Similarity: 58%
    ↑↓ select  PgUp/Dn page │  Tab switch  / search  e export  ? help  q quit
