---
source: src/tui/ui/render_snapshot_tests.rs
expression: text
---
sbom-tools  DIFF  │ acme-webapp@1.0.0 ⟷ acme-webapp@2.0.0

« [5] Vulnerabilities  │ [6] Quality  │ [7] Compliance  │ [8] SxS  │ [9] Source

────────────────────────────────────────────────────────────────────────────────
 Compliance Standards (←/→)
« ✗ CRA-1 │ ✗ CRA-2 │ ✗ FDA │ ✗ SSDF │ ✗ EO14028 │ ✗ CNSA2 │ ✗ PQC │ ✗ BSI »
────────────────────────────────────────────────────────────────────────────────
┌ EU CRA Phase 1 (2026): FAIL 5% → FAIL 5%  unchanged ─────────────────────────┐
└──────────────────────────────────────────────────────────────────────────────┘
┌ Compliance Diff Overview ────────────────────────────────────────────────────┐
│                                                                              │
│  Violation Diff:                                                             │
│                                                                              │
│      + 12 new violations introduced                                          │
│      - 12 violations resolved                                                │
│      = 31 violations persistent                                              │
│                                                                              │
│    Error count:  2 → 2  (0)                                                  │
└──────────────────────────────────────────────────────────────────────────────┘
f filter [All]  g group [Flat]  ←/→ switch standard  v cycle view [Overview] …

 Components: 9→9 │ Changes: 18 │ New vulns: 2 (1 Critical) │ Similarity: 58%
    …  ←→ standard  v view │  Tab switch  / search  e export  ? help  q quit
