---
source: src/tui/ui/render_snapshot_tests.rs
expression: text
---
┌──────────────────────────────────────────────────────────────────────────────┐
│ Matrix: 8×8 SBOMs (28 pairs)  │ Sort: Name ↑ │ Threshold: All │ Highlight: on│
└──────────────────────────────────────────────────────────────────────────────┘
┌ Similarity Matrix (4-8/8) [z: focus, r: row, ┐┌ Pair Details ────────────────┐
│          v4     v5     v6     v7     v8      ││Comparing:                    │
│                                              ││v1 ↔ v8                       │
│v1        58%    100%   58%    100%   58%     ││                              │
│v2        100%   52%    100%   52%    100%    ││Similarity: 57.7%             │
│v3        58%    100%   58%    100%   58%     ││                              │
│v4         -     52%    100%   52%    100%    ││v1: 9 components              │
│v5        52%     -     58%    100%   58%     ││v8: 9 components              │
│v6        100%   58%     -     52%    100%    ││                              │
│v7        52%    100%   52%     -     58%     ││Changes:                      │
│v8        100%   58%    100%   58%     -      ││+ Added: 4                    │
│                                              ││- Removed: 4                  │
│                                              ││~ Modified: 5                 │
│                                              ││                              │
└──────────────────────────────────────────────┘└──────────────────────────────┘
┌ Clustering (2 clusters) [C: details] ────────────────────────────────────────┐
│… and 2 more — C: details                                                     │
└──────────────────────────────────────────────────────────────────────────────┘
┌──────────────────────────────────────────────────────────────────────────────┐
│Pairs: 28  Avg: 75%  │  …  Tab panel  / search  V views  K keys  q quit       │
└──────────────────────────────────────────────────────────────────────────────┘
