---
source: src/tui/ui/render_snapshot_tests.rs
expression: text
---
sbom-tools  DIFF  │ acme-webapp@1.0.0 ⟷ acme-webapp@2.0.0

[1] Summary  │ [2] Components  │ [3] Dependencies  │ [4] Licenses  │ [5] Vulnerabilities  │ [6] Quality  »

────────────────────────────────────────────────────────────────────────────────────────────────────────────────────────
┌ Summary ─────────────────────────────────────────────────────────────────────────────────────────────────────────────┐
│ Critical Risk   Similarity: 58%  │  18 changes (13 comp, 2 dep, 3 meta), 3 major bumps                               │
│CycloneDX 1.5  Quality: F→F  Match: 5 high-conf, 0 low-conf                                                           │
│──────────────────────────────────────────────────────────────────────────────────────────────────────────────────────│
│ ⚠ CRITICAL  CVE-2023-45857 in axios                                                                                  │
│ ▲ MAJOR  acme-webapp 1.0.0 → 2.0.0                                                                                   │
└──────────────────────────────────────────────────────────────────────────────────────────────────────────────────────┘
┌ Components ────────────────┐┌ Dependencies ──────────────┐┌ Vulnerabilities ───────────┐┌ Licenses ──────────────────┐
│ + ADDED      4             ││ + ADDED     1              ││ ▲ NEW       2              ││ New:      0                │
│ - REMOVED    4             ││ - REMOVED   1              ││ ▼ FIXED     3              ││ Removed:  0                │
│ ~ MODIFIED   5             ││                            ││ ● PERSIST   0              ││ Changed:  0                │
│                            ││No net change               ││Critical: 1  High: 1        ││ Conflicts: 0               │
└────────────────────────────┘└────────────────────────────┘└────────────────────────────┘└────────────────────────────┘
┌ Quality Impact ──────┐┌ Matching ────────────┐┌ VEX Coverage ───────┐ ┌ Security Policy ─────────────────────────────┐
│Quality: F → F (▲ +0.1││Matched: 5 high-conf, ││VEX: 0% (0/5 covered)│ │Policy:  Enterprise   Not checked  [P] check  │
│Improvements: Dependen││Unmatched: 4 old, 4 ne││Gaps: 2 new · 0 ongoi│ │                                              │
│                      ││Avg score: 1.00  Min: ││Actionable: 5 · Δ0   │ │                                              │
└──────────────────────┘└──────────────────────┘└─────────────────────┘ └──────────────────────────────────────────────┘
┌ All Changes (18) — MAJOR:3 minor:1 patch:1 +4 -4 meta:3 [Ln 1-13/19 j/k] ────────────────────────────────────────────┐
│── Metadata Changes ──                                                                                                ▲
│ ~ META  created: 2024-01-15T10:00:00+00:00 → 2024-06-15T10:00:00+00:00                                               █
│ ~ META  doc_version: 1 → 2                                                                                           █
│ ~ META  primary_component_version: 1.0.0 → 2.0.0                                                                     █
│ ⚠ CRITICAL  CVE-2023-45857 in axios - Axios SSRF vulnerability allowing ser...                                       █
│ ~ acme-webapp 1.0.0 → 2.0.0 MAJOR                                                                                    █
│ ~ axios 0.21.1 → 1.4.0 MAJOR                                                                                         ║
│ ~ react 17.0.1 → 18.2.0 MAJOR                                                                                        ║
│ ⚠ HIGH  CVE-2023-26136 in express                                                                                    ║
│ - jquery 3.5.1                                                                                                       ║
│ - moment 2.29.1                                                                                                      ║
│ - request 2.88.2                                                                                                     ║
│ - underscore 1.12.0                                                                                                  ▼
└──────────────────────────────────────────────────────────────────────────────────────────────────────────────────────┘
 Components: 9→9 │ Changes: 18 │ New vulns: 2 (1 Critical) │ Similarity: 58%
                               j/k scroll │  Tab switch  / search  e export  ? help  q quit
