---
source: src/tui/ui/render_snapshot_tests.rs
expression: text
---
┌──────────────────────────────────────────────────────────────────────────────┐
│ Timeline: v1 → v3 (3 versions)  │ Sort: Changes ↑ │ Filter: All              │
└──────────────────────────────────────────────────────────────────────────────┘
┌ Components Evolution (1-3/3) [m: metric, +/-: zoom, h/l: scroll] ────────────┐
│▃▃▃9▃▃▃ ▃▃▃9▃▃▃ ▁▁▁3▁▁▁                                                       │
└──────────────────────────────────────────────────────────────────────────────┘
┌ Versions [g: jump, d: diff] ─┐┌ Component Evolution (16/16) ─────────────────┐
│#   Version  Comps Changes CRA││Component       Version      Seen    Status   │
│                              ││                                              │
│1.  v1       9     initial ✗  ││product-review…              v3+     Added    │
│2.  v2       9     +4 -4   ✗  ││sentiment-clas… 1.0.0        v3+     Added    │
│3.  v3       3     +3 -9   ✗  ││bsi-aibom-comp… 1.0.0        v3+     Added    │
│                              ││acme-webapp     2.0.0        v1-v2   Removed  │
│                              ││axios           1.4.0        v1-v2   Removed  │
│                              ││dayjs           1.11.7       v2      Removed  │
│                              ││express         4.18.2       v1-v2   Removed  │
│                              ││jquery          3.5.1        v1      Removed  │
│                              ││lodash          4.17.21      v1-v2   Removed  │
│                              ││moment          2.29.1       v1      Removed  │
│                              ││prisma          4.15.0       v2      Removed  │
└──────────────────────────────┘└──────────────────────────────────────────────┘
┌──────────────────────────────────────────────────────────────────────────────┐
│Changes across versions: +7 -13  │  ℹ Sort: Changes ↑                         │
└──────────────────────────────────────────────────────────────────────────────┘
