---
source: src/tui/ui/render_snapshot_tests.rs
expression: text
---
sbom-tools  DIFF  │ acme-webapp@1.0.0 ⟷ acme-webapp@2.0.0

« [3] Dependencies  │ [4] Licenses  │ [5] Vulnerabilities  │ [6] Quality  │ [7] Compliance  │ [8] SxS  │ [9] Source

────────────────────────────────────────────────────────────────────────────────────────────────────────────────────────
┌ Quality: 51/100 (F) → 51/100 (F)  unchanged ─────────────────────────────────────────────────────────────────────────┐
│ Old: ███████████████████████████████████████████████████░░░░░░░░░░░░░░░░░░░░░░░░░░░░░░░░░░░░░░░░░░░░░░░░░░░  51%  Old│
│──────────────────────────────────────────────────────────────────────────────────────────────────────────────────────│
│ New: ████████████████████████████████████████████████████░░░░░░░░░░░░░░░░░░░░░░░░░░░░░░░░░░░░░░░░░░░░░░░░░░  51%  New│
└──────────────────────────────────────────────────────────────────────────────────────────────────────────────────────┘
┌ Category Scores ─────────────────────────────────────────────────────────────────────────────────────────────────────┐
│                                       Old   New  Delta Weight                                                        │
│ Identifiers    █████████████████░░░   89%   89%         ×20%                                                         │
│ Licenses       ████████████████░░░░   83%   83%         ×12%                                                         │
│ VulnDocs       ████████████░░░░░░░░   64%   64%         ×8%                                                          │
│ Completeness   ██████████░░░░░░░░░░   51%   51%         ×25%                                                         │
│ Provenance     ██░░░░░░░░░░░░░░░░░░   11%   11%         ×10%   ⚠low                                                  │
│ Dependencies   █░░░░░░░░░░░░░░░░░░░    6%    7%   ▲+1   ×10%   ⚠low                                                  │
│ Hashes         ░░░░░░░░░░░░░░░░░░░░    0%    0%         ×8%    ✗                                                     │
│                                                                                                                      │
│                                                                                                                      │
└──────────────────────────────────────────────────────────────────────────────────────────────────────────────────────┘
┌ Quality Analysis ────────────────────────────────────────────────────────────────────────────────────────────────────┐
│ → Quality score unchanged                                                                                            │
│ Improved: Dependencies                                                                                               │
│                                                                                                                      │
│                                                                                                                      │
│ Top Actions to Improve Score:                                                                                        │
│▶ [P1] Fix 1 compliance error(s) to meet Standard requirements (+20pts)  Compliance                                   │
│  [P2] Add SBOM creation tool information (+8pts)  Provenance                                                         │
│  [P2] Add PURL or CPE identifiers to components (+2pts)  Identifiers                                                 │
│  [P3] Add VCS (source repository) URLs to components (+5pts)  Provenance                                             │
│                                                                                                                      │
│                                                                                                                      │
│                                                                                                                      │
│                                                                                                                      │
│                                                                                                                      │
└──────────────────────────────────────────────────────────────────────────────────────────────────────────────────────┘
 Components: 9→9 │ Changes: 18 │ New vulns: 2 (1 Critical) │ Similarity: 58%
             v view │  Tab switch  / search  e export  ? help  q quit [y] copy Fix 1 compliance error(s) t...
