---
source: src/tui/ui/render_snapshot_tests.rs
expression: text
---
sbom-tools  DIFF  │ acme-webapp@1.0.0 ⟷ acme-webapp@2.0.0

« [2] Components  │ [3] Dependencies  │ [4] Licenses  │ [5] Vulnerabilities  »

────────────────────────────────────────────────────────────────────────────────
Filter:  All   Sort: Name  │  [f] filter  [s] sort  [1/2/3/4/5/6/7/8] quick  [v]

────────────────────────────────────────────────────────────────────────────────
┌ Components (13) ─────────────────────────┐┌ Component Details ───────────────┐
│               Name             Ol Ne E Ch▲│~ MODIFIED   Change Weight: 7     │
│▶  ~ MODIFIED  acme-webapp      1. 2. - 1 █│                                  │
│   ~ MODIFIED  axios            0. 1. n 1 █│Name: acme-webapp                 │
│   + ADDED     dayjs            —  1. n - █│ID: acme-webapp                   │
│   ~ MODIFIED  express          4. 4. n 1 █│Version: 1.0.0 → 2.0.0            │
│   - REMOVED   jquery           3. —  n - █│                                  │
│   ~ MODIFIED  lodash           4. 4. n 1 ║│━━━ Match ━━━                     │
│ ┌ Search ──────────────────────────────────────────────────────────────────┐ │
│ │/ [substring] ax│  (1 results)                                            │ │
│ │                                                                          │.│
│ │▶ [modified] axios @ 1.4.0                                                │ │
│ │                                                                          │ │
└─│[↑↓] navigate [Enter] select [Esc] close [^R] regex                       │─┘
 C└──────────────────────────────────────────────────────────────────────────┘
     …  Tab switch  / search  e export  ? help  q quit [y] copy acme-webapp
