---
source: src/tui/ui/render_snapshot_tests.rs
expression: text
---
sbom-tools  DIFF  │ acme-webapp@1.0.0 ⟷ acme-webapp@2.0.0

« [2] Components  │ [3] Dependencies  │ [4] Licenses  │ [5] Vulnerabilities  │ [6] Quality  │ [7] Compliance  »

────────────────────────────────────────────────────────────────────────────────────────────────────────────────────────
Filter:  All   Sort: Name┌──────────────────── Keyboard Shortcuts (Diff) ─────────────────────┐
                         │This Tab — Components                                               │
─────────────────────────│                                                                    │─────────────────────────
┌ Components (13) ───────│f  filter                                                           │────────────────────────┐
│               Name     │s  sort                                                             │7                       │
│▶  ~ MODIFIED  acme-weba│F  flag                                                             │                        │
│   ~ MODIFIED  axios    │o  CVE                                                              │                        │
│   + ADDED     dayjs    │n  note                                                             │                        │
│   ~ MODIFIED  express  │j/k  Navigate                                                       │                        │
│   - REMOVED   jquery   │Enter  Component deep dive                                          │                        │
│   ~ MODIFIED  lodash   │d  Dependencies                                                     │                        │
│   - REMOVED   moment   │v  Multi-select                                                     │                        │
│   + ADDED     prisma   │Q  Quick filters                                                    │                        │
│   ~ MODIFIED  react    │y  Copy                                                             │names: 'acme-webapp'    │
│   - REMOVED   request  │                                                                    │_name                   │
│   + ADDED     typescrip│Global                                                              │                        │
│   - REMOVED   underscor│                                                                    │                        │
│   + ADDED     zod      │q  Quit application                                                 │                        │
│                        │?  Toggle help                                                      │dents)                  │
│                        │e  Export dialog                                                    │                        │
│                        │l  Color legend                                                     │                        │
│                        │T  Toggle theme                                                     │                        │
│                        │K  Keyboard shortcuts                                               │                        │
│                        │D  Component deep dive                                              │                        │
│                        │Ctrl+C  Copy selected to clipboard                                  │                        │
│                        │Shift+drag  Select text with mouse                                  │                        │
│                        │b/Backspace  Navigate back                                          │                        │
│                        │                                                                    │                        │
│                        │Navigation                                                          │                        │
│                        └───────────────────────────────────────── ↓ 17 more — ↑↓/j/k scroll ┘                        │
│                                                                ││                                                    │
│                                                                ││                                                    │
└────────────────────────────────────────────────────────────────┘└────────────────────────────────────────────────────┘
 Components: 9→9 │ Changes: 18 │ New vulns: 2 (1 Critical) │ Similarity: 58%
      f filter  s sort  F flag  o CVE  n note │  Tab switch  / search  e export  ? help  q quit [y] copy acme-webapp
