---
source: src/tui/ui/render_snapshot_tests.rs
expression: text
---
sbom-tools  DIFF  │ acme-webapp@1.0.0 ⟷ acme-webapp@2.0.0

« [3] Dependencies  │ [4] Licenses  │ [5] Vulnerabilities  │ [6] Quality  │ [7] Compliance  │ [8] Diff  │ [9] Source

────────────────────────────────────────────────────────────────────────────────────────────────────────────────────────
Mode: Aligned │ Focus:  ◄ Old │ New  │ Sync: Independent │ Change: -/13 │ [a]lign [/]search [n/N]ext/prev

┌ acme-webapp (Old) ──────────────────────────────────────┐ ┬┌ acme-webapp (New) ──────────────────────────────────────┐
│- jquery 3.5.1                                           │ ◄│  ...                                                    │
│- moment 2.29.1                                          │ ◄│  ...                                                    │
│- request 2.88.2                                         │ ◄│  ...                                                    │
│- underscore 1.12.0                                      │ ◄│  ...                                                    │
│~ acme-webapp 1.0.0                                      │ ◆│~ acme-webapp 2.0.0                                      │
│~ axios 0.21.1                                           │ ◆│~ axios 1.4.0                                            │
│~ express 4.17.1                                         │ ◆│~ express 4.18.2                                         │
│~ lodash 4.17.20                                         │ ◆│~ lodash 4.17.21                                         │
│~ react 17.0.1                                           │ ◆│~ react 18.2.0                                           │
│  ...                                                    │ ►│+ dayjs 1.11.7                                           │
│  ...                                                    │ ►│+ typescript 5.0.4                                       │
│  ...                                                    │ ►│+ zod 3.21.4                                             │
│  ...                                                    │ ►│+ prisma 4.15.0                                          │
│                                                         │ ││                                                         │
│                                                         │ ││                                                         │
│                                                         │ ││                                                         │
│                                                         │ ││                                                         │
│                                                         │ ││                                                         │
│                                                         │ ││                                                         │
│                                                         │ ││                                                         │
│                                                         │ ││                                                         │
│                                                         │ ││                                                         │
│                                                         │ ││                                                         │
│                                                         │ ││                                                         │
│                                                         │ ││                                                         │
│                                                         │ ││                                                         │
│                                                         │ ││                                                         │
│                                                         │ ││                                                         │
│                                                         │ ││                                                         │
└─────────────────────────────────────────────────────────┘ ┴└─────────────────────────────────────────────────────────┘
 Components: 15 │ Vulns: 0 │ Score: 53.5
          ←→/p panel  J/K scroll both │  Tab switch  / search  e export  ? help  q quit [y] copy - jquery 3.5.1
