---
source: src/tui/ui/render_snapshot_tests.rs
expression: text
---
sbom-tools  DIFF  │ acme-webapp@1.0.0 ⟷ acme-webapp@2.0.0

« [3] Dependencies  │ [4] Licenses  │ [5] Vulnerabilities  │ [6] Quality  │ [7] Compliance  │ [8] Diff  │ [9] Source

────────────────────────────────────────────────────────────────────────────────────────────────────────────────────────
Transitive  Highlight  Cycles  │  Depth:5  Roots:50  Sort:Name
────────────────────────────────────────────────────────────────────────────────────────────────────────────────────────
┌ Dependency Tree ────────────────────────────────────────────────────┐▲┌ Details ─────────────────────────────────────┐
│Changes: +0 added, -0 removed                                        │█│Node Details                                  │
│                                                                     │█│                                              │
│No dependency changes detected                                       │█│Select a dependency node to view details      │
│                                                                     │█│                                              │
│                                                                     │█│                                              │
│                                                                     │█│                                              │
│                                                                     │█│                                              │
│                                                                     │█│                                              │
│                                                                     │█│                                              │
│                                                                     │█│                                              │
│                                                                     │█│                                              │
│                                                                     │█│                                              │
│                                                                     │█│                                              │
│                                                                     │█│                                              │
│                                                                     │█│                                              │
│                                                                     │█│                                              │
│                                                                     │█│                                              │
│                                                                     │█│                                              │
│                                                                     │█│                                              │
│                                                                     │█│                                              │
│                                                                     │█│                                              │
│                                                                     │█│                                              │
│                                                                     │█│                                              │
│                                                                     │█│                                              │
│                                                                     │█│                                              │
│                                                                     │█│                                              │
│                                                                     │█│                                              │
│                                                                     │║│                                              │
│                                                                     │║│                                              │
└─────────────────────────────────────────────────────────────────────┘▼└──────────────────────────────────────────────┘
 Components: 15 │ Vulns: 0 │ Score: 53.5
     f filter  t transitive  h highlight  Enter expand  c component │  Tab switch  / search  e export  ? help  q quit
