---
source: src/tui/ui/render_snapshot_tests.rs
expression: text
---
sbom-tools  DIFF  │ acme-webapp@1.0.0 ⟷ acme-webapp@2.0.0

« [4] Licenses  │ [5] Vulnerabilities  │ [6] Quality  │ [7] Compliance  »

────────────────────────────────────────────────────────────────────────────────
Group:  License   Sort: License │ Risk:  All  │ Compat:  Off  │ Focus:  New  …

────────────────────────────────────────────────────────────────────────────────
┌──────────────────────────────────────────────────────────────────────────────┐
│                                                                              │
│                                       ✓                                      │
│                                                                              │
│                          No license changes detected                         │
│                                                                              │
│                All licenses remain the same between both SBOMs               │
│                                                                              │
│                                                                              │
│                                                                              │
│                                                                              │
│                                                                              │
│                                                                              │
└──────────────────────────────────────────────────────────────────────────────┘
 Components: 9→9 │ Changes: 18 │ New vulns: 2 (1 Critical) │ Similarity: 58%
  …  g group  s sort  r risk │  Tab switch  / search  e export  ? help  q quit
