---
source: src/tui/ui/render_snapshot_tests.rs
expression: text
---
sbom-tools  DIFF  │ acme-webapp@1.0.0 ⟷ acme-webapp@2.0.0

« [4] Licenses  │ [5] Vulnerabilities  │ [6] Quality  │ [7] Compliance  »

────────────────────────────────────────────────────────────────────────────────
Group:  License   Sort: License  │  Risk:  All   │  Compat:  Off   │  Focus:  Ne

────────────────────────────────────────────────────────────────────────────────
┌──────────────────────────────────────────────────────────────────────────────┐
│                                                                              │
│                                       ✓                                      │
│                                                                              │
│                          No license changes detected                         │
│                                                                              │
│                All licenses remain the same between both SBOMs               │
│                                                                              │
│                                                                              │
│                                                                              │
│                                                                              │
│                                                                              │
│                                                                              │
└──────────────────────────────────────────────────────────────────────────────┘
 Components: 15 │ Vulns: 0 │ Score: 53.5
  …  g group  s sort  r risk │  Tab switch  / search  e export  ? help  q quit
