---
source: src/tui/ui/render_snapshot_tests.rs
expression: text
---
┌──────────────────────────────────────────────────────────────────────────────┐
│ Matrix: 3×3 SBOMs (3 pairs)  │ Sort: Avg Similarity ↑ │ Threshold: All │ High│
└──────────────────────────────────────────────────────────────────────────────┘
┌ Similarity Matrix [z: focus, r: row, c: col, ┐┌ Pair Details ────────────────┐
│          gamma  beta   alpha                 ││Comparing:                    │
│                                              ││gamma ↔ beta                  │
│gamma      -     22%    30%                   ││                              │
│beta      22%     -     58%                   ││Similarity: 21.8%             │
│alpha     30%    58%     -                    ││                              │
│                                              ││gamma: 3 components           │
│                                              ││beta: 9 components            │
│                                              ││                              │
│                                              ││Changes:                      │
│                                              ││+ Added: 3                    │
│                                              ││- Removed: 9                  │
│                                              ││~ Modified: 0                 │
│                                              ││                              │
└──────────────────────────────────────────────┘└──────────────────────────────┘
┌ Clustering (1 cluster) [C: details] ─────────────────────────────────────────┐
│… and 2 more — C: details                                                     │
└──────────────────────────────────────────────────────────────────────────────┘
┌──────────────────────────────────────────────────────────────────────────────┐
│Pairs: 3  Avg: 37%  │  ℹ Sort: Avg Similarity ↑                               │
└──────────────────────────────────────────────────────────────────────────────┘
